Component: ARM Compiler 5.06 update 4 (build 422) Tool: armlink [4d35d2]

==============================================================================

Section Cross References

    usart_v1.o(i.USART1_IRQHandler) refers to stm32f0xx_usart.o(i.USART_GetITStatus) for USART_GetITStatus
    usart_v1.o(i.USART1_IRQHandler) refers to stm32f0xx_usart.o(i.USART_ReceiveData) for USART_ReceiveData
    usart_v1.o(i.USART1_IRQHandler) refers to usart_v1.o(.data) for USART_RX_STA
    usart_v1.o(i.USART1_IRQHandler) refers to usart_v1.o(.bss) for USART_RX_BUF
    usart_v1.o(i.USART_Config) refers to stm32f0xx_rcc.o(i.RCC_AHBPeriphClockCmd) for RCC_AHBPeriphClockCmd
    usart_v1.o(i.USART_Config) refers to stm32f0xx_rcc.o(i.RCC_APB2PeriphClockCmd) for RCC_APB2PeriphClockCmd
    usart_v1.o(i.USART_Config) refers to stm32f0xx_gpio.o(i.GPIO_PinAFConfig) for GPIO_PinAFConfig
    usart_v1.o(i.USART_Config) refers to stm32f0xx_gpio.o(i.GPIO_Init) for GPIO_Init
    usart_v1.o(i.USART_Config) refers to stm32f0xx_usart.o(i.USART_Init) for USART_Init
    usart_v1.o(i.USART_Config) refers to stm32f0xx_usart.o(i.USART_ClearFlag) for USART_ClearFlag
    usart_v1.o(i.USART_Config) refers to stm32f0xx_usart.o(i.USART_ITConfig) for USART_ITConfig
    usart_v1.o(i.USART_Config) refers to stm32f0xx_usart.o(i.USART_Cmd) for USART_Cmd
    usart_v1.o(i.USART_Config) refers to stm32f0xx_misc.o(i.NVIC_Init) for NVIC_Init
    usart_v1.o(i.fputc) refers to stm32f0xx_usart.o(i.USART_GetFlagStatus) for USART_GetFlagStatus
    usart_v1.o(i.fputc) refers to stm32f0xx_usart.o(i.USART_SendData) for USART_SendData
    usart_v1.o(i.usart_trans) refers to usart_v1.o(i.fputc) for fputc
    spi_v1.o(i.set_spi_high) refers to stm32f0xx_spi.o(i.SPI_Cmd) for SPI_Cmd
    spi_v1.o(i.set_spi_high) refers to stm32f0xx_spi.o(i.SPI_Init) for SPI_Init
    spi_v1.o(i.spi_init) refers to stm32f0xx_rcc.o(i.RCC_AHBPeriphClockCmd) for RCC_AHBPeriphClockCmd
    spi_v1.o(i.spi_init) refers to stm32f0xx_rcc.o(i.RCC_APB1PeriphClockCmd) for RCC_APB1PeriphClockCmd
    spi_v1.o(i.spi_init) refers to stm32f0xx_gpio.o(i.GPIO_PinAFConfig) for GPIO_PinAFConfig
    spi_v1.o(i.spi_init) refers to stm32f0xx_gpio.o(i.GPIO_Init) for GPIO_Init
    spi_v1.o(i.spi_init) refers to stm32f0xx_spi.o(i.SPI_Init) for SPI_Init
    spi_v1.o(i.spi_init) refers to stm32f0xx_spi.o(i.SPI_RxFIFOThresholdConfig) for SPI_RxFIFOThresholdConfig
    spi_v1.o(i.spi_init) refers to stm32f0xx_spi.o(i.SPI_Cmd) for SPI_Cmd
    spi_v1.o(i.spi_init) refers to stm32f0xx_gpio.o(i.GPIO_SetBits) for GPIO_SetBits
    exti_v1.o(i.EXTI4_15_IRQHandler) refers to stm32f0xx_exti.o(i.EXTI_GetITStatus) for EXTI_GetITStatus
    exti_v1.o(i.EXTI4_15_IRQHandler) refers to stm32f0xx_gpio.o(i.GPIO_ReadInputDataBit) for GPIO_ReadInputDataBit
    exti_v1.o(i.EXTI4_15_IRQHandler) refers to stm32f0xx_exti.o(i.EXTI_ClearITPendingBit) for EXTI_ClearITPendingBit
    exti_v1.o(i.EXTI4_15_IRQHandler) refers to rf24l01.o(i.NRF24L01_RxPacket) for NRF24L01_RxPacket
    exti_v1.o(i.EXTI4_15_IRQHandler) refers to idiv.o(.text) for __aeabi_idivmod
    exti_v1.o(i.EXTI4_15_IRQHandler) refers to exti_v1.o(.data) for port_deca_isr
    exti_v1.o(i.EXTI4_15_IRQHandler) refers to rf24l01.o(.data) for nrfsta
    exti_v1.o(i.EXTI4_15_IRQHandler) refers to exti_v1.o(.bss) for NrfQue
    exti_v1.o(i.EXTI4_15_IRQHandler) refers to main.o(.bss) for nrf_Rx_Buffer
    exti_v1.o(i.dw1000IRQ_init) refers to stm32f0xx_rcc.o(i.RCC_APB2PeriphClockCmd) for RCC_APB2PeriphClockCmd
    exti_v1.o(i.dw1000IRQ_init) refers to stm32f0xx_rcc.o(i.RCC_AHBPeriphClockCmd) for RCC_AHBPeriphClockCmd
    exti_v1.o(i.dw1000IRQ_init) refers to stm32f0xx_gpio.o(i.GPIO_Init) for GPIO_Init
    exti_v1.o(i.dw1000IRQ_init) refers to stm32f0xx_syscfg.o(i.SYSCFG_EXTILineConfig) for SYSCFG_EXTILineConfig
    exti_v1.o(i.dw1000IRQ_init) refers to stm32f0xx_exti.o(i.EXTI_Init) for EXTI_Init
    exti_v1.o(i.dw1000IRQ_init) refers to stm32f0xx_misc.o(i.NVIC_Init) for NVIC_Init
    exti_v1.o(i.nrf24l01_init) refers to stm32f0xx_rcc.o(i.RCC_APB2PeriphClockCmd) for RCC_APB2PeriphClockCmd
    exti_v1.o(i.nrf24l01_init) refers to stm32f0xx_rcc.o(i.RCC_AHBPeriphClockCmd) for RCC_AHBPeriphClockCmd
    exti_v1.o(i.nrf24l01_init) refers to stm32f0xx_syscfg.o(i.SYSCFG_EXTILineConfig) for SYSCFG_EXTILineConfig
    exti_v1.o(i.nrf24l01_init) refers to stm32f0xx_gpio.o(i.GPIO_Init) for GPIO_Init
    exti_v1.o(i.nrf24l01_init) refers to stm32f0xx_exti.o(i.EXTI_Init) for EXTI_Init
    exti_v1.o(i.nrf24l01_init) refers to stm32f0xx_misc.o(i.NVIC_Init) for NVIC_Init
    exti_v1.o(i.port_set_deca_isr) refers to exti_v1.o(.data) for port_deca_isr
    deca_sleep.o(i.deca_sleep) refers to delay.o(i.Delay_ms) for Delay_ms
    deca_spi.o(i.readfromspi) refers to deca_mutex.o(i.decamutexon) for decamutexon
    deca_spi.o(i.readfromspi) refers to stm32f0xx_gpio.o(i.GPIO_ResetBits) for GPIO_ResetBits
    deca_spi.o(i.readfromspi) refers to stm32f0xx_spi.o(i.SPI_SendData8) for SPI_SendData8
[...]
    HARDWARE\LED\LED.c                       0x00000000   Number         0  led.o ABSOLUTE
    HARDWARE\NRF24L01\rf24l01.c              0x00000000   Number         0  rf24l01.o ABSOLUTE
    HARDWARE\Platform_deca\Deca_user_api.c   0x00000000   Number         0  deca_user_api.o ABSOLUTE
    HARDWARE\Platform_deca\deca_callback.c   0x00000000   Number         0  deca_callback.o ABSOLUTE
    HARDWARE\Platform_deca\deca_mutex.c      0x00000000   Number         0  deca_mutex.o ABSOLUTE
    HARDWARE\Platform_deca\deca_sleep.c      0x00000000   Number         0  deca_sleep.o ABSOLUTE
    HARDWARE\Platform_deca\deca_spi.c        0x00000000   Number         0  deca_spi.o ABSOLUTE
    HARDWARE\SPI\spi_v1.c                    0x00000000   Number         0  spi_v1.o ABSOLUTE
    HARDWARE\USART\usart_v1.c                0x00000000   Number         0  usart_v1.o ABSOLUTE
    HARDWARE\\EXTI\\EXTI_v1.c                0x00000000   Number         0  exti_v1.o ABSOLUTE
    HARDWARE\\LED\\LED.c                     0x00000000   Number         0  led.o ABSOLUTE
    HARDWARE\\NRF24L01\\rf24l01.c            0x00000000   Number         0  rf24l01.o ABSOLUTE
    HARDWARE\\Platform_deca\\Deca_user_api.c 0x00000000   Number         0  deca_user_api.o ABSOLUTE
    HARDWARE\\Platform_deca\\deca_callback.c 0x00000000   Number         0  deca_callback.o ABSOLUTE
    HARDWARE\\Platform_deca\\deca_mutex.c    0x00000000   Number         0  deca_mutex.o ABSOLUTE
    HARDWARE\\Platform_deca\\deca_sleep.c    0x00000000   Number         0  deca_sleep.o ABSOLUTE
    HARDWARE\\Platform_deca\\deca_spi.c      0x00000000   Number         0  deca_spi.o ABSOLUTE
    HARDWARE\\SPI\\spi_v1.c                  0x00000000   Number         0  spi_v1.o ABSOLUTE
    HARDWARE\\USART\\usart_v1.c              0x00000000   Number         0  usart_v1.o ABSOLUTE
    HARDWARE\decadriver\deca_device.c        0x00000000   Number         0  deca_device.o ABSOLUTE
    HARDWARE\decadriver\deca_params_init.c   0x00000000   Number         0  deca_params_init.o ABSOLUTE
    SYSTEM\\stm32f0xx_it.c                   0x00000000   Number         0  stm32f0xx_it.o ABSOLUTE
    SYSTEM\\system_stm32f0xx.c               0x00000000   Number         0  system_stm32f0xx.o ABSOLUTE
    SYSTEM\startup_stm32f072.s               0x00000000   Number         0  startup_stm32f072.o ABSOLUTE
    SYSTEM\stm32f0xx_it.c                    0x00000000   Number         0  stm32f0xx_it.o ABSOLUTE
    SYSTEM\system_stm32f0xx.c                0x00000000   Number         0  system_stm32f0xx.o ABSOLUTE
    USER\Delay\delay.c                       0x00000000   Number         0  delay.o ABSOLUTE
    USER\Usmart\usmart.c                     0x00000000   Number         0  usmart.o ABSOLUTE
    USER\Usmart\usmart_config.c              0x00000000   Number         0  usmart_config.o ABSOLUTE
    USER\Usmart\usmart_str.c                 0x00000000   Number         0  usmart_str.o ABSOLUTE
    USER\\Delay\\delay.c                     0x00000000   Number         0  delay.o ABSOLUTE
    USER\\Usmart\\usmart.c                   0x00000000   Number         0  usmart.o ABSOLUTE
    USER\\Usmart\\usmart_config.c            0x00000000   Number         0  usmart_config.o ABSOLUTE
    USER\\Usmart\\usmart_str.c               0x00000000   Number         0  usmart_str.o ABSOLUTE
    USER\\main.c                             0x00000000   Number         0  main.o ABSOLUTE
    USER\\test_fun.c                         0x00000000   Number         0  test_fun.o ABSOLUTE
    USER\main.c                              0x00000000   Number         0  main.o ABSOLUTE
    USER\test_fun.c                          0x00000000   Number         0  test_fun.o ABSOLUTE
    cdrcmple.s                               0x00000000   Number         0  cdrcmple.o ABSOLUTE
    dc.s                                     0x00000000   Number         0  dc.o ABSOLUTE
    handlers.s                               0x00000000   Number         0  handlers.o ABSOLUTE
    init.s                                   0x00000000   Number         0  init.o ABSOLUTE
    RESET                                    0x08000000   Section      192  startup_stm32f072.o(RESET)
    .ARM.Collect$$$$00000000                 0x080000c0   Section        0  entry.o(.ARM.Collect$$$$00000000)
    .ARM.Collect$$$$00000001                 0x080000c0   Section        4  entry2.o(.ARM.Collect$$$$00000001)
    .ARM.Collect$$$$00000004                 0x080000c4   Section        4  entry5.o(.ARM.Collect$$$$00000004)
    .ARM.Collect$$$$00000008                 0x080000c8   Section        0  entry7b.o(.ARM.Collect$$$$00000008)
    .ARM.Collect$$$$0000000A                 0x080000c8   Section        0  entry8b.o(.ARM.Collect$$$$0000000A)
    .ARM.Collect$$$$0000000B                 0x080000c8   Section        8  entry9a.o(.ARM.Collect$$$$0000000B)
    .ARM.Collect$$$$0000000D                 0x080000d0   Section        0  entry10a.o(.ARM.Collect$$$$0000000D)
    .ARM.Collect$$$$0000000F                 0x080000d0   Section        0  entry11a.o(.ARM.Collect$$$$0000000F)
    .ARM.Collect$$$$00002712                 0x080000d0   Section        4  entry2.o(.ARM.Collect$$$$00002712)
    __lit__00000000                          0x080000d0   Data           4  entry2.o(.ARM.Collect$$$$00002712)
    .text                                    0x080000d4   Section       88  startup_stm32f072.o(.text)
    .text                                    0x0800012c   Section        0  uidiv.o(.text)
    .text                                    0x08000158   Section        0  idiv.o(.text)
    .text                                    0x08000180   Section        0  memcpya.o(.text)
    .text                                    0x080001a4   Section        0  memseta.o(.text)
    .text                                    0x080001c8   Section        0  uldiv.o(.text)
    .text                                    0x08000228   Section       36  init.o(.text)
    .text                                    0x0800024c   Section        0  llshl.o(.text)
    .text                                    0x0800026c   Section        0  llushr.o(.text)
    .text                                    0x0800028e   Section        0  __dczerorl2.o(.text)
    i.AssignTimeWindow                       0x080002e4   Section        0  main.o(i.AssignTimeWindow)
    AssignTimeWindow                         0x080002e5   Thumb Code   134  main.o(i.AssignTimeWindow)
    i.CRC_CalcCRC8bits                       0x08000384   Section        0  stm32f0xx_crc.o(i.CRC_CalcCRC8bits)
    i.CRC_DeInit                             0x08000394   Section        0  stm32f0xx_crc.o(i.CRC_DeInit)
    i.CRC_GetCRC                             0x080003b8   Section        0  stm32f0xx_crc.o(i.CRC_GetCRC)
    i.CRC_PolynomialSizeSelect               0x080003c4   Section        0  stm32f0xx_crc.o(i.CRC_PolynomialSizeSelect)
    i.CRC_ResetDR                            0x080003e4   Section        0  stm32f0xx_crc.o(i.CRC_ResetDR)
    i.CRC_SetInitRegister                    0x080003f8   Section        0  stm32f0xx_crc.o(i.CRC_SetInitRegister)
    i.CRC_SetPolynomial                      0x08000404   Section        0  stm32f0xx_crc.o(i.CRC_SetPolynomial)
    i.CRC_init                               0x08000410   Section        0  main.o(i.CRC_init)
    i.DMA1_Channel2_3_IRQHandler             0x08000434   Section        0  main.o(i.DMA1_Channel2_3_IRQHandler)
    i.DMA_ClearFlag                          0x08000464   Section        0  stm32f0xx_dma.o(i.DMA_ClearFlag)
    i.DMA_Cmd                                0x08000484   Section        0  stm32f0xx_dma.o(i.DMA_Cmd)
    i.DMA_GetFlagStatus                      0x080004a0   Section        0  stm32f0xx_dma.o(i.DMA_GetFlagStatus)
    i.DMA_ITConfig                           0x080004d4   Section        0  stm32f0xx_dma.o(i.DMA_ITConfig)
    i.DMA_Init                               0x080004e8   Section        0  stm32f0xx_dma.o(i.DMA_Init)
    i.DMA_RemapConfig                        0x08000528   Section        0  stm32f0xx_dma.o(i.DMA_RemapConfig)
    i.DMA_init                               0x0800055c   Section        0  main.o(i.DMA_init)
    i.DMA_test                               0x080005d4   Section        0  test_fun.o(i.DMA_test)
    i.DS_TwoWayRanging                       0x08000604   Section        0  main.o(i.DS_TwoWayRanging)
    DS_TwoWayRanging                         0x08000605   Thumb Code   400  main.o(i.DS_TwoWayRanging)
    i.Delay_ms                               0x080007c4   Section        0  delay.o(i.Delay_ms)
    i.EXTI4_15_IRQHandler                    0x08000810   Section        0  exti_v1.o(i.EXTI4_15_IRQHandler)
    i.EXTI_ClearITPendingBit                 0x080008d4   Section        0  stm32f0xx_exti.o(i.EXTI_ClearITPendingBit)
    i.EXTI_GetITStatus                       0x080008e0   Section        0  stm32f0xx_exti.o(i.EXTI_GetITStatus)
    i.EXTI_Init                              0x080008fc   Section        0  stm32f0xx_exti.o(i.EXTI_Init)
    i.GPIO_Init                              0x08000984   Section        0  stm32f0xx_gpio.o(i.GPIO_Init)
    i.GPIO_PinAFConfig                       0x08000a14   Section        0  stm32f0xx_gpio.o(i.GPIO_PinAFConfig)
    i.GPIO_ReadInputDataBit                  0x08000a58   Section        0  stm32f0xx_gpio.o(i.GPIO_ReadInputDataBit)
    i.GPIO_ResetBits                         0x08000a6c   Section        0  stm32f0xx_gpio.o(i.GPIO_ResetBits)
    i.GPIO_SetBits                           0x08000a70   Section        0  stm32f0xx_gpio.o(i.GPIO_SetBits)
    i.HardFault_Handler                      0x08000a74   Section        0  stm32f0xx_it.o(i.HardFault_Handler)
    i.LED_Init                               0x08000a78   Section        0  led.o(i.LED_Init)
    i.NMI_Handler                            0x08000adc   Section        0  stm32f0xx_it.o(i.NMI_Handler)
    i.NRF24L01_Check                         0x08000ae0   Section        0  rf24l01.o(i.NRF24L01_Check)
    i.NRF24L01_Read_Buf                      0x08000b40   Section        0  rf24l01.o(i.NRF24L01_Read_Buf)
    i.NRF24L01_Read_Reg                      0x08000b7c   Section        0  rf24l01.o(i.NRF24L01_Read_Reg)
    i.NRF24L01_RxPacket                      0x08000ba6   Section        0  rf24l01.o(i.NRF24L01_RxPacket)
    i.NRF24L01_Write_Buf                     0x08000be4   Section        0  rf24l01.o(i.NRF24L01_Write_Buf)
    i.NRF24L01_Write_Reg                     0x08000c20   Section        0  rf24l01.o(i.NRF24L01_Write_Reg)
    i.NVIC_Init                              0x08000c4c   Section        0  stm32f0xx_misc.o(i.NVIC_Init)
    i.NVIC_SetPriority                       0x08000cbc   Section        0  delay.o(i.NVIC_SetPriority)
    NVIC_SetPriority                         0x08000cbd   Thumb Code   110  delay.o(i.NVIC_SetPriority)
    i.PendSV_Handler                         0x08000d34   Section        0  stm32f0xx_it.o(i.PendSV_Handler)
    i.Prt_anchnum                            0x08000d38   Section        0  test_fun.o(i.Prt_anchnum)
    i.RCC_AHBPeriphClockCmd                  0x08000d5c   Section        0  stm32f0xx_rcc.o(i.RCC_AHBPeriphClockCmd)
    i.RCC_APB1PeriphClockCmd                 0x08000d7c   Section        0  stm32f0xx_rcc.o(i.RCC_APB1PeriphClockCmd)
    i.RCC_APB2PeriphClockCmd                 0x08000d9c   Section        0  stm32f0xx_rcc.o(i.RCC_APB2PeriphClockCmd)
    i.RCC_GetClocksFreq                      0x08000dbc   Section        0  stm32f0xx_rcc.o(i.RCC_GetClocksFreq)
    i.SPI_Cmd                                0x08001004   Section        0  stm32f0xx_spi.o(i.SPI_Cmd)
    i.SPI_I2S_GetFlagStatus                  0x08001020   Section        0  stm32f0xx_spi.o(i.SPI_I2S_GetFlagStatus)
    i.SPI_Init                               0x08001034   Section        0  stm32f0xx_spi.o(i.SPI_Init)
    i.SPI_RF_Init                            0x0800108c   Section        0  rf24l01.o(i.SPI_RF_Init)
    i.SPI_RF_SendByte                        0x080011b4   Section        0  rf24l01.o(i.SPI_RF_SendByte)
    i.SPI_ReceiveData8                       0x080011e8   Section        0  stm32f0xx_spi.o(i.SPI_ReceiveData8)
    i.SPI_RxFIFOThresholdConfig              0x080011f4   Section        0  stm32f0xx_spi.o(i.SPI_RxFIFOThresholdConfig)
    i.SPI_SendData8                          0x08001208   Section        0  stm32f0xx_spi.o(i.SPI_SendData8)
    i.SVC_Handler                            0x08001212   Section        0  stm32f0xx_it.o(i.SVC_Handler)
    i.SYSCFG_EXTILineConfig                  0x08001214   Section        0  stm32f0xx_syscfg.o(i.SYSCFG_EXTILineConfig)
    i.SetSysClock                            0x08001254   Section        0  system_stm32f0xx.o(i.SetSysClock)
    SetSysClock                              0x08001255   Thumb Code   118  system_stm32f0xx.o(i.SetSysClock)
    i.Set_start_AR                           0x080012d4   Section        0  test_fun.o(i.Set_start_AR)
    i.SysTick_CLKSourceConfig                0x080012d8   Section        0  stm32f0xx_misc.o(i.SysTick_CLKSourceConfig)
    i.SysTick_Handler                        0x080012fc   Section        0  stm32f0xx_it.o(i.SysTick_Handler)
    i.SystemInit                             0x0800130c   Section        0  system_stm32f0xx.o(i.SystemInit)
    i.System_GetClocks                       0x08001388   Section        0  test_fun.o(i.System_GetClocks)
    i.TIM14_IRQHandler                       0x08001420   Section        0  usmart.o(i.TIM14_IRQHandler)
    i.TIM7_IRQHandler                        0x08001458   Section        0  main.o(i.TIM7_IRQHandler)
    i.TIM_ClearFlag                          0x080014e4   Section        0  stm32f0xx_tim.o(i.TIM_ClearFlag)
    i.TIM_ClearITPendingBit                  0x080014ea   Section        0  stm32f0xx_tim.o(i.TIM_ClearITPendingBit)
    i.TIM_Cmd                                0x080014f0   Section        0  stm32f0xx_tim.o(i.TIM_Cmd)
    i.TIM_GetCounter                         0x0800150c   Section        0  stm32f0xx_tim.o(i.TIM_GetCounter)
    i.TIM_GetFlagStatus                      0x08001512   Section        0  stm32f0xx_tim.o(i.TIM_GetFlagStatus)
    i.TIM_GetITStatus                        0x08001526   Section        0  stm32f0xx_tim.o(i.TIM_GetITStatus)
    i.TIM_ITConfig                           0x0800154c   Section        0  stm32f0xx_tim.o(i.TIM_ITConfig)
    i.TIM_SetAutoreload                      0x08001560   Section        0  stm32f0xx_tim.o(i.TIM_SetAutoreload)
    i.TIM_SetCounter                         0x08001564   Section        0  stm32f0xx_tim.o(i.TIM_SetCounter)
    i.TIM_TimeBaseInit                       0x08001568   Section        0  stm32f0xx_tim.o(i.TIM_TimeBaseInit)
    i.TOAdata_process                        0x080015e4   Section        0  main.o(i.TOAdata_process)
    TOAdata_process                          0x080015e5   Thumb Code    68  main.o(i.TOAdata_process)
    i.Timer2_Init                            0x08001640   Section        0  usmart.o(i.Timer2_Init)
    i.USART1_IRQHandler                      0x0800168c   Section        0  usart_v1.o(i.USART1_IRQHandler)
    i.USART_ClearFlag                        0x08001720   Section        0  stm32f0xx_usart.o(i.USART_ClearFlag)
    i.USART_Cmd                              0x08001724   Section        0  stm32f0xx_usart.o(i.USART_Cmd)
    i.USART_Config                           0x0800173c   Section        0  usart_v1.o(i.USART_Config)
    i.USART_DMACmd                           0x080017ec   Section        0  stm32f0xx_usart.o(i.USART_DMACmd)
    i.USART_GetFlagStatus                    0x08001800   Section        0  stm32f0xx_usart.o(i.USART_GetFlagStatus)
    i.USART_GetITStatus                      0x08001814   Section        0  stm32f0xx_usart.o(i.USART_GetITStatus)
    i.USART_ITConfig                         0x08001862   Section        0  stm32f0xx_usart.o(i.USART_ITConfig)
    i.USART_Init                             0x080018a4   Section        0  stm32f0xx_usart.o(i.USART_Init)
    i.USART_ReceiveData                      0x0800199c   Section        0  stm32f0xx_usart.o(i.USART_ReceiveData)
    i.USART_SendData                         0x080019a6   Section        0  stm32f0xx_usart.o(i.USART_SendData)
    i.Unset_start_AR                         0x080019ae   Section        0  test_fun.o(i.Unset_start_AR)
    i.WirelessSyncDataProcess_MA             0x080019b0   Section        0  main.o(i.WirelessSyncDataProcess_MA)
    WirelessSyncDataProcess_MA               0x080019b1   Thumb Code   902  main.o(i.WirelessSyncDataProcess_MA)
    i.__0printf$8                            0x08001d68   Section        0  printf8.o(i.__0printf$8)
    i.__ARM_common_switch8                   0x08001d88   Section        0  usmart.o(i.__ARM_common_switch8)
    i.__scatterload_copy                     0x08001da4   Section       14  handlers.o(i.__scatterload_copy)
    i.__scatterload_null                     0x08001db2   Section        2  handlers.o(i.__scatterload_null)
    i.__scatterload_zeroinit                 0x08001db4   Section       14  handlers.o(i.__scatterload_zeroinit)
    i._dwt_aonarrayupload                    0x08001dc2   Section        0  deca_device.o(i._dwt_aonarrayupload)
    i._dwt_configlde                         0x08001ddc   Section        0  deca_device.o(i._dwt_configlde)
    i._dwt_disablesequencing                 0x08001e18   Section        0  deca_device.o(i._dwt_disablesequencing)
    i._dwt_enableclocks                      0x08001e2c   Section        0  deca_device.o(i._dwt_enableclocks)
    i._dwt_loaducodefromrom                  0x08001f18   Section        0  deca_device.o(i._dwt_loaducodefromrom)
    i._dwt_otpread                           0x08001f3a   Section        0  deca_device.o(i._dwt_otpread)
    i._printf_core                           0x08001f6c   Section        0  printf8.o(i._printf_core)
    _printf_core                             0x08001f6d   Thumb Code  1020  printf8.o(i._printf_core)
    i._printf_post_padding                   0x08002394   Section        0  printf8.o(i._printf_post_padding)
    _printf_post_padding                     0x08002395   Thumb Code    32  printf8.o(i._printf_post_padding)
    i._printf_pre_padding                    0x080023b4   Section        0  printf8.o(i._printf_pre_padding)
    _printf_pre_padding                      0x080023b5   Thumb Code    44  printf8.o(i._printf_pre_padding)
    i.cacu_crc                               0x080023e0   Section        0  main.o(i.cacu_crc)
    i.deca_sleep                             0x08002418   Section        0  deca_sleep.o(i.deca_sleep)
    i.decamutexoff                           0x08002424   Section        0  deca_mutex.o(i.decamutexoff)
    i.decamutexon                            0x0800242c   Section        0  deca_mutex.o(i.decamutexon)
    i.delay_init                             0x08002438   Section        0  delay.o(i.delay_init)
    i.dw1000IRQ_init                         0x0800248c   Section        0  exti_v1.o(i.dw1000IRQ_init)
    i.dwt_configure                          0x080024f4   Section        0  deca_device.o(i.dwt_configure)
    i.dwt_enableautoack                      0x08002730   Section        0  deca_device.o(i.dwt_enableautoack)
    i.dwt_enableframefilter                  0x08002760   Section        0  deca_device.o(i.dwt_enableframefilter)
    i.dwt_forcetrxoff                        0x080027a8   Section        0  deca_device.o(i.dwt_forcetrxoff)
    i.dwt_initialise                         0x080027fc   Section        0  deca_device.o(i.dwt_initialise)
    i.dwt_isr                                0x080028fc   Section        0  deca_device.o(i.dwt_isr)
    i.dwt_read16bitoffsetreg                 0x08002a6c   Section        0  deca_device.o(i.dwt_read16bitoffsetreg)
    i.dwt_read32bitoffsetreg                 0x08002a92   Section        0  deca_device.o(i.dwt_read32bitoffsetreg)
    i.dwt_read8bitoffsetreg                  0x08002abc   Section        0  deca_device.o(i.dwt_read8bitoffsetreg)
    i.dwt_readdevid                          0x08002ad4   Section        0  deca_device.o(i.dwt_readdevid)
    i.dwt_readfromdevice                     0x08002ae0   Section        0  deca_device.o(i.dwt_readfromdevice)
    i.dwt_readrxdata                         0x08002b40   Section        0  deca_device.o(i.dwt_readrxdata)
    i.dwt_readrxtimestamp                    0x08002b56   Section        0  deca_device.o(i.dwt_readrxtimestamp)
    i.dwt_readtxtimestamp                    0x08002b68   Section        0  deca_device.o(i.dwt_readtxtimestamp)
    i.dwt_rxenable                           0x08002b7a   Section        0  deca_device.o(i.dwt_rxenable)
    i.dwt_rxreset                            0x08002be0   Section        0  deca_device.o(i.dwt_rxreset)
    i.dwt_setaddress16                       0x08002bf8   Section        0  deca_device.o(i.dwt_setaddress16)
    i.dwt_setcallbacks                       0x08002c08   Section        0  deca_device.o(i.dwt_setcallbacks)
    i.dwt_setdelayedtrxtime                  0x08002c1c   Section        0  deca_device.o(i.dwt_setdelayedtrxtime)
    i.dwt_seteui                             0x08002c2c   Section        0  deca_device.o(i.dwt_seteui)
    i.dwt_setinterrupt                       0x08002c3e   Section        0  deca_device.o(i.dwt_setinterrupt)
    i.dwt_setleds                            0x08002c78   Section        0  deca_device.o(i.dwt_setleds)
    i.dwt_setpanid                           0x08002d1c   Section        0  deca_device.o(i.dwt_setpanid)
    i.dwt_setrxantennadelay                  0x08002d2c   Section        0  deca_device.o(i.dwt_setrxantennadelay)
    i.dwt_setrxtimeout                       0x08002d40   Section        0  deca_device.o(i.dwt_setrxtimeout)
    i.dwt_settxantennadelay                  0x08002da0   Section        0  deca_device.o(i.dwt_settxantennadelay)
    i.dwt_setxtaltrim                        0x08002db0   Section        0  deca_device.o(i.dwt_setxtaltrim)
    i.dwt_softreset                          0x08002dcc   Section        0  deca_device.o(i.dwt_softreset)
    i.dwt_starttx                            0x08002e10   Section        0  deca_device.o(i.dwt_starttx)
    i.dwt_syncrxbufptrs                      0x08002e90   Section        0  deca_device.o(i.dwt_syncrxbufptrs)
    i.dwt_write16bitoffsetreg                0x08002eb6   Section        0  deca_device.o(i.dwt_write16bitoffsetreg)
    i.dwt_write32bitoffsetreg                0x08002ed4   Section        0  deca_device.o(i.dwt_write32bitoffsetreg)
    i.dwt_write8bitoffsetreg                 0x08002efa   Section        0  deca_device.o(i.dwt_write8bitoffsetreg)
    i.dwt_writetodevice                      0x08002f0e   Section        0  deca_device.o(i.dwt_writetodevice)
    i.dwt_writetxdata                        0x08002f72   Section        0  deca_device.o(i.dwt_writetxdata)
    i.dwt_writetxfctrl                       0x08002f9c   Section        0  deca_device.o(i.dwt_writetxfctrl)
    i.final_msg_get_ts                       0x08002fc4   Section        0  deca_callback.o(i.final_msg_get_ts)
    i.final_msg_set_ts                       0x08002fe2   Section        0  deca_callback.o(i.final_msg_set_ts)
    i.fputc                                  0x08003000   Section        0  usart_v1.o(i.fputc)
    i.getIDs                                 0x08003034   Section        0  test_fun.o(i.getIDs)
    i.getSYSstatus                           0x08003060   Section        0  test_fun.o(i.getSYSstatus)
    i.get_rx_timestamp_u64                   0x08003080   Section        0  deca_callback.o(i.get_rx_timestamp_u64)
    i.get_tx_timestamp_u64                   0x080030ae   Section        0  deca_callback.o(i.get_tx_timestamp_u64)
    i.getloctime                             0x080030dc   Section        0  test_fun.o(i.getloctime)
    i.main                                   0x080030f8   Section        0  main.o(i.main)
    i.nrf24l01_init                          0x080032d4   Section        0  exti_v1.o(i.nrf24l01_init)
    i.port_set_deca_isr                      0x08003344   Section        0  exti_v1.o(i.port_set_deca_isr)
    i.read_test                              0x08003350   Section        0  test_fun.o(i.read_test)
    i.readfromspi                            0x0800336c   Section        0  deca_spi.o(i.readfromspi)
    i.reset_DW1000                           0x080033f8   Section        0  main.o(i.reset_DW1000)
    i.rx_err_cb                              0x0800344c   Section        0  deca_callback.o(i.rx_err_cb)
    i.rx_ok_cb                               0x08003458   Section        0  deca_callback.o(i.rx_ok_cb)
    i.rx_to_cb                               0x08003570   Section        0  deca_callback.o(i.rx_to_cb)
    i.set_spi_high                           0x0800357c   Section        0  spi_v1.o(i.set_spi_high)
    i.spi_init                               0x080035cc   Section        0  spi_v1.o(i.spi_init)
    i.start_DMA                              0x08003698   Section        0  main.o(i.start_DMA)
    i.testfun1                               0x080036dc   Section        0  test_fun.o(i.testfun1)
    i.testfun2                               0x08003740   Section        0  test_fun.o(i.testfun2)
    i.tx_conf_cb                             0x080037a4   Section        0  deca_callback.o(i.tx_conf_cb)
    i.unlockflash                            0x080037b0   Section        0  test_fun.o(i.unlockflash)
    i.usmart_cmd_rec                         0x080037dc   Section        0  usmart.o(i.usmart_cmd_rec)
    i.usmart_exe                             0x08003890   Section        0  usmart.o(i.usmart_exe)
    i.usmart_get_aparm                       0x08003b8c   Section        0  usmart_str.o(i.usmart_get_aparm)
    i.usmart_get_cmdname                     0x08003c62   Section        0  usmart_str.o(i.usmart_get_cmdname)
    i.usmart_get_fname                       0x08003c98   Section        0  usmart_str.o(i.usmart_get_fname)
    i.usmart_get_fparam                      0x08003e70   Section        0  usmart_str.o(i.usmart_get_fparam)
    i.usmart_get_parmpos                     0x08003f80   Section        0  usmart_str.o(i.usmart_get_parmpos)
    i.usmart_get_runtime                     0x08003fa0   Section        0  usmart.o(i.usmart_get_runtime)
    i.usmart_init                            0x08003fdc   Section        0  usmart.o(i.usmart_init)
    i.usmart_pow                             0x08004000   Section        0  usmart_str.o(i.usmart_pow)
    i.usmart_reset_runtime                   0x0800401c   Section        0  usmart.o(i.usmart_reset_runtime)
    i.usmart_scan                            0x0800404c   Section        0  usmart.o(i.usmart_scan)
    i.usmart_search_nextc                    0x08004110   Section        0  usmart_str.o(i.usmart_search_nextc)
    i.usmart_str2num                         0x08004126   Section        0  usmart_str.o(i.usmart_str2num)
    i.usmart_strcmp                          0x080041f6   Section        0  usmart_str.o(i.usmart_strcmp)
    i.usmart_strcopy                         0x0800421a   Section        0  usmart_str.o(i.usmart_strcopy)
    i.usmart_strlen                          0x08004232   Section        0  usmart_str.o(i.usmart_strlen)
    i.usmart_sys_cmd_exe                     0x0800424c   Section        0  usmart.o(i.usmart_sys_cmd_exe)
    i.writetospi                             0x08004940   Section        0  deca_spi.o(i.writetospi)
    .constdata                               0x080049c8   Section       22  main.o(.constdata)
    .constdata                               0x080049e0   Section      174  deca_params_init.o(.constdata)
    .conststring                             0x08004a90   Section       40  usmart.o(.conststring)
    .conststring                             0x08004ab8   Section      323  usmart_config.o(.conststring)
    .data                                    0x20000000   Section        2  usart_v1.o(.data)
    .data                                    0x20000004   Section        7  exti_v1.o(.data)
    .data                                    0x20000010   Section       25  deca_callback.o(.data)
    .data                                    0x20000029   Section        2  rf24l01.o(.data)
    .data                                    0x2000002b   Section      128  deca_user_api.o(.data)
    .data                                    0x200000ac   Section       59  main.o(.data)
    config                                   0x200000ac   Data          12  main.o(.data)
    pan_id                                   0x200000b8   Data           2  main.o(.data)
    eui                                      0x200000ba   Data           8  main.o(.data)
    short_addr                               0x200000c2   Data           2  main.o(.data)
    .data                                    0x200000e8   Section        4  delay.o(.data)
    .data                                    0x200000ec   Section        4  test_fun.o(.data)
    i                                        0x200000ec   Data           4  test_fun.o(.data)
    .data                                    0x200000f0   Section       16  stm32f0xx_rcc.o(.data)
    APBAHBPrescTable                         0x200000f0   Data          16  stm32f0xx_rcc.o(.data)
    .data                                    0x20000100   Section       20  system_stm32f0xx.o(.data)
    .data                                    0x20000114   Section       28  usmart.o(.data)
    .data                                    0x20000130   Section      340  usmart_config.o(.data)
    .data                                    0x20000284   Section        4  stdout.o(.data)
    .bss                                     0x20000288   Section      128  usart_v1.o(.bss)
    .bss                                     0x20000308   Section     1600  exti_v1.o(.bss)
    .bss                                     0x20000948   Section     1440  deca_callback.o(.bss)
    .bss                                     0x20000ee8   Section      800  main.o(.bss)
    .bss                                     0x20001208   Section       56  deca_device.o(.bss)
    dw1000local                              0x20001208   Data          56  deca_device.o(.bss)
    STACK                                    0x20001240   Section     1024  startup_stm32f072.o(STACK)

    Global Symbols

    Symbol Name                              Value     Ov Type        Size  Object(Section)

    BuildAttributes$$THM_ISAv3M$S$PE$A:L22$X:L11$S22$IEEE1$IW$USESV6$~STKCKD$USESV7$~SHL$OSPACE$ROPI$EBA8$MICROLIB$REQ8$PRES8$EABIv2 0x00000000   Number         0  anon$$obj.o ABSOLUTE
    __ARM_use_no_argv                        0x00000000   Number         0  main.o ABSOLUTE
    _printf_a                                0x00000000   Number         0  stubs.o ABSOLUTE
    _printf_c                                0x00000000   Number         0  stubs.o ABSOLUTE
    _printf_charcount                        0x00000000   Number         0  stubs.o ABSOLUTE
    _printf_d                                0x00000000   Number         0  stubs.o ABSOLUTE
    _printf_e                                0x00000000   Number         0  stubs.o ABSOLUTE
    _printf_f                                0x00000000   Number         0  stubs.o ABSOLUTE
    _printf_flags                            0x00000000   Number         0  stubs.o ABSOLUTE
    _printf_fp_dec                           0x00000000   Number         0  stubs.o ABSOLUTE
    _printf_fp_hex                           0x00000000   Number         0  stubs.o ABSOLUTE
    _printf_g                                0x00000000   Number         0  stubs.o ABSOLUTE
    _printf_i                                0x00000000   Number         0  stubs.o ABSOLUTE
    _printf_int_dec                          0x00000000   Number         0  stubs.o ABSOLUTE
    _printf_l                                0x00000000   Number         0  stubs.o ABSOLUTE
    _printf_lc                               0x00000000   Number         0  stubs.o ABSOLUTE
    _printf_ll                               0x00000000   Number         0  stubs.o ABSOLUTE
    _printf_lld                              0x00000000   Number         0  stubs.o ABSOLUTE
    _printf_lli                              0x00000000   Number         0  stubs.o ABSOLUTE
    _printf_llo                              0x00000000   Number         0  stubs.o ABSOLUTE
    _printf_llu                              0x00000000   Number         0  stubs.o ABSOLUTE
    _printf_llx                              0x00000000   Number         0  stubs.o ABSOLUTE
    _printf_longlong_dec                     0x00000000   Number         0  stubs.o ABSOLUTE
    _printf_longlong_hex                     0x00000000   Number         0  stubs.o ABSOLUTE
    _printf_longlong_oct                     0x00000000   Number         0  stubs.o ABSOLUTE
    _printf_ls                               0x00000000   Number         0  stubs.o ABSOLUTE
    _printf_mbtowc                           0x00000000   Number         0  stubs.o ABSOLUTE
    _printf_n                                0x00000000   Number         0  stubs.o ABSOLUTE
    _printf_o                                0x00000000   Number         0  stubs.o ABSOLUTE
    _printf_p                                0x00000000   Number         0  stubs.o ABSOLUTE
    _printf_percent                          0x00000000   Number         0  stubs.o ABSOLUTE
    _printf_pre_padding                      0x00000000   Number         0  stubs.o ABSOLUTE
    _printf_return_value                     0x00000000   Number         0  stubs.o ABSOLUTE
    _printf_s                                0x00000000   Number         0  stubs.o ABSOLUTE
    _printf_sizespec                         0x00000000   Number         0  stubs.o ABSOLUTE
    _printf_str                              0x00000000   Number         0  stubs.o ABSOLUTE
    _printf_truncate_signed                  0x00000000   Number         0  stubs.o ABSOLUTE
    _printf_truncate_unsigned                0x00000000   Number         0  stubs.o ABSOLUTE
    _printf_u                                0x00000000   Number         0  stubs.o ABSOLUTE
    _printf_wc                               0x00000000   Number         0  stubs.o ABSOLUTE
    _printf_wctomb                           0x00000000   Number         0  stubs.o ABSOLUTE
    _printf_widthprec                        0x00000000   Number         0  stubs.o ABSOLUTE
    _printf_x                                0x00000000   Number         0  stubs.o ABSOLUTE
    __cpp_initialize__aeabi_                  - Undefined Weak Reference
    __cxa_finalize                            - Undefined Weak Reference
    _clock_init                               - Undefined Weak Reference
    _microlib_exit                            - Undefined Weak Reference
    __Vectors_Size                           0x000000c0   Number         0  startup_stm32f072.o ABSOLUTE
    __Vectors                                0x08000000   Data           4  startup_stm32f072.o(RESET)
    __Vectors_End                            0x080000c0   Data           0  startup_stm32f072.o(RESET)
    __main                                   0x080000c1   Thumb Code     0  entry.o(.ARM.Collect$$$$00000000)
    _main_stk                                0x080000c1   Thumb Code     0  entry2.o(.ARM.Collect$$$$00000001)
    _main_scatterload                        0x080000c5   Thumb Code     0  entry5.o(.ARM.Collect$$$$00000004)
    __main_after_scatterload                 0x080000c9   Thumb Code     0  entry5.o(.ARM.Collect$$$$00000004)
    _main_clock                              0x080000c9   Thumb Code     0  entry7b.o(.ARM.Collect$$$$00000008)
    _main_cpp_init                           0x080000c9   Thumb Code     0  entry8b.o(.ARM.Collect$$$$0000000A)
    _main_init                               0x080000c9   Thumb Code     0  entry9a.o(.ARM.Collect$$$$0000000B)
    __rt_final_cpp                           0x080000d1   Thumb Code     0  entry10a.o(.ARM.Collect$$$$0000000D)
    __rt_final_exit                          0x080000d1   Thumb Code     0  entry11a.o(.ARM.Collect$$$$0000000F)
    Reset_Handler                            0x080000d5   Thumb Code    38  startup_stm32f072.o(.text)
    ADC1_COMP_IRQHandler                     0x08000105   Thumb Code     0  startup_stm32f072.o(.text)
    CEC_CAN_IRQHandler                       0x08000105   Thumb Code     0  startup_stm32f072.o(.text)
    DMA1_Channel1_IRQHandler                 0x08000105   Thumb Code     0  startup_stm32f072.o(.text)
    DMA1_Channel4_5_6_7_IRQHandler           0x08000105   Thumb Code     0  startup_stm32f072.o(.text)
    EXTI0_1_IRQHandler                       0x08000105   Thumb Code     0  startup_stm32f072.o(.text)
    EXTI2_3_IRQHandler                       0x08000105   Thumb Code     0  startup_stm32f072.o(.text)
    FLASH_IRQHandler                         0x08000105   Thumb Code     0  startup_stm32f072.o(.text)
    I2C1_IRQHandler                          0x08000105   Thumb Code     0  startup_stm32f072.o(.text)
    I2C2_IRQHandler                          0x08000105   Thumb Code     0  startup_stm32f072.o(.text)
    PVD_VDDIO2_IRQHandler                    0x08000105   Thumb Code     0  startup_stm32f072.o(.text)
    RCC_CRS_IRQHandler                       0x08000105   Thumb Code     0  startup_stm32f072.o(.text)
    RTC_IRQHandler                           0x08000105   Thumb Code     0  startup_stm32f072.o(.text)
    SPI1_IRQHandler                          0x08000105   Thumb Code     0  startup_stm32f072.o(.text)
    SPI2_IRQHandler                          0x08000105   Thumb Code     0  startup_stm32f072.o(.text)
    TIM15_IRQHandler                         0x08000105   Thumb Code     0  startup_stm32f072.o(.text)
    TIM16_IRQHandler                         0x08000105   Thumb Code     0  startup_stm32f072.o(.text)
    TIM17_IRQHandler                         0x08000105   Thumb Code     0  startup_stm32f072.o(.text)
    TIM1_BRK_UP_TRG_COM_IRQHandler           0x08000105   Thumb Code     0  startup_stm32f072.o(.text)
    TIM1_CC_IRQHandler                       0x08000105   Thumb Code     0  startup_stm32f072.o(.text)
    TIM2_IRQHandler                          0x08000105   Thumb Code     0  startup_stm32f072.o(.text)
    TIM3_IRQHandler                          0x08000105   Thumb Code     0  startup_stm32f072.o(.text)
    TIM6_DAC_IRQHandler                      0x08000105   Thumb Code     0  startup_stm32f072.o(.text)
    TSC_IRQHandler                           0x08000105   Thumb Code     0  startup_stm32f072.o(.text)
    USART2_IRQHandler                        0x08000105   Thumb Code     0  startup_stm32f072.o(.text)
    USART3_4_IRQHandler                      0x08000105   Thumb Code     0  startup_stm32f072.o(.text)
    USB_IRQHandler                           0x08000105   Thumb Code     0  startup_stm32f072.o(.text)
    WWDG_IRQHandler                          0x08000105   Thumb Code     0  startup_stm32f072.o(.text)
    __aeabi_uidiv                            0x0800012d   Thumb Code     0  uidiv.o(.text)
    __aeabi_uidivmod                         0x0800012d   Thumb Code    44  uidiv.o(.text)
    __aeabi_idiv                             0x08000159   Thumb Code     0  idiv.o(.text)
    __aeabi_idivmod                          0x08000159   Thumb Code    40  idiv.o(.text)
    __aeabi_memcpy                           0x08000181   Thumb Code    36  memcpya.o(.text)
    __aeabi_memcpy4                          0x08000181   Thumb Code     0  memcpya.o(.text)
    __aeabi_memcpy8                          0x08000181   Thumb Code     0  memcpya.o(.text)
    __aeabi_memset                           0x080001a5   Thumb Code    14  memseta.o(.text)
    __aeabi_memset4                          0x080001a5   Thumb Code     0  memseta.o(.text)
    __aeabi_memset8                          0x080001a5   Thumb Code     0  memseta.o(.text)
    __aeabi_memclr                           0x080001b3   Thumb Code     4  memseta.o(.text)
    __aeabi_memclr4                          0x080001b3   Thumb Code     0  memseta.o(.text)
    __aeabi_memclr8                          0x080001b3   Thumb Code     0  memseta.o(.text)
    _memset$wrapper                          0x080001b7   Thumb Code    18  memseta.o(.text)
    __aeabi_uldivmod                         0x080001c9   Thumb Code    96  uldiv.o(.text)
    __scatterload                            0x08000229   Thumb Code    28  init.o(.text)
    __scatterload_rt2                        0x08000229   Thumb Code     0  init.o(.text)
    __aeabi_llsl                             0x0800024d   Thumb Code    32  llshl.o(.text)
    _ll_shift_l                              0x0800024d   Thumb Code     0  llshl.o(.text)
    __aeabi_llsr                             0x0800026d   Thumb Code    34  llushr.o(.text)
    _ll_ushift_r                             0x0800026d   Thumb Code     0  llushr.o(.text)
    __decompress                             0x0800028f   Thumb Code     0  __dczerorl2.o(.text)
    __decompress1                            0x0800028f   Thumb Code    86  __dczerorl2.o(.text)
    CRC_CalcCRC8bits                         0x08000385   Thumb Code    10  stm32f0xx_crc.o(i.CRC_CalcCRC8bits)
    CRC_DeInit                               0x08000395   Thumb Code    26  stm32f0xx_crc.o(i.CRC_DeInit)
    CRC_GetCRC                               0x080003b9   Thumb Code     6  stm32f0xx_crc.o(i.CRC_GetCRC)
    CRC_PolynomialSizeSelect                 0x080003c5   Thumb Code    28  stm32f0xx_crc.o(i.CRC_PolynomialSizeSelect)
    CRC_ResetDR                              0x080003e5   Thumb Code    14  stm32f0xx_crc.o(i.CRC_ResetDR)
    CRC_SetInitRegister                      0x080003f9   Thumb Code     6  stm32f0xx_crc.o(i.CRC_SetInitRegister)
    CRC_SetPolynomial                        0x08000405   Thumb Code     6  stm32f0xx_crc.o(i.CRC_SetPolynomial)
    CRC_init                                 0x08000411   Thumb Code    34  main.o(i.CRC_init)
    DMA1_Channel2_3_IRQHandler               0x08000435   Thumb Code    40  main.o(i.DMA1_Channel2_3_IRQHandler)
    DMA_ClearFlag                            0x08000465   Thumb Code    22  stm32f0xx_dma.o(i.DMA_ClearFlag)
    DMA_Cmd                                  0x08000485   Thumb Code    24  stm32f0xx_dma.o(i.DMA_Cmd)
    DMA_GetFlagStatus                        0x080004a1   Thumb Code    42  stm32f0xx_dma.o(i.DMA_GetFlagStatus)
    DMA_ITConfig                             0x080004d5   Thumb Code    20  stm32f0xx_dma.o(i.DMA_ITConfig)
    DMA_Init                                 0x080004e9   Thumb Code    58  stm32f0xx_dma.o(i.DMA_Init)
    DMA_RemapConfig                          0x08000529   Thumb Code    46  stm32f0xx_dma.o(i.DMA_RemapConfig)
    DMA_init                                 0x0800055d   Thumb Code   102  main.o(i.DMA_init)
    DMA_test                                 0x080005d5   Thumb Code    36  test_fun.o(i.DMA_test)
    Delay_ms                                 0x080007c5   Thumb Code    72  delay.o(i.Delay_ms)
    EXTI4_15_IRQHandler                      0x08000811   Thumb Code   162  exti_v1.o(i.EXTI4_15_IRQHandler)
    EXTI_ClearITPendingBit                   0x080008d5   Thumb Code     6  stm32f0xx_exti.o(i.EXTI_ClearITPendingBit)
    EXTI_GetITStatus                         0x080008e1   Thumb Code    22  stm32f0xx_exti.o(i.EXTI_GetITStatus)
    EXTI_Init                                0x080008fd   Thumb Code   132  stm32f0xx_exti.o(i.EXTI_Init)
    GPIO_Init                                0x08000985   Thumb Code   144  stm32f0xx_gpio.o(i.GPIO_Init)
    GPIO_PinAFConfig                         0x08000a15   Thumb Code    68  stm32f0xx_gpio.o(i.GPIO_PinAFConfig)
    GPIO_ReadInputDataBit                    0x08000a59   Thumb Code    20  stm32f0xx_gpio.o(i.GPIO_ReadInputDataBit)
    GPIO_ResetBits                           0x08000a6d   Thumb Code     4  stm32f0xx_gpio.o(i.GPIO_ResetBits)
    GPIO_SetBits                             0x08000a71   Thumb Code     4  stm32f0xx_gpio.o(i.GPIO_SetBits)
    HardFault_Handler                        0x08000a75   Thumb Code     4  stm32f0xx_it.o(i.HardFault_Handler)
    LED_Init                                 0x08000a79   Thumb Code    90  led.o(i.LED_Init)
    NMI_Handler                              0x08000add   Thumb Code     2  stm32f0xx_it.o(i.NMI_Handler)
    NRF24L01_Check                           0x08000ae1   Thumb Code    86  rf24l01.o(i.NRF24L01_Check)
    NRF24L01_Read_Buf                        0x08000b41   Thumb Code    60  rf24l01.o(i.NRF24L01_Read_Buf)
    NRF24L01_Read_Reg                        0x08000b7d   Thumb Code    42  rf24l01.o(i.NRF24L01_Read_Reg)
    NRF24L01_RxPacket                        0x08000ba7   Thumb Code    62  rf24l01.o(i.NRF24L01_RxPacket)
    NRF24L01_Write_Buf                       0x08000be5   Thumb Code    60  rf24l01.o(i.NRF24L01_Write_Buf)
    NRF24L01_Write_Reg                       0x08000c21   Thumb Code    44  rf24l01.o(i.NRF24L01_Write_Reg)
    NVIC_Init                                0x08000c4d   Thumb Code   106  stm32f0xx_misc.o(i.NVIC_Init)
    PendSV_Handler                           0x08000d35   Thumb Code     2  stm32f0xx_it.o(i.PendSV_Handler)
    Prt_anchnum                              0x08000d39   Thumb Code    14  test_fun.o(i.Prt_anchnum)
    RCC_AHBPeriphClockCmd                    0x08000d5d   Thumb Code    28  stm32f0xx_rcc.o(i.RCC_AHBPeriphClockCmd)
    RCC_APB1PeriphClockCmd                   0x08000d7d   Thumb Code    28  stm32f0xx_rcc.o(i.RCC_APB1PeriphClockCmd)
    RCC_APB2PeriphClockCmd                   0x08000d9d   Thumb Code    28  stm32f0xx_rcc.o(i.RCC_APB2PeriphClockCmd)
    RCC_GetClocksFreq                        0x08000dbd   Thumb Code   554  stm32f0xx_rcc.o(i.RCC_GetClocksFreq)
    SPI_Cmd                                  0x08001005   Thumb Code    24  stm32f0xx_spi.o(i.SPI_Cmd)
    SPI_I2S_GetFlagStatus                    0x08001021   Thumb Code    20  stm32f0xx_spi.o(i.SPI_I2S_GetFlagStatus)
    SPI_Init                                 0x08001035   Thumb Code    76  stm32f0xx_spi.o(i.SPI_Init)
    SPI_RF_Init                              0x0800108d   Thumb Code   286  rf24l01.o(i.SPI_RF_Init)
    SPI_RF_SendByte                          0x080011b5   Thumb Code    48  rf24l01.o(i.SPI_RF_SendByte)
    SPI_ReceiveData8                         0x080011e9   Thumb Code    12  stm32f0xx_spi.o(i.SPI_ReceiveData8)
    SPI_RxFIFOThresholdConfig                0x080011f5   Thumb Code    16  stm32f0xx_spi.o(i.SPI_RxFIFOThresholdConfig)
    SPI_SendData8                            0x08001209   Thumb Code    10  stm32f0xx_spi.o(i.SPI_SendData8)
    SVC_Handler                              0x08001213   Thumb Code     2  stm32f0xx_it.o(i.SVC_Handler)
    SYSCFG_EXTILineConfig                    0x08001215   Thumb Code    60  stm32f0xx_syscfg.o(i.SYSCFG_EXTILineConfig)
    Set_start_AR                             0x080012d5   Thumb Code     2  test_fun.o(i.Set_start_AR)
    SysTick_CLKSourceConfig                  0x080012d9   Thumb Code    32  stm32f0xx_misc.o(i.SysTick_CLKSourceConfig)
    SysTick_Handler                          0x080012fd   Thumb Code    12  stm32f0xx_it.o(i.SysTick_Handler)
    SystemInit                               0x0800130d   Thumb Code   110  system_stm32f0xx.o(i.SystemInit)
    System_GetClocks                         0x08001389   Thumb Code    86  test_fun.o(i.System_GetClocks)
    TIM14_IRQHandler                         0x08001421   Thumb Code    46  usmart.o(i.TIM14_IRQHandler)
    TIM7_IRQHandler                          0x08001459   Thumb Code   124  main.o(i.TIM7_IRQHandler)
    TIM_ClearFlag                            0x080014e5   Thumb Code     6  stm32f0xx_tim.o(i.TIM_ClearFlag)
    TIM_ClearITPendingBit                    0x080014eb   Thumb Code     6  stm32f0xx_tim.o(i.TIM_ClearITPendingBit)
    TIM_Cmd                                  0x080014f1   Thumb Code    24  stm32f0xx_tim.o(i.TIM_Cmd)
    TIM_GetCounter                           0x0800150d   Thumb Code     6  stm32f0xx_tim.o(i.TIM_GetCounter)
    TIM_GetFlagStatus                        0x08001513   Thumb Code    20  stm32f0xx_tim.o(i.TIM_GetFlagStatus)
    TIM_GetITStatus                          0x08001527   Thumb Code    38  stm32f0xx_tim.o(i.TIM_GetITStatus)
    TIM_ITConfig                             0x0800154d   Thumb Code    20  stm32f0xx_tim.o(i.TIM_ITConfig)
    TIM_SetAutoreload                        0x08001561   Thumb Code     4  stm32f0xx_tim.o(i.TIM_SetAutoreload)
    TIM_SetCounter                           0x08001565   Thumb Code     4  stm32f0xx_tim.o(i.TIM_SetCounter)
    TIM_TimeBaseInit                         0x08001569   Thumb Code    90  stm32f0xx_tim.o(i.TIM_TimeBaseInit)
    Timer2_Init                              0x08001641   Thumb Code    72  usmart.o(i.Timer2_Init)
    USART1_IRQHandler                        0x0800168d   Thumb Code   132  usart_v1.o(i.USART1_IRQHandler)
    USART_ClearFlag                          0x08001721   Thumb Code     4  stm32f0xx_usart.o(i.USART_ClearFlag)
    USART_Cmd                                0x08001725   Thumb Code    24  stm32f0xx_usart.o(i.USART_Cmd)
    USART_Config                             0x0800173d   Thumb Code   166  usart_v1.o(i.USART_Config)
    USART_DMACmd                             0x080017ed   Thumb Code    20  stm32f0xx_usart.o(i.USART_DMACmd)
    USART_GetFlagStatus                      0x08001801   Thumb Code    20  stm32f0xx_usart.o(i.USART_GetFlagStatus)
    USART_GetITStatus                        0x08001815   Thumb Code    78  stm32f0xx_usart.o(i.USART_GetITStatus)
    USART_ITConfig                           0x08001863   Thumb Code    66  stm32f0xx_usart.o(i.USART_ITConfig)
    USART_Init                               0x080018a5   Thumb Code   226  stm32f0xx_usart.o(i.USART_Init)
    USART_ReceiveData                        0x0800199d   Thumb Code    10  stm32f0xx_usart.o(i.USART_ReceiveData)
    USART_SendData                           0x080019a7   Thumb Code     8  stm32f0xx_usart.o(i.USART_SendData)
    Unset_start_AR                           0x080019af   Thumb Code     2  test_fun.o(i.Unset_start_AR)
    __0printf$8                              0x08001d69   Thumb Code    24  printf8.o(i.__0printf$8)
    __1printf$8                              0x08001d69   Thumb Code     0  printf8.o(i.__0printf$8)
    __2printf                                0x08001d69   Thumb Code     0  printf8.o(i.__0printf$8)
    __ARM_common_switch8                     0x08001d89   Thumb Code    28  usmart.o(i.__ARM_common_switch8)
    __scatterload_copy                       0x08001da5   Thumb Code    14  handlers.o(i.__scatterload_copy)
    __scatterload_null                       0x08001db3   Thumb Code     2  handlers.o(i.__scatterload_null)
    __scatterload_zeroinit                   0x08001db5   Thumb Code    14  handlers.o(i.__scatterload_zeroinit)
    _dwt_aonarrayupload                      0x08001dc3   Thumb Code    24  deca_device.o(i._dwt_aonarrayupload)
    _dwt_configlde                           0x08001ddd   Thumb Code    42  deca_device.o(i._dwt_configlde)
    _dwt_disablesequencing                   0x08001e19   Thumb Code    20  deca_device.o(i._dwt_disablesequencing)
    _dwt_enableclocks                        0x08001e2d   Thumb Code   236  deca_device.o(i._dwt_enableclocks)
    _dwt_loaducodefromrom                    0x08001f19   Thumb Code    34  deca_device.o(i._dwt_loaducodefromrom)
    _dwt_otpread                             0x08001f3b   Thumb Code    48  deca_device.o(i._dwt_otpread)
    cacu_crc                                 0x080023e1   Thumb Code    46  main.o(i.cacu_crc)
    deca_sleep                               0x08002419   Thumb Code    12  deca_sleep.o(i.deca_sleep)
    decamutexoff                             0x08002425   Thumb Code     8  deca_mutex.o(i.decamutexoff)
    decamutexon                              0x0800242d   Thumb Code    10  deca_mutex.o(i.decamutexon)
    delay_init                               0x08002439   Thumb Code    72  delay.o(i.delay_init)
    dw1000IRQ_init                           0x0800248d   Thumb Code   104  exti_v1.o(i.dw1000IRQ_init)
    dwt_configure                            0x080024f5   Thumb Code   516  deca_device.o(i.dwt_configure)
    dwt_enableautoack                        0x08002731   Thumb Code    42  deca_device.o(i.dwt_enableautoack)
    dwt_enableframefilter                    0x08002761   Thumb Code    62  deca_device.o(i.dwt_enableframefilter)
    dwt_forcetrxoff                          0x080027a9   Thumb Code    76  deca_device.o(i.dwt_forcetrxoff)
    dwt_initialise                           0x080027fd   Thumb Code   244  deca_device.o(i.dwt_initialise)
    dwt_isr                                  0x080028fd   Thumb Code   358  deca_device.o(i.dwt_isr)
    dwt_read16bitoffsetreg                   0x08002a6d   Thumb Code    38  deca_device.o(i.dwt_read16bitoffsetreg)
    dwt_read32bitoffsetreg                   0x08002a93   Thumb Code    42  deca_device.o(i.dwt_read32bitoffsetreg)
    dwt_read8bitoffsetreg                    0x08002abd   Thumb Code    24  deca_device.o(i.dwt_read8bitoffsetreg)
    dwt_readdevid                            0x08002ad5   Thumb Code    12  deca_device.o(i.dwt_readdevid)
    dwt_readfromdevice                       0x08002ae1   Thumb Code    96  deca_device.o(i.dwt_readfromdevice)
    dwt_readrxdata                           0x08002b41   Thumb Code    22  deca_device.o(i.dwt_readrxdata)
    dwt_readrxtimestamp                      0x08002b57   Thumb Code    18  deca_device.o(i.dwt_readrxtimestamp)
    dwt_readtxtimestamp                      0x08002b69   Thumb Code    18  deca_device.o(i.dwt_readtxtimestamp)
    dwt_rxenable                             0x08002b7b   Thumb Code   102  deca_device.o(i.dwt_rxenable)
    dwt_rxreset                              0x08002be1   Thumb Code    24  deca_device.o(i.dwt_rxreset)
    dwt_setaddress16                         0x08002bf9   Thumb Code    16  deca_device.o(i.dwt_setaddress16)
    dwt_setcallbacks                         0x08002c09   Thumb Code    14  deca_device.o(i.dwt_setcallbacks)
    dwt_setdelayedtrxtime                    0x08002c1d   Thumb Code    16  deca_device.o(i.dwt_setdelayedtrxtime)
    dwt_seteui                               0x08002c2d   Thumb Code    18  deca_device.o(i.dwt_seteui)
    dwt_setinterrupt                         0x08002c3f   Thumb Code    58  deca_device.o(i.dwt_setinterrupt)
    dwt_setleds                              0x08002c79   Thumb Code   164  deca_device.o(i.dwt_setleds)
    dwt_setpanid                             0x08002d1d   Thumb Code    16  deca_device.o(i.dwt_setpanid)
    dwt_setrxantennadelay                    0x08002d2d   Thumb Code    16  deca_device.o(i.dwt_setrxantennadelay)
    dwt_setrxtimeout                         0x08002d41   Thumb Code    90  deca_device.o(i.dwt_setrxtimeout)
    dwt_settxantennadelay                    0x08002da1   Thumb Code    16  deca_device.o(i.dwt_settxantennadelay)
    dwt_setxtaltrim                          0x08002db1   Thumb Code    26  deca_device.o(i.dwt_setxtaltrim)
    dwt_softreset                            0x08002dcd   Thumb Code    64  deca_device.o(i.dwt_softreset)
    dwt_starttx                              0x08002e11   Thumb Code   122  deca_device.o(i.dwt_starttx)
    dwt_syncrxbufptrs                        0x08002e91   Thumb Code    38  deca_device.o(i.dwt_syncrxbufptrs)
    dwt_write16bitoffsetreg                  0x08002eb7   Thumb Code    30  deca_device.o(i.dwt_write16bitoffsetreg)
    dwt_write32bitoffsetreg                  0x08002ed5   Thumb Code    38  deca_device.o(i.dwt_write32bitoffsetreg)
    dwt_write8bitoffsetreg                   0x08002efb   Thumb Code    20  deca_device.o(i.dwt_write8bitoffsetreg)
    dwt_writetodevice                        0x08002f0f   Thumb Code   100  deca_device.o(i.dwt_writetodevice)
    dwt_writetxdata                          0x08002f73   Thumb Code    40  deca_device.o(i.dwt_writetxdata)
    dwt_writetxfctrl                         0x08002f9d   Thumb Code    36  deca_device.o(i.dwt_writetxfctrl)
    final_msg_get_ts                         0x08002fc5   Thumb Code    30  deca_callback.o(i.final_msg_get_ts)
    final_msg_set_ts                         0x08002fe3   Thumb Code    28  deca_callback.o(i.final_msg_set_ts)
    fputc                                    0x08003001   Thumb Code    46  usart_v1.o(i.fputc)
    getIDs                                   0x08003035   Thumb Code    36  test_fun.o(i.getIDs)
    getSYSstatus                             0x08003061   Thumb Code    24  test_fun.o(i.getSYSstatus)
    get_rx_timestamp_u64                     0x08003081   Thumb Code    46  deca_callback.o(i.get_rx_timestamp_u64)
    get_tx_timestamp_u64                     0x080030af   Thumb Code    46  deca_callback.o(i.get_tx_timestamp_u64)
    getloctime                               0x080030dd   Thumb Code    14  test_fun.o(i.getloctime)
    main                                     0x080030f9   Thumb Code   336  main.o(i.main)
    nrf24l01_init                            0x080032d5   Thumb Code   108  exti_v1.o(i.nrf24l01_init)
    port_set_deca_isr                        0x08003345   Thumb Code     6  exti_v1.o(i.port_set_deca_isr)
    read_test                                0x08003351   Thumb Code    20  test_fun.o(i.read_test)
    readfromspi                              0x0800336d   Thumb Code   132  deca_spi.o(i.readfromspi)
    reset_DW1000                             0x080033f9   Thumb Code    80  main.o(i.reset_DW1000)
    rx_err_cb                                0x0800344d   Thumb Code    12  deca_callback.o(i.rx_err_cb)
    rx_ok_cb                                 0x08003459   Thumb Code   250  deca_callback.o(i.rx_ok_cb)
    rx_to_cb                                 0x08003571   Thumb Code     8  deca_callback.o(i.rx_to_cb)
    set_spi_high                             0x0800357d   Thumb Code    74  spi_v1.o(i.set_spi_high)
    spi_init                                 0x080035cd   Thumb Code   196  spi_v1.o(i.spi_init)
    start_DMA                                0x08003699   Thumb Code    50  main.o(i.start_DMA)
    testfun1                                 0x080036dd   Thumb Code    54  test_fun.o(i.testfun1)
    testfun2                                 0x08003741   Thumb Code    54  test_fun.o(i.testfun2)
    tx_conf_cb                               0x080037a5   Thumb Code     8  deca_callback.o(i.tx_conf_cb)
    unlockflash                              0x080037b1   Thumb Code    12  test_fun.o(i.unlockflash)
    usmart_cmd_rec                           0x080037dd   Thumb Code   176  usmart.o(i.usmart_cmd_rec)
    usmart_exe                               0x08003891   Thumb Code   672  usmart.o(i.usmart_exe)
    usmart_get_aparm                         0x08003b8d   Thumb Code   214  usmart_str.o(i.usmart_get_aparm)
    usmart_get_cmdname                       0x08003c63   Thumb Code    54  usmart_str.o(i.usmart_get_cmdname)
    usmart_get_fname                         0x08003c99   Thumb Code   462  usmart_str.o(i.usmart_get_fname)
    usmart_get_fparam                        0x08003e71   Thumb Code   266  usmart_str.o(i.usmart_get_fparam)
    usmart_get_parmpos                       0x08003f81   Thumb Code    26  usmart_str.o(i.usmart_get_parmpos)
    usmart_get_runtime                       0x08003fa1   Thumb Code    46  usmart.o(i.usmart_get_runtime)
    usmart_init                              0x08003fdd   Thumb Code    30  usmart.o(i.usmart_init)
    usmart_pow                               0x08004001   Thumb Code    26  usmart_str.o(i.usmart_pow)
    usmart_reset_runtime                     0x0800401d   Thumb Code    34  usmart.o(i.usmart_reset_runtime)
    usmart_scan                              0x0800404d   Thumb Code   126  usmart.o(i.usmart_scan)
    usmart_search_nextc                      0x08004111   Thumb Code    22  usmart_str.o(i.usmart_search_nextc)
    usmart_str2num                           0x08004127   Thumb Code   208  usmart_str.o(i.usmart_str2num)
    usmart_strcmp                            0x080041f7   Thumb Code    36  usmart_str.o(i.usmart_strcmp)
    usmart_strcopy                           0x0800421b   Thumb Code    24  usmart_str.o(i.usmart_strcopy)
    usmart_strlen                            0x08004233   Thumb Code    26  usmart_str.o(i.usmart_strlen)
    usmart_sys_cmd_exe                       0x0800424d   Thumb Code  1566  usmart.o(i.usmart_sys_cmd_exe)
    writetospi                               0x08004941   Thumb Code   128  deca_spi.o(i.writetospi)
    chan_idx                                 0x080049e0   Data           8  deca_params_init.o(.constdata)
    tx_config                                0x080049e8   Data          24  deca_params_init.o(.constdata)
    fs_pll_cfg                               0x08004a00   Data          24  deca_params_init.o(.constdata)
    fs_pll_tune                              0x08004a18   Data           6  deca_params_init.o(.constdata)
    rx_config                                0x08004a1e   Data           2  deca_params_init.o(.constdata)
    agc_config                               0x08004a20   Data           8  deca_params_init.o(.constdata)
    dwnsSFDlen                               0x08004a28   Data           3  deca_params_init.o(.constdata)
    sftsh                                    0x08004a2c   Data          12  deca_params_init.o(.constdata)
    dtune1                                   0x08004a38   Data           4  deca_params_init.o(.constdata)
    digital_bb_config                        0x08004a3c   Data          32  deca_params_init.o(.constdata)
    lde_replicaCoeff                         0x08004a5c   Data          50  deca_params_init.o(.constdata)
    Region$$Table$$Base                      0x08004bfc   Number         0  anon$$obj.o(Region$$Table)
    Region$$Table$$Limit                     0x08004c1c   Number         0  anon$$obj.o(Region$$Table)
    USART_RX_STA                             0x20000000   Data           2  usart_v1.o(.data)
    port_deca_isr                            0x20000004   Data           4  exti_v1.o(.data)
    NrfQcnt                                  0x20000008   Data           1  exti_v1.o(.data)
    NrfQfront                                0x20000009   Data           1  exti_v1.o(.data)
    NrfQrear                                 0x2000000a   Data           1  exti_v1.o(.data)
    tx_timestamp                             0x20000010   Data           8  deca_callback.o(.data)
    rx_timestamp                             0x20000018   Data           8  deca_callback.o(.data)
    rear                                     0x20000020   Data           1  deca_callback.o(.data)
    front                                    0x20000021   Data           1  deca_callback.o(.data)
    Qcnt                                     0x20000022   Data           1  deca_callback.o(.data)
    isframe_sent                             0x20000023   Data           1  deca_callback.o(.data)
    istxframe_acked                          0x20000024   Data           1  deca_callback.o(.data)
    isreceive_To                             0x20000025   Data           1  deca_callback.o(.data)
    isframe_rec                              0x20000026   Data           1  deca_callback.o(.data)
    isack_sent                               0x20000027   Data           1  deca_callback.o(.data)
    TOARanging                               0x20000028   Data           1  deca_callback.o(.data)
    nrfsta                                   0x20000029   Data           1  rf24l01.o(.data)
    TransCop                                 0x2000002a   Data           1  rf24l01.o(.data)
    dw_txframe                               0x2000002b   Data         128  deca_user_api.o(.data)
    DMA_transing                             0x200000c4   Data           1  main.o(.data)
    frame_seq_nb                             0x200000c5   Data           1  main.o(.data)
    tx_resp_time                             0x200000c6   Data          18  main.o(.data)
    ACKframe                                 0x200000d8   Data           5  main.o(.data)
    TBsyctime                                0x200000de   Data           2  main.o(.data)
    idxreco                                  0x200000e0   Data           4  main.o(.data)
    TAG_datacnt                              0x200000e4   Data           2  main.o(.data)
    crc                                      0x200000e6   Data           1  main.o(.data)
    msec                                     0x200000e8   Data           4  delay.o(.data)
    SystemCoreClock                          0x20000100   Data           4  system_stm32f0xx.o(.data)
    AHBPrescTable                            0x20000104   Data          16  system_stm32f0xx.o(.data)
    sys_cmd_tab                              0x20000114   Data          28  usmart.o(.data)
    usmart_nametab                           0x20000130   Data          96  usmart_config.o(.data)
    usmart_dev                               0x20000190   Data         244  usmart_config.o(.data)
    __stdout                                 0x20000284   Data           4  stdout.o(.data)
    USART_RX_BUF                             0x20000288   Data         128  usart_v1.o(.bss)
    NrfQue                                   0x20000308   Data        1600  exti_v1.o(.bss)
    Que                                      0x20000948   Data        1440  deca_callback.o(.bss)
    nrf_Tx_Buffer                            0x20000ee8   Data          33  main.o(.bss)
    nrf_Rx_Buffer                            0x20000f09   Data          33  main.o(.bss)
    rx_buffer                                0x20000f2a   Data         127  main.o(.bss)
    dw_payloadbuff                           0x20000fa9   Data         127  main.o(.bss)
    HEAD                                     0x20001028   Data          12  main.o(.bss)
    AC_DATA                                  0x20001038   Data          64  main.o(.bss)
    TG_DATA                                  0x20001078   Data         400  main.o(.bss)
    __initial_sp                             0x20001640   Data           0  startup_stm32f072.o(STACK)



==============================================================================

Memory Map of the image

  Image Entry point : 0x080000c1

  Load Region LR_IROM1 (Base: 0x08000000, Size: 0x00004ea4, Max: 0x00020000, ABSOLUTE, COMPRESSED[0x00004ce0])

    Execution Region ER_IROM1 (Base: 0x08000000, Size: 0x00004c1c, Max: 0x00020000, ABSOLUTE)

    Base Addr    Size         Type   Attr      Idx    E Section Name        Object

    0x08000000   0x000000c0   Data   RO         3007    RESET               startup_stm32f072.o
    0x080000c0   0x00000000   Code   RO         3785  * .ARM.Collect$$$$00000000  mc_p.l(entry.o)
    0x080000c0   0x00000004   Code   RO         4059    .ARM.Collect$$$$00000001  mc_p.l(entry2.o)
    0x080000c4   0x00000004   Code   RO         4062    .ARM.Collect$$$$00000004  mc_p.l(entry5.o)
    0x080000c8   0x00000000   Code   RO         4064    .ARM.Collect$$$$00000008  mc_p.l(entry7b.o)
    0x080000c8   0x00000000   Code   RO         4066    .ARM.Collect$$$$0000000A  mc_p.l(entry8b.o)
    0x080000c8   0x00000008   Code   RO         4067    .ARM.Collect$$$$0000000B  mc_p.l(entry9a.o)
    0x080000d0   0x00000000   Code   RO         4069    .ARM.Collect$$$$0000000D  mc_p.l(entry10a.o)
    0x080000d0   0x00000000   Code   RO         4071    .ARM.Collect$$$$0000000F  mc_p.l(entry11a.o)
    0x080000d0   0x00000004   Code   RO         4060    .ARM.Collect$$$$00002712  mc_p.l(entry2.o)
    0x080000d4   0x00000058   Code   RO         3008    .text               startup_stm32f072.o
    0x0800012c   0x0000002c   Code   RO         3788    .text               mc_p.l(uidiv.o)
    0x08000158   0x00000028   Code   RO         3790    .text               mc_p.l(idiv.o)
    0x08000180   0x00000024   Code   RO         3792    .text               mc_p.l(memcpya.o)
    0x080001a4   0x00000024   Code   RO         3794    .text               mc_p.l(memseta.o)
    0x080001c8   0x00000060   Code   RO         4074    .text               mc_p.l(uldiv.o)
    0x08000228   0x00000024   Code   RO         4087    .text               mc_p.l(init.o)
    0x0800024c   0x00000020   Code   RO         4089    .text               mc_p.l(llshl.o)
    0x0800026c   0x00000022   Code   RO         4091    .text               mc_p.l(llushr.o)
    0x0800028e   0x00000056   Code   RO         4107    .text               mc_p.l(__dczerorl2.o)
    0x080002e4   0x000000a0   Code   RO          564    i.AssignTimeWindow  main.o
    0x08000384   0x00000010   Code   RO         2803    i.CRC_CalcCRC8bits  stm32f0xx_crc.o
    0x08000394   0x00000024   Code   RO         2804    i.CRC_DeInit        stm32f0xx_crc.o
    0x080003b8   0x0000000c   Code   RO         2805    i.CRC_GetCRC        stm32f0xx_crc.o
    0x080003c4   0x00000020   Code   RO         2807    i.CRC_PolynomialSizeSelect  stm32f0xx_crc.o
    0x080003e4   0x00000014   Code   RO         2808    i.CRC_ResetDR       stm32f0xx_crc.o
    0x080003f8   0x0000000c   Code   RO         2812    i.CRC_SetInitRegister  stm32f0xx_crc.o
    0x08000404   0x0000000c   Code   RO         2813    i.CRC_SetPolynomial  stm32f0xx_crc.o
    0x08000410   0x00000022   Code   RO          565    i.CRC_init          main.o
    0x08000432   0x00000002   PAD
    0x08000434   0x00000030   Code   RO          566    i.DMA1_Channel2_3_IRQHandler  main.o
    0x08000464   0x00000020   Code   RO         2714    i.DMA_ClearFlag     stm32f0xx_dma.o
    0x08000484   0x0000001c   Code   RO         2716    i.DMA_Cmd           stm32f0xx_dma.o
    0x080004a0   0x00000034   Code   RO         2719    i.DMA_GetFlagStatus  stm32f0xx_dma.o
    0x080004d4   0x00000014   Code   RO         2721    i.DMA_ITConfig      stm32f0xx_dma.o
    0x080004e8   0x00000040   Code   RO         2722    i.DMA_Init          stm32f0xx_dma.o
    0x08000528   0x00000034   Code   RO         2723    i.DMA_RemapConfig   stm32f0xx_dma.o
    0x0800055c   0x00000078   Code   RO          567    i.DMA_init          main.o
    0x080005d4   0x00000030   Code   RO          748    i.DMA_test          test_fun.o
    0x08000604   0x000001c0   Code   RO          568    i.DS_TwoWayRanging  main.o
    0x080007c4   0x0000004c   Code   RO          703    i.Delay_ms          delay.o
    0x08000810   0x000000c4   Code   RO          175    i.EXTI4_15_IRQHandler  exti_v1.o
    0x080008d4   0x0000000c   Code   RO          843    i.EXTI_ClearITPendingBit  stm32f0xx_exti.o
    0x080008e0   0x0000001c   Code   RO          847    i.EXTI_GetITStatus  stm32f0xx_exti.o
    0x080008fc   0x00000088   Code   RO          848    i.EXTI_Init         stm32f0xx_exti.o
    0x08000984   0x00000090   Code   RO          905    i.GPIO_Init         stm32f0xx_gpio.o
    0x08000a14   0x00000044   Code   RO          906    i.GPIO_PinAFConfig  stm32f0xx_gpio.o
    0x08000a58   0x00000014   Code   RO          909    i.GPIO_ReadInputDataBit  stm32f0xx_gpio.o
    0x08000a6c   0x00000004   Code   RO          912    i.GPIO_ResetBits    stm32f0xx_gpio.o
    0x08000a70   0x00000004   Code   RO          913    i.GPIO_SetBits      stm32f0xx_gpio.o
    0x08000a74   0x00000004   Code   RO         2898    i.HardFault_Handler  stm32f0xx_it.o
    0x08000a78   0x00000064   Code   RO          406    i.LED_Init          led.o
    0x08000adc   0x00000002   Code   RO         2899    i.NMI_Handler       stm32f0xx_it.o
    0x08000ade   0x00000002   PAD
    0x08000ae0   0x00000060   Code   RO          429    i.NRF24L01_Check    rf24l01.o
    0x08000b40   0x0000003c   Code   RO          431    i.NRF24L01_Read_Buf  rf24l01.o
    0x08000b7c   0x0000002a   Code   RO          432    i.NRF24L01_Read_Reg  rf24l01.o
    0x08000ba6   0x0000003e   Code   RO          433    i.NRF24L01_RxPacket  rf24l01.o
    0x08000be4   0x0000003c   Code   RO          436    i.NRF24L01_Write_Buf  rf24l01.o
    0x08000c20   0x0000002c   Code   RO          437    i.NRF24L01_Write_Reg  rf24l01.o
    0x08000c4c   0x00000070   Code   RO          996    i.NVIC_Init         stm32f0xx_misc.o
    0x08000cbc   0x00000078   Code   RO          704    i.NVIC_SetPriority  delay.o
    0x08000d34   0x00000002   Code   RO         2900    i.PendSV_Handler    stm32f0xx_it.o
    0x08000d36   0x00000002   PAD
    0x08000d38   0x00000024   Code   RO          749    i.Prt_anchnum       test_fun.o
    0x08000d5c   0x00000020   Code   RO         1029    i.RCC_AHBPeriphClockCmd  stm32f0xx_rcc.o
    0x08000d7c   0x00000020   Code   RO         1031    i.RCC_APB1PeriphClockCmd  stm32f0xx_rcc.o
    0x08000d9c   0x00000020   Code   RO         1033    i.RCC_APB2PeriphClockCmd  stm32f0xx_rcc.o
    0x08000dbc   0x00000248   Code   RO         1043    i.RCC_GetClocksFreq  stm32f0xx_rcc.o
    0x08001004   0x0000001c   Code   RO         1296    i.SPI_Cmd           stm32f0xx_spi.o
    0x08001020   0x00000014   Code   RO         1305    i.SPI_I2S_GetFlagStatus  stm32f0xx_spi.o
    0x08001034   0x00000058   Code   RO         1310    i.SPI_Init          stm32f0xx_spi.o
    0x0800108c   0x00000128   Code   RO          438    i.SPI_RF_Init       rf24l01.o
    0x080011b4   0x00000034   Code   RO          439    i.SPI_RF_SendByte   rf24l01.o
    0x080011e8   0x0000000c   Code   RO         1314    i.SPI_ReceiveData8  stm32f0xx_spi.o
    0x080011f4   0x00000014   Code   RO         1315    i.SPI_RxFIFOThresholdConfig  stm32f0xx_spi.o
    0x08001208   0x0000000a   Code   RO         1317    i.SPI_SendData8     stm32f0xx_spi.o
    0x08001212   0x00000002   Code   RO         2901    i.SVC_Handler       stm32f0xx_it.o
    0x08001214   0x00000040   Code   RO         1494    i.SYSCFG_EXTILineConfig  stm32f0xx_syscfg.o
    0x08001254   0x00000080   Code   RO         2949    i.SetSysClock       system_stm32f0xx.o
    0x080012d4   0x00000002   Code   RO          750    i.Set_start_AR      test_fun.o
    0x080012d6   0x00000002   PAD
    0x080012d8   0x00000024   Code   RO          998    i.SysTick_CLKSourceConfig  stm32f0xx_misc.o
    0x080012fc   0x00000010   Code   RO         2902    i.SysTick_Handler   stm32f0xx_it.o
    0x0800130c   0x0000007c   Code   RO         2951    i.SystemInit        system_stm32f0xx.o
    0x08001388   0x00000098   Code   RO          751    i.System_GetClocks  test_fun.o
    0x08001420   0x00000038   Code   RO         3014    i.TIM14_IRQHandler  usmart.o
    0x08001458   0x0000008c   Code   RO          570    i.TIM7_IRQHandler   main.o
    0x080014e4   0x00000006   Code   RO         1574    i.TIM_ClearFlag     stm32f0xx_tim.o
    0x080014ea   0x00000006   Code   RO         1575    i.TIM_ClearITPendingBit  stm32f0xx_tim.o
    0x080014f0   0x0000001c   Code   RO         1580    i.TIM_Cmd           stm32f0xx_tim.o
    0x0800150c   0x00000006   Code   RO         1599    i.TIM_GetCounter    stm32f0xx_tim.o
    0x08001512   0x00000014   Code   RO         1600    i.TIM_GetFlagStatus  stm32f0xx_tim.o
    0x08001526   0x00000026   Code   RO         1601    i.TIM_GetITStatus   stm32f0xx_tim.o
    0x0800154c   0x00000014   Code   RO         1605    i.TIM_ITConfig      stm32f0xx_tim.o
    0x08001560   0x00000004   Code   RO         1641    i.TIM_SetAutoreload  stm32f0xx_tim.o
    0x08001564   0x00000004   Code   RO         1647    i.TIM_SetCounter    stm32f0xx_tim.o
    0x08001568   0x0000007c   Code   RO         1653    i.TIM_TimeBaseInit  stm32f0xx_tim.o
    0x080015e4   0x0000005c   Code   RO          572    i.TOAdata_process   main.o
    0x08001640   0x0000004c   Code   RO         3015    i.Timer2_Init       usmart.o
    0x0800168c   0x00000094   Code   RO            3    i.USART1_IRQHandler  usart_v1.o
    0x08001720   0x00000004   Code   RO         2135    i.USART_ClearFlag   stm32f0xx_usart.o
    0x08001724   0x00000018   Code   RO         2139    i.USART_Cmd         stm32f0xx_usart.o
    0x0800173c   0x000000b0   Code   RO            4    i.USART_Config      usart_v1.o
    0x080017ec   0x00000014   Code   RO         2142    i.USART_DMACmd      stm32f0xx_usart.o
    0x08001800   0x00000014   Code   RO         2147    i.USART_GetFlagStatus  stm32f0xx_usart.o
    0x08001814   0x0000004e   Code   RO         2148    i.USART_GetITStatus  stm32f0xx_usart.o
    0x08001862   0x00000042   Code   RO         2150    i.USART_ITConfig    stm32f0xx_usart.o
    0x080018a4   0x000000f8   Code   RO         2151    i.USART_Init        stm32f0xx_usart.o
    0x0800199c   0x0000000a   Code   RO         2163    i.USART_ReceiveData  stm32f0xx_usart.o
    0x080019a6   0x00000008   Code   RO         2168    i.USART_SendData    stm32f0xx_usart.o
    0x080019ae   0x00000002   Code   RO          752    i.Unset_start_AR    test_fun.o
    0x080019b0   0x000003b8   Code   RO          573    i.WirelessSyncDataProcess_MA  main.o
    0x08001d68   0x00000020   Code   RO         4005    i.__0printf$8       mc_p.l(printf8.o)
    0x08001d88   0x0000001c   Code   RO         3093    i.__ARM_common_switch8  usmart.o
    0x08001da4   0x0000000e   Code   RO         4101    i.__scatterload_copy  mc_p.l(handlers.o)
    0x08001db2   0x00000002   Code   RO         4102    i.__scatterload_null  mc_p.l(handlers.o)
    0x08001db4   0x0000000e   Code   RO         4103    i.__scatterload_zeroinit  mc_p.l(handlers.o)
    0x08001dc2   0x00000018   Code   RO         3209    i._dwt_aonarrayupload  deca_device.o
    0x08001dda   0x00000002   PAD
    0x08001ddc   0x0000003c   Code   RO         3211    i._dwt_configlde    deca_device.o
    0x08001e18   0x00000014   Code   RO         3212    i._dwt_disablesequencing  deca_device.o
    0x08001e2c   0x000000ec   Code   RO         3213    i._dwt_enableclocks  deca_device.o
    0x08001f18   0x00000022   Code   RO         3214    i._dwt_loaducodefromrom  deca_device.o
    0x08001f3a   0x00000030   Code   RO         3216    i._dwt_otpread      deca_device.o
    0x08001f6a   0x00000002   PAD
    0x08001f6c   0x00000428   Code   RO         4012    i._printf_core      mc_p.l(printf8.o)
    0x08002394   0x00000020   Code   RO         4013    i._printf_post_padding  mc_p.l(printf8.o)
    0x080023b4   0x0000002c   Code   RO         4014    i._printf_pre_padding  mc_p.l(printf8.o)
    0x080023e0   0x00000038   Code   RO          575    i.cacu_crc          main.o
    0x08002418   0x0000000c   Code   RO          240    i.deca_sleep        deca_sleep.o
    0x08002424   0x00000008   Code   RO          274    i.decamutexoff      deca_mutex.o
    0x0800242c   0x0000000a   Code   RO          275    i.decamutexon       deca_mutex.o
    0x08002436   0x00000002   PAD
    0x08002438   0x00000054   Code   RO          705    i.delay_init        delay.o
    0x0800248c   0x00000068   Code   RO          176    i.dw1000IRQ_init    exti_v1.o
    0x080024f4   0x0000023c   Code   RO         3223    i.dwt_configure     deca_device.o
    0x08002730   0x00000030   Code   RO         3227    i.dwt_enableautoack  deca_device.o
    0x08002760   0x00000048   Code   RO         3228    i.dwt_enableframefilter  deca_device.o
    0x080027a8   0x00000054   Code   RO         3231    i.dwt_forcetrxoff   deca_device.o
    0x080027fc   0x00000100   Code   RO         3236    i.dwt_initialise    deca_device.o
    0x080028fc   0x00000170   Code   RO         3237    i.dwt_isr           deca_device.o
    0x08002a6c   0x00000026   Code   RO         3243    i.dwt_read16bitoffsetreg  deca_device.o
    0x08002a92   0x0000002a   Code   RO         3244    i.dwt_read32bitoffsetreg  deca_device.o
    0x08002abc   0x00000018   Code   RO         3245    i.dwt_read8bitoffsetreg  deca_device.o
    0x08002ad4   0x0000000c   Code   RO         3247    i.dwt_readdevid     deca_device.o
    0x08002ae0   0x00000060   Code   RO         3250    i.dwt_readfromdevice  deca_device.o
    0x08002b40   0x00000016   Code   RO         3251    i.dwt_readrxdata    deca_device.o
    0x08002b56   0x00000012   Code   RO         3252    i.dwt_readrxtimestamp  deca_device.o
    0x08002b68   0x00000012   Code   RO         3258    i.dwt_readtxtimestamp  deca_device.o
    0x08002b7a   0x00000066   Code   RO         3263    i.dwt_rxenable      deca_device.o
    0x08002be0   0x00000018   Code   RO         3264    i.dwt_rxreset       deca_device.o
    0x08002bf8   0x00000010   Code   RO         3265    i.dwt_setaddress16  deca_device.o
    0x08002c08   0x00000014   Code   RO         3266    i.dwt_setcallbacks  deca_device.o
    0x08002c1c   0x00000010   Code   RO         3268    i.dwt_setdelayedtrxtime  deca_device.o
    0x08002c2c   0x00000012   Code   RO         3269    i.dwt_seteui        deca_device.o
    0x08002c3e   0x0000003a   Code   RO         3273    i.dwt_setinterrupt  deca_device.o
    0x08002c78   0x000000a4   Code   RO         3274    i.dwt_setleds       deca_device.o
    0x08002d1c   0x00000010   Code   RO         3277    i.dwt_setpanid      deca_device.o
    0x08002d2c   0x00000014   Code   RO         3280    i.dwt_setrxantennadelay  deca_device.o
    0x08002d40   0x00000060   Code   RO         3281    i.dwt_setrxtimeout  deca_device.o
    0x08002da0   0x00000010   Code   RO         3285    i.dwt_settxantennadelay  deca_device.o
    0x08002db0   0x0000001a   Code   RO         3286    i.dwt_setxtaltrim   deca_device.o
    0x08002dca   0x00000002   PAD
    0x08002dcc   0x00000044   Code   RO         3287    i.dwt_softreset     deca_device.o
    0x08002e10   0x00000080   Code   RO         3289    i.dwt_starttx       deca_device.o
    0x08002e90   0x00000026   Code   RO         3290    i.dwt_syncrxbufptrs  deca_device.o
    0x08002eb6   0x0000001e   Code   RO         3291    i.dwt_write16bitoffsetreg  deca_device.o
    0x08002ed4   0x00000026   Code   RO         3292    i.dwt_write32bitoffsetreg  deca_device.o
    0x08002efa   0x00000014   Code   RO         3293    i.dwt_write8bitoffsetreg  deca_device.o
    0x08002f0e   0x00000064   Code   RO         3294    i.dwt_writetodevice  deca_device.o
    0x08002f72   0x00000028   Code   RO         3295    i.dwt_writetxdata   deca_device.o
    0x08002f9a   0x00000002   PAD
    0x08002f9c   0x00000028   Code   RO         3296    i.dwt_writetxfctrl  deca_device.o
    0x08002fc4   0x0000001e   Code   RO          329    i.final_msg_get_ts  deca_callback.o
    0x08002fe2   0x0000001c   Code   RO          330    i.final_msg_set_ts  deca_callback.o
    0x08002ffe   0x00000002   PAD
    0x08003000   0x00000034   Code   RO            5    i.fputc             usart_v1.o
    0x08003034   0x0000002c   Code   RO          753    i.getIDs            test_fun.o
    0x08003060   0x00000020   Code   RO          754    i.getSYSstatus      test_fun.o
    0x08003080   0x0000002e   Code   RO          331    i.get_rx_timestamp_u64  deca_callback.o
    0x080030ae   0x0000002e   Code   RO          332    i.get_tx_timestamp_u64  deca_callback.o
    0x080030dc   0x0000001c   Code   RO          755    i.getloctime        test_fun.o
    0x080030f8   0x000001dc   Code   RO          577    i.main              main.o
    0x080032d4   0x00000070   Code   RO          177    i.nrf24l01_init     exti_v1.o
    0x08003344   0x0000000c   Code   RO          178    i.port_set_deca_isr  exti_v1.o
    0x08003350   0x0000001c   Code   RO          756    i.read_test         test_fun.o
    0x0800336c   0x0000008c   Code   RO          300    i.readfromspi       deca_spi.o
    0x080033f8   0x00000054   Code   RO          578    i.reset_DW1000      main.o
    0x0800344c   0x0000000c   Code   RO          333    i.rx_err_cb         deca_callback.o
    0x08003458   0x00000118   Code   RO          334    i.rx_ok_cb          deca_callback.o
    0x08003570   0x0000000c   Code   RO          335    i.rx_to_cb          deca_callback.o
    0x0800357c   0x00000050   Code   RO          146    i.set_spi_high      spi_v1.o
    0x080035cc   0x000000cc   Code   RO          147    i.spi_init          spi_v1.o
    0x08003698   0x00000044   Code   RO          579    i.start_DMA         main.o
    0x080036dc   0x00000064   Code   RO          757    i.testfun1          test_fun.o
    0x08003740   0x00000064   Code   RO          758    i.testfun2          test_fun.o
    0x080037a4   0x0000000c   Code   RO          336    i.tx_conf_cb        deca_callback.o
    0x080037b0   0x0000002c   Code   RO          759    i.unlockflash       test_fun.o
    0x080037dc   0x000000b4   Code   RO         3017    i.usmart_cmd_rec    usmart.o
    0x08003890   0x000002fc   Code   RO         3018    i.usmart_exe        usmart.o
    0x08003b8c   0x000000d6   Code   RO         3131    i.usmart_get_aparm  usmart_str.o
    0x08003c62   0x00000036   Code   RO         3132    i.usmart_get_cmdname  usmart_str.o
    0x08003c98   0x000001d8   Code   RO         3133    i.usmart_get_fname  usmart_str.o
    0x08003e70   0x00000110   Code   RO         3134    i.usmart_get_fparam  usmart_str.o
    0x08003f80   0x00000020   Code   RO         3135    i.usmart_get_parmpos  usmart_str.o
    0x08003fa0   0x0000003c   Code   RO         3019    i.usmart_get_runtime  usmart.o
    0x08003fdc   0x00000024   Code   RO         3020    i.usmart_init       usmart.o
    0x08004000   0x0000001a   Code   RO         3136    i.usmart_pow        usmart_str.o
    0x0800401a   0x00000002   PAD
    0x0800401c   0x00000030   Code   RO         3021    i.usmart_reset_runtime  usmart.o
    0x0800404c   0x000000c4   Code   RO         3022    i.usmart_scan       usmart.o
    0x08004110   0x00000016   Code   RO         3137    i.usmart_search_nextc  usmart_str.o
    0x08004126   0x000000d0   Code   RO         3138    i.usmart_str2num    usmart_str.o
    0x080041f6   0x00000024   Code   RO         3139    i.usmart_strcmp     usmart_str.o
    0x0800421a   0x00000018   Code   RO         3140    i.usmart_strcopy    usmart_str.o
    0x08004232   0x0000001a   Code   RO         3141    i.usmart_strlen     usmart_str.o
    0x0800424c   0x000006f4   Code   RO         3023    i.usmart_sys_cmd_exe  usmart.o
    0x08004940   0x00000088   Code   RO          301    i.writetospi        deca_spi.o
    0x080049c8   0x00000016   Data   RO          581    .constdata          main.o
    0x080049de   0x00000002   PAD
    0x080049e0   0x000000ae   Data   RO         3764    .constdata          deca_params_init.o
    0x08004a8e   0x00000002   PAD
    0x08004a90   0x00000028   Data   RO         3025    .conststring        usmart.o
    0x08004ab8   0x00000143   Data   RO         3107    .conststring        usmart_config.o
    0x08004bfb   0x00000001   PAD
    0x08004bfc   0x00000020   Data   RO         4099    Region$$Table       anon$$obj.o


    Execution Region RW_IRAM1 (Base: 0x20000000, Size: 0x00001640, Max: 0x00004000, ABSOLUTE, COMPRESSED[0x000000c4])

    Base Addr    Size         Type   Attr      Idx    E Section Name        Object

    0x20000000   0x00000002   Data   RW            8    .data               usart_v1.o
    0x20000002   0x00000002   PAD
    0x20000004   0x00000007   Data   RW          180    .data               exti_v1.o
    0x2000000b   0x00000005   PAD
    0x20000010   0x00000019   Data   RW          338    .data               deca_callback.o
    0x20000029   0x00000002   Data   RW          441    .data               rf24l01.o
    0x2000002b   0x00000080   Data   RW          519    .data               deca_user_api.o
    0x200000ab   0x00000001   PAD
    0x200000ac   0x0000003b   Data   RW          582    .data               main.o
    0x200000e7   0x00000001   PAD
    0x200000e8   0x00000004   Data   RW          706    .data               delay.o
    0x200000ec   0x00000004   Data   RW          760    .data               test_fun.o
    0x200000f0   0x00000010   Data   RW         1069    .data               stm32f0xx_rcc.o
    0x20000100   0x00000014   Data   RW         2952    .data               system_stm32f0xx.o
    0x20000114   0x0000001c   Data   RW         3026    .data               usmart.o
    0x20000130   0x00000154   Data   RW         3108    .data               usmart_config.o
    0x20000284   0x00000004   Data   RW         4073    .data               mc_p.l(stdout.o)
    0x20000288   0x00000080   Zero   RW            7    .bss                usart_v1.o
    0x20000308   0x00000640   Zero   RW          179    .bss                exti_v1.o
    0x20000948   0x000005a0   Zero   RW          337    .bss                deca_callback.o
    0x20000ee8   0x00000320   Zero   RW          580    .bss                main.o
    0x20001208   0x00000038   Zero   RW         3297    .bss                deca_device.o
    0x20001240   0x00000400   Zero   RW         3005    STACK               startup_stm32f072.o


==============================================================================

Image component sizes


      Code (inc. data)   RO Data    RW Data    ZI Data      Debug   Object Name

       466         38          0         25       1440       6140   deca_callback.o
      3186        168          0          0         56      29433   deca_device.o
        18          0          0          0          0        917   deca_mutex.o
         0          0        174          0          0       4844   deca_params_init.o
        12          0          0          0          0       5166   deca_sleep.o
       276         16          0          0          0       2147   deca_spi.o
         0          0          0        128          0       1121   deca_user_api.o
       280         26          0          4          0       7611   delay.o
       424         44          0          7       1600       6581   exti_v1.o
       100         10          0          0          0        491   led.o
      2678        362         22         59        800      10013   main.o
       712         24          0          2          0       5643   rf24l01.o
       284         14          0          0          0       1134   spi_v1.o
        88         38        192          0       1024        604   startup_stm32f072.o
       140         44          0          0          0       3152   stm32f0xx_crc.o
       248         36          0          0          0       4670   stm32f0xx_dma.o
       176         16          0          0          0       1848   stm32f0xx_exti.o
       240          0          0          0          0       3119   stm32f0xx_gpio.o
        26          4          0          0          0       1967   stm32f0xx_it.o
       148         10          0          0          0       1282   stm32f0xx_misc.o
       680         42          0         16          0       3310   stm32f0xx_rcc.o
       178         20          0          0          0       3576   stm32f0xx_spi.o
        64          4          0          0          0        576   stm32f0xx_syscfg.o
       256         38          0          0          0       5672   stm32f0xx_tim.o
       478         22          0          0          0       5958   stm32f0xx_usart.o
       252         24          0         20          0       1425   system_stm32f0xx.o
       616        262          0          4          0       5465   test_fun.o
       376         32          0          2        128     252683   usart_v1.o
      3224       1350         40         28          0       6434   usmart.o
         0          0        323        340          0       1540   usmart_config.o
      1386         22          0          0          0       8241   usmart_str.o

    ----------------------------------------------------------------------
     17034       2666        788        644       5048     392763   Object Totals
         0          0         32          0          0          0   (incl. Generated)
        22          0          5          9          0          0   (incl. Padding)

    ----------------------------------------------------------------------

      Code (inc. data)   RO Data    RW Data    ZI Data      Debug   Library Member Name

        86          0          0          0          0          0   __dczerorl2.o
         0          0          0          0          0          0   entry.o
         0          0          0          0          0          0   entry10a.o
         0          0          0          0          0          0   entry11a.o
         8          4          0          0          0          0   entry2.o
         4          0          0          0          0          0   entry5.o
         0          0          0          0          0          0   entry7b.o
         0          0          0          0          0          0   entry8b.o
         8          4          0          0          0          0   entry9a.o
        30          0          0          0          0          0   handlers.o
        40          0          0          0          0         72   idiv.o
        36          8          0          0          0         68   init.o
        32          0          0          0          0         68   llshl.o
        34          0          0          0          0         68   llushr.o
        36          0          0          0          0         60   memcpya.o
        36          0          0          0          0        100   memseta.o
      1172         52          0          0          0        324   printf8.o
         0          0          0          4          0          0   stdout.o
        44          0          0          0          0         72   uidiv.o
        96          0          0          0          0         84   uldiv.o

    ----------------------------------------------------------------------
      1662         68          0          4          0        916   Library Totals
         0          0          0          0          0          0   (incl. Padding)

    ----------------------------------------------------------------------

      Code (inc. data)   RO Data    RW Data    ZI Data      Debug   Library Name

      1662         68          0          4          0        916   mc_p.l

    ----------------------------------------------------------------------
      1662         68          0          4          0        916   Library Totals

    ----------------------------------------------------------------------

==============================================================================


      Code (inc. data)   RO Data    RW Data    ZI Data      Debug   

     18696       2734        788        648       5048     385719   Grand Totals
     18696       2734        788        196       5048     385719   ELF Image Totals (compressed)
     18696       2734        788        196          0          0   ROM Totals

==============================================================================

    Total RO  Size (Code + RO Data)                19484 (  19.03kB)
    Total RW  Size (RW Data + ZI Data)              5696 (   5.56kB)
    Total ROM Size (Code + RO Data + RW Data)      19680 (  19.22kB)

==============================================================================

