Component: ARM Compiler 5.05 update 1 (build 106) Tool: armlink [4d0efa]

==============================================================================

Section Cross References

    usart_v1.o(i.USART1_IRQHandler) refers to stm32f0xx_usart.o(i.USART_GetITStatus) for USART_GetITStatus
    usart_v1.o(i.USART1_IRQHandler) refers to stm32f0xx_usart.o(i.USART_ReceiveData) for USART_ReceiveData
    usart_v1.o(i.USART1_IRQHandler) refers to usart_v1.o(.data) for USART_RX_STA
    usart_v1.o(i.USART1_IRQHandler) refers to usart_v1.o(.bss) for USART_RX_BUF
    usart_v1.o(i.USART_Config) refers to stm32f0xx_rcc.o(i.RCC_AHBPeriphClockCmd) for RCC_AHBPeriphClockCmd
    usart_v1.o(i.USART_Config) refers to stm32f0xx_rcc.o(i.RCC_APB2PeriphClockCmd) for RCC_APB2PeriphClockCmd
    usart_v1.o(i.USART_Config) refers to stm32f0xx_gpio.o(i.GPIO_PinAFConfig) for GPIO_PinAFConfig
    usart_v1.o(i.USART_Config) refers to stm32f0xx_gpio.o(i.GPIO_Init) for GPIO_Init
    usart_v1.o(i.USART_Config) refers to stm32f0xx_usart.o(i.USART_Init) for USART_Init
    usart_v1.o(i.USART_Config) refers to stm32f0xx_usart.o(i.USART_ClearFlag) for USART_ClearFlag
    usart_v1.o(i.USART_Config) refers to stm32f0xx_usart.o(i.USART_ITConfig) for USART_ITConfig
    usart_v1.o(i.USART_Config) refers to stm32f0xx_usart.o(i.USART_Cmd) for USART_Cmd
    usart_v1.o(i.USART_Config) refers to stm32f0xx_misc.o(i.NVIC_Init) for NVIC_Init
    usart_v1.o(i.fputc) refers to stm32f0xx_usart.o(i.USART_GetFlagStatus) for USART_GetFlagStatus
    usart_v1.o(i.fputc) refers to stm32f0xx_usart.o(i.USART_SendData) for USART_SendData
    usart_v1.o(i.usart_trans) refers to usart_v1.o(i.fputc) for fputc
    spi_v1.o(i.set_spi_high) refers to stm32f0xx_spi.o(i.SPI_Cmd) for SPI_Cmd
    spi_v1.o(i.set_spi_high) refers to stm32f0xx_spi.o(i.SPI_Init) for SPI_Init
    spi_v1.o(i.spi_init) refers to stm32f0xx_rcc.o(i.RCC_AHBPeriphClockCmd) for RCC_AHBPeriphClockCmd
    spi_v1.o(i.spi_init) refers to stm32f0xx_rcc.o(i.RCC_APB1PeriphClockCmd) for RCC_APB1PeriphClockCmd
    spi_v1.o(i.spi_init) refers to stm32f0xx_gpio.o(i.GPIO_PinAFConfig) for GPIO_PinAFConfig
    spi_v1.o(i.spi_init) refers to stm32f0xx_gpio.o(i.GPIO_Init) for GPIO_Init
    spi_v1.o(i.spi_init) refers to stm32f0xx_spi.o(i.SPI_Init) for SPI_Init
    spi_v1.o(i.spi_init) refers to stm32f0xx_spi.o(i.SPI_RxFIFOThresholdConfig) for SPI_RxFIFOThresholdConfig
    spi_v1.o(i.spi_init) refers to stm32f0xx_spi.o(i.SPI_Cmd) for SPI_Cmd
    spi_v1.o(i.spi_init) refers to stm32f0xx_gpio.o(i.GPIO_SetBits) for GPIO_SetBits
    exti_v1.o(i.EXTI4_15_IRQHandler) refers to stm32f0xx_exti.o(i.EXTI_GetITStatus) for EXTI_GetITStatus
    exti_v1.o(i.EXTI4_15_IRQHandler) refers to stm32f0xx_gpio.o(i.GPIO_ReadInputDataBit) for GPIO_ReadInputDataBit
    exti_v1.o(i.EXTI4_15_IRQHandler) refers to stm32f0xx_exti.o(i.EXTI_ClearITPendingBit) for EXTI_ClearITPendingBit
    exti_v1.o(i.EXTI4_15_IRQHandler) refers to rf24l01.o(i.NRF24L01_RxPacket) for NRF24L01_RxPacket
    exti_v1.o(i.EXTI4_15_IRQHandler) refers to idiv.o(.text) for __aeabi_idivmod
    exti_v1.o(i.EXTI4_15_IRQHandler) refers to exti_v1.o(.data) for port_deca_isr
    exti_v1.o(i.EXTI4_15_IRQHandler) refers to rf24l01.o(.data) for nrfsta
    exti_v1.o(i.EXTI4_15_IRQHandler) refers to exti_v1.o(.bss) for NrfQue
    exti_v1.o(i.EXTI4_15_IRQHandler) refers to main.o(.bss) for nrf_Rx_Buffer
    exti_v1.o(i.dw1000IRQ_init) refers to stm32f0xx_rcc.o(i.RCC_APB2PeriphClockCmd) for RCC_APB2PeriphClockCmd
    exti_v1.o(i.dw1000IRQ_init) refers to stm32f0xx_rcc.o(i.RCC_AHBPeriphClockCmd) for RCC_AHBPeriphClockCmd
    exti_v1.o(i.dw1000IRQ_init) refers to stm32f0xx_gpio.o(i.GPIO_Init) for GPIO_Init
    exti_v1.o(i.dw1000IRQ_init) refers to stm32f0xx_syscfg.o(i.SYSCFG_EXTILineConfig) for SYSCFG_EXTILineConfig
    exti_v1.o(i.dw1000IRQ_init) refers to stm32f0xx_exti.o(i.EXTI_Init) for EXTI_Init
    exti_v1.o(i.dw1000IRQ_init) refers to stm32f0xx_misc.o(i.NVIC_Init) for NVIC_Init
    exti_v1.o(i.nrf24l01_init) refers to stm32f0xx_rcc.o(i.RCC_APB2PeriphClockCmd) for RCC_APB2PeriphClockCmd
    exti_v1.o(i.nrf24l01_init) refers to stm32f0xx_rcc.o(i.RCC_AHBPeriphClockCmd) for RCC_AHBPeriphClockCmd
    exti_v1.o(i.nrf24l01_init) refers to stm32f0xx_syscfg.o(i.SYSCFG_EXTILineConfig) for SYSCFG_EXTILineConfig
    exti_v1.o(i.nrf24l01_init) refers to stm32f0xx_gpio.o(i.GPIO_Init) for GPIO_Init
    exti_v1.o(i.nrf24l01_init) refers to stm32f0xx_exti.o(i.EXTI_Init) for EXTI_Init
    exti_v1.o(i.nrf24l01_init) refers to stm32f0xx_misc.o(i.NVIC_Init) for NVIC_Init
    exti_v1.o(i.port_set_deca_isr) refers to exti_v1.o(.data) for port_deca_isr
    deca_sleep.o(i.deca_sleep) refers to delay.o(i.Delay_ms) for Delay_ms
    deca_spi.o(i.readfromspi) refers to deca_mutex.o(i.decamutexon) for decamutexon
    deca_spi.o(i.readfromspi) refers to stm32f0xx_gpio.o(i.GPIO_ResetBits) for GPIO_ResetBits
    deca_spi.o(i.readfromspi) refers to stm32f0xx_spi.o(i.SPI_SendData8) for SPI_SendData8
[...]
    .text                                    0x08000628   Section        0  dfixul.o(.text)
    .text                                    0x08000668   Section       40  cdrcmple.o(.text)
    .text                                    0x08000690   Section       36  init.o(.text)
    .text                                    0x080006b4   Section        0  llshl.o(.text)
    .text                                    0x080006d4   Section        0  llushr.o(.text)
    .text                                    0x080006f6   Section        0  llsshr.o(.text)
    .text                                    0x0800071c   Section        0  __dczerorl2.o(.text)
    i.AssignTimeWindow                       0x08000774   Section        0  main.o(i.AssignTimeWindow)
    AssignTimeWindow                         0x08000775   Thumb Code   162  main.o(i.AssignTimeWindow)
    i.CRC_CalcCRC8bits                       0x08000830   Section        0  stm32f0xx_crc.o(i.CRC_CalcCRC8bits)
    i.CRC_DeInit                             0x08000840   Section        0  stm32f0xx_crc.o(i.CRC_DeInit)
    i.CRC_GetCRC                             0x08000864   Section        0  stm32f0xx_crc.o(i.CRC_GetCRC)
    i.CRC_PolynomialSizeSelect               0x08000870   Section        0  stm32f0xx_crc.o(i.CRC_PolynomialSizeSelect)
    i.CRC_ResetDR                            0x08000890   Section        0  stm32f0xx_crc.o(i.CRC_ResetDR)
    i.CRC_SetInitRegister                    0x080008a4   Section        0  stm32f0xx_crc.o(i.CRC_SetInitRegister)
    i.CRC_SetPolynomial                      0x080008b0   Section        0  stm32f0xx_crc.o(i.CRC_SetPolynomial)
    i.CRC_init                               0x080008bc   Section        0  main.o(i.CRC_init)
    i.DMA1_Channel2_3_IRQHandler             0x080008e0   Section        0  main.o(i.DMA1_Channel2_3_IRQHandler)
    i.DMA_ClearFlag                          0x08000910   Section        0  stm32f0xx_dma.o(i.DMA_ClearFlag)
    i.DMA_Cmd                                0x08000930   Section        0  stm32f0xx_dma.o(i.DMA_Cmd)
    i.DMA_GetFlagStatus                      0x0800094c   Section        0  stm32f0xx_dma.o(i.DMA_GetFlagStatus)
    i.DMA_ITConfig                           0x08000980   Section        0  stm32f0xx_dma.o(i.DMA_ITConfig)
    i.DMA_Init                               0x08000994   Section        0  stm32f0xx_dma.o(i.DMA_Init)
    i.DMA_RemapConfig                        0x080009d4   Section        0  stm32f0xx_dma.o(i.DMA_RemapConfig)
    i.DMA_init                               0x08000a08   Section        0  main.o(i.DMA_init)
    i.DMA_test                               0x08000a80   Section        0  test_fun.o(i.DMA_test)
    i.DS_TwoWayRanging                       0x08000ab0   Section        0  main.o(i.DS_TwoWayRanging)
    DS_TwoWayRanging                         0x08000ab1   Thumb Code   524  main.o(i.DS_TwoWayRanging)
    i.Delay_ms                               0x08000d0c   Section        0  delay.o(i.Delay_ms)
    i.EXTI4_15_IRQHandler                    0x08000d58   Section        0  exti_v1.o(i.EXTI4_15_IRQHandler)
    i.EXTI_ClearITPendingBit                 0x08000e1c   Section        0  stm32f0xx_exti.o(i.EXTI_ClearITPendingBit)
    i.EXTI_GetITStatus                       0x08000e28   Section        0  stm32f0xx_exti.o(i.EXTI_GetITStatus)
    i.EXTI_Init                              0x08000e44   Section        0  stm32f0xx_exti.o(i.EXTI_Init)
    i.GET_Time2Tpoint                        0x08000ecc   Section        0  test_fun.o(i.GET_Time2Tpoint)
    i.GPIO_Init                              0x08000efc   Section        0  stm32f0xx_gpio.o(i.GPIO_Init)
    i.GPIO_PinAFConfig                       0x08000f8c   Section        0  stm32f0xx_gpio.o(i.GPIO_PinAFConfig)
    i.GPIO_ReadInputDataBit                  0x08000fd0   Section        0  stm32f0xx_gpio.o(i.GPIO_ReadInputDataBit)
    i.GPIO_ResetBits                         0x08000fe4   Section        0  stm32f0xx_gpio.o(i.GPIO_ResetBits)
    i.GPIO_SetBits                           0x08000fe8   Section        0  stm32f0xx_gpio.o(i.GPIO_SetBits)
    i.HardFault_Handler                      0x08000fec   Section        0  stm32f0xx_it.o(i.HardFault_Handler)
    i.LED_Init                               0x08000ff0   Section        0  led.o(i.LED_Init)
    i.NMI_Handler                            0x08001054   Section        0  stm32f0xx_it.o(i.NMI_Handler)
    i.NRF24L01_Check                         0x08001058   Section        0  rf24l01.o(i.NRF24L01_Check)
    i.NRF24L01_Read_Buf                      0x080010b8   Section        0  rf24l01.o(i.NRF24L01_Read_Buf)
    i.NRF24L01_Read_Reg                      0x080010f4   Section        0  rf24l01.o(i.NRF24L01_Read_Reg)
    i.NRF24L01_RxPacket                      0x0800111e   Section        0  rf24l01.o(i.NRF24L01_RxPacket)
    i.NRF24L01_Write_Buf                     0x0800115c   Section        0  rf24l01.o(i.NRF24L01_Write_Buf)
    i.NRF24L01_Write_Reg                     0x08001198   Section        0  rf24l01.o(i.NRF24L01_Write_Reg)
    i.NVIC_Init                              0x080011c4   Section        0  stm32f0xx_misc.o(i.NVIC_Init)
    i.NVIC_SetPriority                       0x08001234   Section        0  delay.o(i.NVIC_SetPriority)
    NVIC_SetPriority                         0x08001235   Thumb Code   110  delay.o(i.NVIC_SetPriority)
    i.PendSV_Handler                         0x080012ac   Section        0  stm32f0xx_it.o(i.PendSV_Handler)
    i.Prt_anchnum                            0x080012b0   Section        0  test_fun.o(i.Prt_anchnum)
    i.RCC_AHBPeriphClockCmd                  0x080012d4   Section        0  stm32f0xx_rcc.o(i.RCC_AHBPeriphClockCmd)
    i.RCC_APB1PeriphClockCmd                 0x080012f4   Section        0  stm32f0xx_rcc.o(i.RCC_APB1PeriphClockCmd)
    i.RCC_APB2PeriphClockCmd                 0x08001314   Section        0  stm32f0xx_rcc.o(i.RCC_APB2PeriphClockCmd)
    i.RCC_GetClocksFreq                      0x08001334   Section        0  stm32f0xx_rcc.o(i.RCC_GetClocksFreq)
    i.SET_Tpoint                             0x0800157c   Section        0  test_fun.o(i.SET_Tpoint)
    i.SPI_Cmd                                0x0800158c   Section        0  stm32f0xx_spi.o(i.SPI_Cmd)
    i.SPI_I2S_GetFlagStatus                  0x080015a8   Section        0  stm32f0xx_spi.o(i.SPI_I2S_GetFlagStatus)
    i.SPI_Init                               0x080015bc   Section        0  stm32f0xx_spi.o(i.SPI_Init)
    i.SPI_RF_Init                            0x08001614   Section        0  rf24l01.o(i.SPI_RF_Init)
    i.SPI_RF_SendByte                        0x0800173c   Section        0  rf24l01.o(i.SPI_RF_SendByte)
    i.SPI_ReceiveData8                       0x08001770   Section        0  stm32f0xx_spi.o(i.SPI_ReceiveData8)
    i.SPI_RxFIFOThresholdConfig              0x0800177c   Section        0  stm32f0xx_spi.o(i.SPI_RxFIFOThresholdConfig)
    i.SPI_SendData8                          0x08001790   Section        0  stm32f0xx_spi.o(i.SPI_SendData8)
    i.SVC_Handler                            0x0800179a   Section        0  stm32f0xx_it.o(i.SVC_Handler)
    i.SYSCFG_EXTILineConfig                  0x0800179c   Section        0  stm32f0xx_syscfg.o(i.SYSCFG_EXTILineConfig)
    i.SetSysClock                            0x080017dc   Section        0  system_stm32f0xx.o(i.SetSysClock)
    SetSysClock                              0x080017dd   Thumb Code   118  system_stm32f0xx.o(i.SetSysClock)
    i.Set_start_AR                           0x0800185c   Section        0  test_fun.o(i.Set_start_AR)
    i.SysTick_CLKSourceConfig                0x08001860   Section        0  stm32f0xx_misc.o(i.SysTick_CLKSourceConfig)
    i.SysTick_Handler                        0x08001884   Section        0  stm32f0xx_it.o(i.SysTick_Handler)
    i.SystemInit                             0x08001894   Section        0  system_stm32f0xx.o(i.SystemInit)
    i.System_GetClocks                       0x08001910   Section        0  test_fun.o(i.System_GetClocks)
    i.TIM14_IRQHandler                       0x080019a8   Section        0  usmart.o(i.TIM14_IRQHandler)
    i.TIM7_IRQHandler                        0x080019e0   Section        0  main.o(i.TIM7_IRQHandler)
    i.TIM_ClearFlag                          0x08001a6c   Section        0  stm32f0xx_tim.o(i.TIM_ClearFlag)
    i.TIM_ClearITPendingBit                  0x08001a72   Section        0  stm32f0xx_tim.o(i.TIM_ClearITPendingBit)
    i.TIM_Cmd                                0x08001a78   Section        0  stm32f0xx_tim.o(i.TIM_Cmd)
    i.TIM_GetCounter                         0x08001a94   Section        0  stm32f0xx_tim.o(i.TIM_GetCounter)
    i.TIM_GetFlagStatus                      0x08001a9a   Section        0  stm32f0xx_tim.o(i.TIM_GetFlagStatus)
    i.TIM_GetITStatus                        0x08001aae   Section        0  stm32f0xx_tim.o(i.TIM_GetITStatus)
    i.TIM_ITConfig                           0x08001ad4   Section        0  stm32f0xx_tim.o(i.TIM_ITConfig)
    i.TIM_SetAutoreload                      0x08001ae8   Section        0  stm32f0xx_tim.o(i.TIM_SetAutoreload)
    i.TIM_SetCounter                         0x08001aec   Section        0  stm32f0xx_tim.o(i.TIM_SetCounter)
    i.TIM_TimeBaseInit                       0x08001af0   Section        0  stm32f0xx_tim.o(i.TIM_TimeBaseInit)
    i.TOAdata_process                        0x08001b6c   Section        0  main.o(i.TOAdata_process)
    TOAdata_process                          0x08001b6d   Thumb Code    72  main.o(i.TOAdata_process)
    i.Timer2_Init                            0x08001bcc   Section        0  usmart.o(i.Timer2_Init)
    i.USART1_IRQHandler                      0x08001c18   Section        0  usart_v1.o(i.USART1_IRQHandler)
    i.USART_ClearFlag                        0x08001cac   Section        0  stm32f0xx_usart.o(i.USART_ClearFlag)
    i.USART_Cmd                              0x08001cb0   Section        0  stm32f0xx_usart.o(i.USART_Cmd)
    i.USART_Config                           0x08001cc8   Section        0  usart_v1.o(i.USART_Config)
    i.USART_DMACmd                           0x08001d78   Section        0  stm32f0xx_usart.o(i.USART_DMACmd)
    i.USART_GetFlagStatus                    0x08001d8c   Section        0  stm32f0xx_usart.o(i.USART_GetFlagStatus)
    i.USART_GetITStatus                      0x08001da0   Section        0  stm32f0xx_usart.o(i.USART_GetITStatus)
    i.USART_ITConfig                         0x08001dee   Section        0  stm32f0xx_usart.o(i.USART_ITConfig)
    i.USART_Init                             0x08001e30   Section        0  stm32f0xx_usart.o(i.USART_Init)
    i.USART_ReceiveData                      0x08001f28   Section        0  stm32f0xx_usart.o(i.USART_ReceiveData)
    i.USART_SendData                         0x08001f32   Section        0  stm32f0xx_usart.o(i.USART_SendData)
    i.Unset_start_AR                         0x08001f3a   Section        0  test_fun.o(i.Unset_start_AR)
    i.WirelessSyncDataProcess_MA             0x08001f3c   Section        0  main.o(i.WirelessSyncDataProcess_MA)
    WirelessSyncDataProcess_MA               0x08001f3d   Thumb Code   902  main.o(i.WirelessSyncDataProcess_MA)
    i.__0printf                              0x080022f4   Section        0  printfa.o(i.__0printf)
    i.__ARM_clz                              0x08002314   Section        0  depilogue.o(i.__ARM_clz)
    i.__ARM_common_switch8                   0x08002342   Section        0  usmart.o(i.__ARM_common_switch8)
    i.__scatterload_copy                     0x0800235e   Section       14  handlers.o(i.__scatterload_copy)
    i.__scatterload_null                     0x0800236c   Section        2  handlers.o(i.__scatterload_null)
    i.__scatterload_zeroinit                 0x0800236e   Section       14  handlers.o(i.__scatterload_zeroinit)
    i._dwt_aonarrayupload                    0x0800237c   Section        0  deca_device.o(i._dwt_aonarrayupload)
    i._dwt_configlde                         0x08002394   Section        0  deca_device.o(i._dwt_configlde)
    i._dwt_disablesequencing                 0x080023d0   Section        0  deca_device.o(i._dwt_disablesequencing)
    i._dwt_enableclocks                      0x080023e4   Section        0  deca_device.o(i._dwt_enableclocks)
    i._dwt_loaducodefromrom                  0x080024d0   Section        0  deca_device.o(i._dwt_loaducodefromrom)
    i._dwt_otpread                           0x080024f2   Section        0  deca_device.o(i._dwt_otpread)
    i._fp_digits                             0x08002524   Section        0  printfa.o(i._fp_digits)
    _fp_digits                               0x08002525   Thumb Code   316  printfa.o(i._fp_digits)
    i._printf_core                           0x0800267c   Section        0  printfa.o(i._printf_core)
    _printf_core                             0x0800267d   Thumb Code  1754  printfa.o(i._printf_core)
    i._printf_post_padding                   0x08002d68   Section        0  printfa.o(i._printf_post_padding)
    _printf_post_padding                     0x08002d69   Thumb Code    32  printfa.o(i._printf_post_padding)
    i._printf_pre_padding                    0x08002d88   Section        0  printfa.o(i._printf_pre_padding)
    _printf_pre_padding                      0x08002d89   Thumb Code    44  printfa.o(i._printf_pre_padding)
    i.cacu_crc                               0x08002db4   Section        0  main.o(i.cacu_crc)
    i.deca_sleep                             0x08002dec   Section        0  deca_sleep.o(i.deca_sleep)
    i.decamutexoff                           0x08002df8   Section        0  deca_mutex.o(i.decamutexoff)
    i.decamutexon                            0x08002e00   Section        0  deca_mutex.o(i.decamutexon)
    i.delay_init                             0x08002e0c   Section        0  delay.o(i.delay_init)
    i.dw1000IRQ_init                         0x08002e60   Section        0  exti_v1.o(i.dw1000IRQ_init)
    i.dwt_configure                          0x08002ec8   Section        0  deca_device.o(i.dwt_configure)
    i.dwt_enableautoack                      0x08003104   Section        0  deca_device.o(i.dwt_enableautoack)
    i.dwt_enableframefilter                  0x08003134   Section        0  deca_device.o(i.dwt_enableframefilter)
    i.dwt_forcetrxoff                        0x0800317c   Section        0  deca_device.o(i.dwt_forcetrxoff)
    i.dwt_initialise                         0x080031d0   Section        0  deca_device.o(i.dwt_initialise)
    i.dwt_isr                                0x080032d0   Section        0  deca_device.o(i.dwt_isr)
    i.dwt_read16bitoffsetreg                 0x08003440   Section        0  deca_device.o(i.dwt_read16bitoffsetreg)
    i.dwt_read32bitoffsetreg                 0x08003466   Section        0  deca_device.o(i.dwt_read32bitoffsetreg)
    i.dwt_read8bitoffsetreg                  0x08003490   Section        0  deca_device.o(i.dwt_read8bitoffsetreg)
    i.dwt_readdevid                          0x080034a8   Section        0  deca_device.o(i.dwt_readdevid)
    i.dwt_readfromdevice                     0x080034b4   Section        0  deca_device.o(i.dwt_readfromdevice)
    i.dwt_readrxdata                         0x08003514   Section        0  deca_device.o(i.dwt_readrxdata)
    i.dwt_readrxtimestamp                    0x0800352a   Section        0  deca_device.o(i.dwt_readrxtimestamp)
    i.dwt_readsystimestamphi32               0x0800353c   Section        0  deca_device.o(i.dwt_readsystimestamphi32)
    i.dwt_readtxtimestamp                    0x08003548   Section        0  deca_device.o(i.dwt_readtxtimestamp)
    i.dwt_rxenable                           0x0800355a   Section        0  deca_device.o(i.dwt_rxenable)
    i.dwt_rxreset                            0x080035c0   Section        0  deca_device.o(i.dwt_rxreset)
    i.dwt_setaddress16                       0x080035d8   Section        0  deca_device.o(i.dwt_setaddress16)
    i.dwt_setcallbacks                       0x080035e8   Section        0  deca_device.o(i.dwt_setcallbacks)
    i.dwt_setdelayedtrxtime                  0x080035fc   Section        0  deca_device.o(i.dwt_setdelayedtrxtime)
    i.dwt_seteui                             0x0800360c   Section        0  deca_device.o(i.dwt_seteui)
    i.dwt_setinterrupt                       0x0800361e   Section        0  deca_device.o(i.dwt_setinterrupt)
    i.dwt_setleds                            0x08003658   Section        0  deca_device.o(i.dwt_setleds)
    i.dwt_setpanid                           0x080036fc   Section        0  deca_device.o(i.dwt_setpanid)
    i.dwt_setrxantennadelay                  0x0800370c   Section        0  deca_device.o(i.dwt_setrxantennadelay)
    i.dwt_setrxtimeout                       0x08003720   Section        0  deca_device.o(i.dwt_setrxtimeout)
    i.dwt_settxantennadelay                  0x08003780   Section        0  deca_device.o(i.dwt_settxantennadelay)
    i.dwt_setxtaltrim                        0x08003790   Section        0  deca_device.o(i.dwt_setxtaltrim)
    i.dwt_softreset                          0x080037ac   Section        0  deca_device.o(i.dwt_softreset)
    i.dwt_starttx                            0x080037f0   Section        0  deca_device.o(i.dwt_starttx)
    i.dwt_syncrxbufptrs                      0x08003870   Section        0  deca_device.o(i.dwt_syncrxbufptrs)
    i.dwt_write16bitoffsetreg                0x08003896   Section        0  deca_device.o(i.dwt_write16bitoffsetreg)
    i.dwt_write32bitoffsetreg                0x080038b4   Section        0  deca_device.o(i.dwt_write32bitoffsetreg)
    i.dwt_write8bitoffsetreg                 0x080038da   Section        0  deca_device.o(i.dwt_write8bitoffsetreg)
    i.dwt_writetodevice                      0x080038ee   Section        0  deca_device.o(i.dwt_writetodevice)
    i.dwt_writetxdata                        0x08003952   Section        0  deca_device.o(i.dwt_writetxdata)
    i.dwt_writetxfctrl                       0x0800397c   Section        0  deca_device.o(i.dwt_writetxfctrl)
    i.final_msg_get_ts                       0x080039a4   Section        0  deca_callback.o(i.final_msg_get_ts)
    i.final_msg_set_ts                       0x080039c2   Section        0  deca_callback.o(i.final_msg_set_ts)
    i.fputc                                  0x080039e0   Section        0  usart_v1.o(i.fputc)
    i.getIDs                                 0x08003a14   Section        0  test_fun.o(i.getIDs)
    i.getSYSstatus                           0x08003a40   Section        0  test_fun.o(i.getSYSstatus)
    i.get_rx_timestamp_u64                   0x08003a60   Section        0  deca_callback.o(i.get_rx_timestamp_u64)
    i.get_tx_timestamp_u64                   0x08003a8e   Section        0  deca_callback.o(i.get_tx_timestamp_u64)
    i.getloctime                             0x08003abc   Section        0  test_fun.o(i.getloctime)
    i.going                                  0x08003ad8   Section        0  test_fun.o(i.going)
    i.main                                   0x08003ae4   Section        0  main.o(i.main)
    i.nrf24l01_init                          0x08003cbc   Section        0  exti_v1.o(i.nrf24l01_init)
    i.port_set_deca_isr                      0x08003d2c   Section        0  exti_v1.o(i.port_set_deca_isr)
    i.read_test                              0x08003d38   Section        0  test_fun.o(i.read_test)
    i.readfromspi                            0x08003d54   Section        0  deca_spi.o(i.readfromspi)
    i.reset_DW1000                           0x08003de0   Section        0  main.o(i.reset_DW1000)
    i.rx_err_cb                              0x08003e34   Section        0  deca_callback.o(i.rx_err_cb)
    i.rx_ok_cb                               0x08003e40   Section        0  deca_callback.o(i.rx_ok_cb)
    i.rx_to_cb                               0x08003f58   Section        0  deca_callback.o(i.rx_to_cb)
    i.send_to_PC                             0x08003f64   Section        0  main.o(i.send_to_PC)
    i.set_spi_high                           0x080040c0   Section        0  spi_v1.o(i.set_spi_high)
    i.spi_init                               0x08004110   Section        0  spi_v1.o(i.spi_init)
    i.start_DMA                              0x080041dc   Section        0  main.o(i.start_DMA)
    i.testfun1                               0x08004220   Section        0  test_fun.o(i.testfun1)
    i.testfun2                               0x08004284   Section        0  test_fun.o(i.testfun2)
    i.tx_conf_cb                             0x080042e8   Section        0  deca_callback.o(i.tx_conf_cb)
    i.unlockflash                            0x080042f4   Section        0  test_fun.o(i.unlockflash)
    i.usmart_cmd_rec                         0x08004320   Section        0  usmart.o(i.usmart_cmd_rec)
    i.usmart_exe                             0x080043d4   Section        0  usmart.o(i.usmart_exe)
    i.usmart_get_aparm                       0x080046d0   Section        0  usmart_str.o(i.usmart_get_aparm)
    i.usmart_get_cmdname                     0x080047a6   Section        0  usmart_str.o(i.usmart_get_cmdname)
    i.usmart_get_fname                       0x080047dc   Section        0  usmart_str.o(i.usmart_get_fname)
    i.usmart_get_fparam                      0x080049b4   Section        0  usmart_str.o(i.usmart_get_fparam)
    i.usmart_get_parmpos                     0x08004ac4   Section        0  usmart_str.o(i.usmart_get_parmpos)
    i.usmart_get_runtime                     0x08004ae4   Section        0  usmart.o(i.usmart_get_runtime)
    i.usmart_init                            0x08004b20   Section        0  usmart.o(i.usmart_init)
    i.usmart_pow                             0x08004b44   Section        0  usmart_str.o(i.usmart_pow)
    i.usmart_reset_runtime                   0x08004b60   Section        0  usmart.o(i.usmart_reset_runtime)
    i.usmart_scan                            0x08004b90   Section        0  usmart.o(i.usmart_scan)
    i.usmart_search_nextc                    0x08004c54   Section        0  usmart_str.o(i.usmart_search_nextc)
    i.usmart_str2num                         0x08004c6a   Section        0  usmart_str.o(i.usmart_str2num)
    i.usmart_strcmp                          0x08004d3a   Section        0  usmart_str.o(i.usmart_strcmp)
    i.usmart_strcopy                         0x08004d5e   Section        0  usmart_str.o(i.usmart_strcopy)
    i.usmart_strlen                          0x08004d76   Section        0  usmart_str.o(i.usmart_strlen)
    i.usmart_sys_cmd_exe                     0x08004d90   Section        0  usmart.o(i.usmart_sys_cmd_exe)
    i.writetospi                             0x08005484   Section        0  deca_spi.o(i.writetospi)
    .constdata                               0x0800550c   Section       42  main.o(.constdata)
    .constdata                               0x08005538   Section      174  deca_params_init.o(.constdata)
    .conststring                             0x080055e8   Section       40  usmart.o(.conststring)
    .conststring                             0x08005610   Section      343  usmart_config.o(.conststring)
    .data                                    0x20000000   Section        2  usart_v1.o(.data)
    .data                                    0x20000004   Section        7  exti_v1.o(.data)
    .data                                    0x20000010   Section       25  deca_callback.o(.data)
    .data                                    0x20000029   Section        2  rf24l01.o(.data)
    .data                                    0x2000002b   Section      128  deca_user_api.o(.data)
    .data                                    0x200000ac   Section       43  main.o(.data)
    config                                   0x200000ac   Data          12  main.o(.data)
    pan_id                                   0x200000b8   Data           2  main.o(.data)
    eui                                      0x200000ba   Data           8  main.o(.data)
    Achor_addr                               0x200000c2   Data           2  main.o(.data)
    .data                                    0x200000d8   Section        4  delay.o(.data)
    .data                                    0x200000dc   Section       12  test_fun.o(.data)
    i                                        0x200000e4   Data           4  test_fun.o(.data)
    .data                                    0x200000e8   Section       16  stm32f0xx_rcc.o(.data)
    APBAHBPrescTable                         0x200000e8   Data          16  stm32f0xx_rcc.o(.data)
    .data                                    0x200000f8   Section       20  system_stm32f0xx.o(.data)
    .data                                    0x2000010c   Section       28  usmart.o(.data)
    .data                                    0x20000128   Section      348  usmart_config.o(.data)
    .data                                    0x20000284   Section        4  stdout.o(.data)
    .bss                                     0x20000288   Section      128  usart_v1.o(.bss)
    .bss                                     0x20000308   Section     1600  exti_v1.o(.bss)
    .bss                                     0x20000948   Section     1440  deca_callback.o(.bss)
    .bss                                     0x20000ee8   Section      800  main.o(.bss)
    .bss                                     0x20001208   Section       40  test_fun.o(.bss)
    .bss                                     0x20001230   Section       56  deca_device.o(.bss)
    dw1000local                              0x20001230   Data          56  deca_device.o(.bss)
    STACK                                    0x20001268   Section     1024  startup_stm32f072.o(STACK)

    Global Symbols

    Symbol Name                              Value     Ov Type        Size  Object(Section)

    BuildAttributes$$THM_ISAv3M$S$PE$A:L22$X:L11$S22$IEEE1$IW$USESV6$~STKCKD$USESV7$~SHL$OSPACE$ROPI$EBA8$MICROLIB$REQ8$PRES8$EABIv2 0x00000000   Number         0  anon$$obj.o ABSOLUTE
    __ARM_use_no_argv                        0x00000000   Number         0  main.o ABSOLUTE
    _printf_a                                0x00000000   Number         0  stubs.o ABSOLUTE
    _printf_c                                0x00000000   Number         0  stubs.o ABSOLUTE
    _printf_charcount                        0x00000000   Number         0  stubs.o ABSOLUTE
    _printf_d                                0x00000000   Number         0  stubs.o ABSOLUTE
    _printf_e                                0x00000000   Number         0  stubs.o ABSOLUTE
    _printf_f                                0x00000000   Number         0  stubs.o ABSOLUTE
    _printf_flags                            0x00000000   Number         0  stubs.o ABSOLUTE
    _printf_fp_dec                           0x00000000   Number         0  stubs.o ABSOLUTE
    _printf_fp_hex                           0x00000000   Number         0  stubs.o ABSOLUTE
    _printf_g                                0x00000000   Number         0  stubs.o ABSOLUTE
    _printf_i                                0x00000000   Number         0  stubs.o ABSOLUTE
    _printf_int_dec                          0x00000000   Number         0  stubs.o ABSOLUTE
    _printf_l                                0x00000000   Number         0  stubs.o ABSOLUTE
    _printf_lc                               0x00000000   Number         0  stubs.o ABSOLUTE
    _printf_ll                               0x00000000   Number         0  stubs.o ABSOLUTE
    _printf_lld                              0x00000000   Number         0  stubs.o ABSOLUTE
    _printf_lli                              0x00000000   Number         0  stubs.o ABSOLUTE
    _printf_llo                              0x00000000   Number         0  stubs.o ABSOLUTE
    _printf_llu                              0x00000000   Number         0  stubs.o ABSOLUTE
    _printf_llx                              0x00000000   Number         0  stubs.o ABSOLUTE
    _printf_longlong_dec                     0x00000000   Number         0  stubs.o ABSOLUTE
    _printf_longlong_hex                     0x00000000   Number         0  stubs.o ABSOLUTE
    _printf_longlong_oct                     0x00000000   Number         0  stubs.o ABSOLUTE
    _printf_ls                               0x00000000   Number         0  stubs.o ABSOLUTE
    _printf_mbtowc                           0x00000000   Number         0  stubs.o ABSOLUTE
    _printf_n                                0x00000000   Number         0  stubs.o ABSOLUTE
    _printf_o                                0x00000000   Number         0  stubs.o ABSOLUTE
    _printf_p                                0x00000000   Number         0  stubs.o ABSOLUTE
    _printf_percent                          0x00000000   Number         0  stubs.o ABSOLUTE
    _printf_pre_padding                      0x00000000   Number         0  stubs.o ABSOLUTE
    _printf_return_value                     0x00000000   Number         0  stubs.o ABSOLUTE
    _printf_s                                0x00000000   Number         0  stubs.o ABSOLUTE
    _printf_sizespec                         0x00000000   Number         0  stubs.o ABSOLUTE
    _printf_str                              0x00000000   Number         0  stubs.o ABSOLUTE
    _printf_truncate_signed                  0x00000000   Number         0  stubs.o ABSOLUTE
    _printf_truncate_unsigned                0x00000000   Number         0  stubs.o ABSOLUTE
    _printf_u                                0x00000000   Number         0  stubs.o ABSOLUTE
    _printf_wc                               0x00000000   Number         0  stubs.o ABSOLUTE
    _printf_wctomb                           0x00000000   Number         0  stubs.o ABSOLUTE
    _printf_widthprec                        0x00000000   Number         0  stubs.o ABSOLUTE
    _printf_x                                0x00000000   Number         0  stubs.o ABSOLUTE
    __cpp_initialize__aeabi_                  - Undefined Weak Reference
    __cxa_finalize                            - Undefined Weak Reference
    _clock_init                               - Undefined Weak Reference
    _microlib_exit                            - Undefined Weak Reference
    __Vectors_Size                           0x000000c0   Number         0  startup_stm32f072.o ABSOLUTE
    __Vectors                                0x08000000   Data           4  startup_stm32f072.o(RESET)
    __Vectors_End                            0x080000c0   Data           0  startup_stm32f072.o(RESET)
    __main                                   0x080000c1   Thumb Code     0  entry.o(.ARM.Collect$$$$00000000)
    _main_stk                                0x080000c1   Thumb Code     0  entry2.o(.ARM.Collect$$$$00000001)
    _main_scatterload                        0x080000c5   Thumb Code     0  entry5.o(.ARM.Collect$$$$00000004)
    __main_after_scatterload                 0x080000c9   Thumb Code     0  entry5.o(.ARM.Collect$$$$00000004)
    _main_clock                              0x080000c9   Thumb Code     0  entry7b.o(.ARM.Collect$$$$00000008)
    _main_cpp_init                           0x080000c9   Thumb Code     0  entry8b.o(.ARM.Collect$$$$0000000A)
    _main_init                               0x080000c9   Thumb Code     0  entry9a.o(.ARM.Collect$$$$0000000B)
    __rt_final_cpp                           0x080000d1   Thumb Code     0  entry10a.o(.ARM.Collect$$$$0000000D)
    __rt_final_exit                          0x080000d1   Thumb Code     0  entry11a.o(.ARM.Collect$$$$0000000F)
    Reset_Handler                            0x080000d5   Thumb Code    38  startup_stm32f072.o(.text)
    ADC1_COMP_IRQHandler                     0x08000105   Thumb Code     0  startup_stm32f072.o(.text)
    CEC_CAN_IRQHandler                       0x08000105   Thumb Code     0  startup_stm32f072.o(.text)
    DMA1_Channel1_IRQHandler                 0x08000105   Thumb Code     0  startup_stm32f072.o(.text)
    DMA1_Channel4_5_6_7_IRQHandler           0x08000105   Thumb Code     0  startup_stm32f072.o(.text)
    EXTI0_1_IRQHandler                       0x08000105   Thumb Code     0  startup_stm32f072.o(.text)
    EXTI2_3_IRQHandler                       0x08000105   Thumb Code     0  startup_stm32f072.o(.text)
    FLASH_IRQHandler                         0x08000105   Thumb Code     0  startup_stm32f072.o(.text)
    I2C1_IRQHandler                          0x08000105   Thumb Code     0  startup_stm32f072.o(.text)
    I2C2_IRQHandler                          0x08000105   Thumb Code     0  startup_stm32f072.o(.text)
    PVD_VDDIO2_IRQHandler                    0x08000105   Thumb Code     0  startup_stm32f072.o(.text)
    RCC_CRS_IRQHandler                       0x08000105   Thumb Code     0  startup_stm32f072.o(.text)
    RTC_IRQHandler                           0x08000105   Thumb Code     0  startup_stm32f072.o(.text)
    SPI1_IRQHandler                          0x08000105   Thumb Code     0  startup_stm32f072.o(.text)
    SPI2_IRQHandler                          0x08000105   Thumb Code     0  startup_stm32f072.o(.text)
    TIM15_IRQHandler                         0x08000105   Thumb Code     0  startup_stm32f072.o(.text)
    TIM16_IRQHandler                         0x08000105   Thumb Code     0  startup_stm32f072.o(.text)
    TIM17_IRQHandler                         0x08000105   Thumb Code     0  startup_stm32f072.o(.text)
    TIM1_BRK_UP_TRG_COM_IRQHandler           0x08000105   Thumb Code     0  startup_stm32f072.o(.text)
    TIM1_CC_IRQHandler                       0x08000105   Thumb Code     0  startup_stm32f072.o(.text)
    TIM2_IRQHandler                          0x08000105   Thumb Code     0  startup_stm32f072.o(.text)
    TIM3_IRQHandler                          0x08000105   Thumb Code     0  startup_stm32f072.o(.text)
    TIM6_DAC_IRQHandler                      0x08000105   Thumb Code     0  startup_stm32f072.o(.text)
    TSC_IRQHandler                           0x08000105   Thumb Code     0  startup_stm32f072.o(.text)
    USART2_IRQHandler                        0x08000105   Thumb Code     0  startup_stm32f072.o(.text)
    USART3_4_IRQHandler                      0x08000105   Thumb Code     0  startup_stm32f072.o(.text)
    USB_IRQHandler                           0x08000105   Thumb Code     0  startup_stm32f072.o(.text)
    WWDG_IRQHandler                          0x08000105   Thumb Code     0  startup_stm32f072.o(.text)
    __aeabi_uidiv                            0x0800012d   Thumb Code     0  uidiv.o(.text)
    __aeabi_uidivmod                         0x0800012d   Thumb Code    44  uidiv.o(.text)
    __aeabi_idiv                             0x08000159   Thumb Code     0  idiv.o(.text)
    __aeabi_idivmod                          0x08000159   Thumb Code    40  idiv.o(.text)
    __aeabi_memcpy                           0x08000181   Thumb Code    36  memcpya.o(.text)
    __aeabi_memcpy4                          0x08000181   Thumb Code     0  memcpya.o(.text)
    __aeabi_memcpy8                          0x08000181   Thumb Code     0  memcpya.o(.text)
    __aeabi_memset                           0x080001a5   Thumb Code    14  memseta.o(.text)
    __aeabi_memset4                          0x080001a5   Thumb Code     0  memseta.o(.text)
    __aeabi_memset8                          0x080001a5   Thumb Code     0  memseta.o(.text)
    __aeabi_memclr                           0x080001b3   Thumb Code     4  memseta.o(.text)
    __aeabi_memclr4                          0x080001b3   Thumb Code     0  memseta.o(.text)
    __aeabi_memclr8                          0x080001b3   Thumb Code     0  memseta.o(.text)
    _memset$wrapper                          0x080001b7   Thumb Code    18  memseta.o(.text)
    __aeabi_dmul                             0x080001c9   Thumb Code   202  dmul.o(.text)
    __aeabi_ddiv                             0x08000299   Thumb Code   234  ddiv.o(.text)
    __aeabi_ui2d                             0x08000389   Thumb Code    24  dfltui.o(.text)
    __aeabi_uldivmod                         0x080003a5   Thumb Code    96  uldiv.o(.text)
    __I$use$fp                               0x08000405   Thumb Code     0  iusefp.o(.text)
    _double_round                            0x08000405   Thumb Code    26  depilogue.o(.text)
    _double_epilogue                         0x0800041f   Thumb Code   164  depilogue.o(.text)
    __aeabi_dadd                             0x080004c5   Thumb Code   328  dadd.o(.text)
    __aeabi_dsub                             0x0800060d   Thumb Code    12  dadd.o(.text)
    __aeabi_drsub                            0x08000619   Thumb Code    12  dadd.o(.text)
    __aeabi_d2ulz                            0x08000629   Thumb Code    54  dfixul.o(.text)
    __aeabi_cdrcmple                         0x08000669   Thumb Code    38  cdrcmple.o(.text)
    __scatterload                            0x08000691   Thumb Code    28  init.o(.text)
    __scatterload_rt2                        0x08000691   Thumb Code     0  init.o(.text)
    __aeabi_llsl                             0x080006b5   Thumb Code    32  llshl.o(.text)
    _ll_shift_l                              0x080006b5   Thumb Code     0  llshl.o(.text)
    __aeabi_llsr                             0x080006d5   Thumb Code    34  llushr.o(.text)
    _ll_ushift_r                             0x080006d5   Thumb Code     0  llushr.o(.text)
    __aeabi_lasr                             0x080006f7   Thumb Code    38  llsshr.o(.text)
    _ll_sshift_r                             0x080006f7   Thumb Code     0  llsshr.o(.text)
    __decompress                             0x0800071d   Thumb Code     0  __dczerorl2.o(.text)
    __decompress1                            0x0800071d   Thumb Code    86  __dczerorl2.o(.text)
    CRC_CalcCRC8bits                         0x08000831   Thumb Code    10  stm32f0xx_crc.o(i.CRC_CalcCRC8bits)
    CRC_DeInit                               0x08000841   Thumb Code    26  stm32f0xx_crc.o(i.CRC_DeInit)
    CRC_GetCRC                               0x08000865   Thumb Code     6  stm32f0xx_crc.o(i.CRC_GetCRC)
    CRC_PolynomialSizeSelect                 0x08000871   Thumb Code    28  stm32f0xx_crc.o(i.CRC_PolynomialSizeSelect)
    CRC_ResetDR                              0x08000891   Thumb Code    14  stm32f0xx_crc.o(i.CRC_ResetDR)
    CRC_SetInitRegister                      0x080008a5   Thumb Code     6  stm32f0xx_crc.o(i.CRC_SetInitRegister)
    CRC_SetPolynomial                        0x080008b1   Thumb Code     6  stm32f0xx_crc.o(i.CRC_SetPolynomial)
    CRC_init                                 0x080008bd   Thumb Code    34  main.o(i.CRC_init)
    DMA1_Channel2_3_IRQHandler               0x080008e1   Thumb Code    40  main.o(i.DMA1_Channel2_3_IRQHandler)
    DMA_ClearFlag                            0x08000911   Thumb Code    22  stm32f0xx_dma.o(i.DMA_ClearFlag)
    DMA_Cmd                                  0x08000931   Thumb Code    24  stm32f0xx_dma.o(i.DMA_Cmd)
    DMA_GetFlagStatus                        0x0800094d   Thumb Code    42  stm32f0xx_dma.o(i.DMA_GetFlagStatus)
    DMA_ITConfig                             0x08000981   Thumb Code    20  stm32f0xx_dma.o(i.DMA_ITConfig)
    DMA_Init                                 0x08000995   Thumb Code    58  stm32f0xx_dma.o(i.DMA_Init)
    DMA_RemapConfig                          0x080009d5   Thumb Code    46  stm32f0xx_dma.o(i.DMA_RemapConfig)
    DMA_init                                 0x08000a09   Thumb Code   102  main.o(i.DMA_init)
    DMA_test                                 0x08000a81   Thumb Code    36  test_fun.o(i.DMA_test)
    Delay_ms                                 0x08000d0d   Thumb Code    72  delay.o(i.Delay_ms)
    EXTI4_15_IRQHandler                      0x08000d59   Thumb Code   162  exti_v1.o(i.EXTI4_15_IRQHandler)
    EXTI_ClearITPendingBit                   0x08000e1d   Thumb Code     6  stm32f0xx_exti.o(i.EXTI_ClearITPendingBit)
    EXTI_GetITStatus                         0x08000e29   Thumb Code    22  stm32f0xx_exti.o(i.EXTI_GetITStatus)
    EXTI_Init                                0x08000e45   Thumb Code   132  stm32f0xx_exti.o(i.EXTI_Init)
    GET_Time2Tpoint                          0x08000ecd   Thumb Code    34  test_fun.o(i.GET_Time2Tpoint)
    GPIO_Init                                0x08000efd   Thumb Code   144  stm32f0xx_gpio.o(i.GPIO_Init)
    GPIO_PinAFConfig                         0x08000f8d   Thumb Code    68  stm32f0xx_gpio.o(i.GPIO_PinAFConfig)
    GPIO_ReadInputDataBit                    0x08000fd1   Thumb Code    20  stm32f0xx_gpio.o(i.GPIO_ReadInputDataBit)
    GPIO_ResetBits                           0x08000fe5   Thumb Code     4  stm32f0xx_gpio.o(i.GPIO_ResetBits)
    GPIO_SetBits                             0x08000fe9   Thumb Code     4  stm32f0xx_gpio.o(i.GPIO_SetBits)
    HardFault_Handler                        0x08000fed   Thumb Code     4  stm32f0xx_it.o(i.HardFault_Handler)
    LED_Init                                 0x08000ff1   Thumb Code    90  led.o(i.LED_Init)
    NMI_Handler                              0x08001055   Thumb Code     2  stm32f0xx_it.o(i.NMI_Handler)
    NRF24L01_Check                           0x08001059   Thumb Code    86  rf24l01.o(i.NRF24L01_Check)
    NRF24L01_Read_Buf                        0x080010b9   Thumb Code    60  rf24l01.o(i.NRF24L01_Read_Buf)
    NRF24L01_Read_Reg                        0x080010f5   Thumb Code    42  rf24l01.o(i.NRF24L01_Read_Reg)
    NRF24L01_RxPacket                        0x0800111f   Thumb Code    62  rf24l01.o(i.NRF24L01_RxPacket)
    NRF24L01_Write_Buf                       0x0800115d   Thumb Code    60  rf24l01.o(i.NRF24L01_Write_Buf)
    NRF24L01_Write_Reg                       0x08001199   Thumb Code    44  rf24l01.o(i.NRF24L01_Write_Reg)
    NVIC_Init                                0x080011c5   Thumb Code   106  stm32f0xx_misc.o(i.NVIC_Init)
    PendSV_Handler                           0x080012ad   Thumb Code     2  stm32f0xx_it.o(i.PendSV_Handler)
    Prt_anchnum                              0x080012b1   Thumb Code    14  test_fun.o(i.Prt_anchnum)
    RCC_AHBPeriphClockCmd                    0x080012d5   Thumb Code    28  stm32f0xx_rcc.o(i.RCC_AHBPeriphClockCmd)
    RCC_APB1PeriphClockCmd                   0x080012f5   Thumb Code    28  stm32f0xx_rcc.o(i.RCC_APB1PeriphClockCmd)
    RCC_APB2PeriphClockCmd                   0x08001315   Thumb Code    28  stm32f0xx_rcc.o(i.RCC_APB2PeriphClockCmd)
    RCC_GetClocksFreq                        0x08001335   Thumb Code   554  stm32f0xx_rcc.o(i.RCC_GetClocksFreq)
    SET_Tpoint                               0x0800157d   Thumb Code    12  test_fun.o(i.SET_Tpoint)
    SPI_Cmd                                  0x0800158d   Thumb Code    24  stm32f0xx_spi.o(i.SPI_Cmd)
    SPI_I2S_GetFlagStatus                    0x080015a9   Thumb Code    20  stm32f0xx_spi.o(i.SPI_I2S_GetFlagStatus)
    SPI_Init                                 0x080015bd   Thumb Code    76  stm32f0xx_spi.o(i.SPI_Init)
    SPI_RF_Init                              0x08001615   Thumb Code   286  rf24l01.o(i.SPI_RF_Init)
    SPI_RF_SendByte                          0x0800173d   Thumb Code    48  rf24l01.o(i.SPI_RF_SendByte)
    SPI_ReceiveData8                         0x08001771   Thumb Code    12  stm32f0xx_spi.o(i.SPI_ReceiveData8)
    SPI_RxFIFOThresholdConfig                0x0800177d   Thumb Code    16  stm32f0xx_spi.o(i.SPI_RxFIFOThresholdConfig)
    SPI_SendData8                            0x08001791   Thumb Code    10  stm32f0xx_spi.o(i.SPI_SendData8)
    SVC_Handler                              0x0800179b   Thumb Code     2  stm32f0xx_it.o(i.SVC_Handler)
    SYSCFG_EXTILineConfig                    0x0800179d   Thumb Code    60  stm32f0xx_syscfg.o(i.SYSCFG_EXTILineConfig)
    Set_start_AR                             0x0800185d   Thumb Code     2  test_fun.o(i.Set_start_AR)
    SysTick_CLKSourceConfig                  0x08001861   Thumb Code    32  stm32f0xx_misc.o(i.SysTick_CLKSourceConfig)
    SysTick_Handler                          0x08001885   Thumb Code    12  stm32f0xx_it.o(i.SysTick_Handler)
    SystemInit                               0x08001895   Thumb Code   110  system_stm32f0xx.o(i.SystemInit)
    System_GetClocks                         0x08001911   Thumb Code    86  test_fun.o(i.System_GetClocks)
    TIM14_IRQHandler                         0x080019a9   Thumb Code    46  usmart.o(i.TIM14_IRQHandler)
    TIM7_IRQHandler                          0x080019e1   Thumb Code   124  main.o(i.TIM7_IRQHandler)
    TIM_ClearFlag                            0x08001a6d   Thumb Code     6  stm32f0xx_tim.o(i.TIM_ClearFlag)
    TIM_ClearITPendingBit                    0x08001a73   Thumb Code     6  stm32f0xx_tim.o(i.TIM_ClearITPendingBit)
    TIM_Cmd                                  0x08001a79   Thumb Code    24  stm32f0xx_tim.o(i.TIM_Cmd)
    TIM_GetCounter                           0x08001a95   Thumb Code     6  stm32f0xx_tim.o(i.TIM_GetCounter)
    TIM_GetFlagStatus                        0x08001a9b   Thumb Code    20  stm32f0xx_tim.o(i.TIM_GetFlagStatus)
    TIM_GetITStatus                          0x08001aaf   Thumb Code    38  stm32f0xx_tim.o(i.TIM_GetITStatus)
    TIM_ITConfig                             0x08001ad5   Thumb Code    20  stm32f0xx_tim.o(i.TIM_ITConfig)
    TIM_SetAutoreload                        0x08001ae9   Thumb Code     4  stm32f0xx_tim.o(i.TIM_SetAutoreload)
    TIM_SetCounter                           0x08001aed   Thumb Code     4  stm32f0xx_tim.o(i.TIM_SetCounter)
    TIM_TimeBaseInit                         0x08001af1   Thumb Code    90  stm32f0xx_tim.o(i.TIM_TimeBaseInit)
    Timer2_Init                              0x08001bcd   Thumb Code    72  usmart.o(i.Timer2_Init)
    USART1_IRQHandler                        0x08001c19   Thumb Code   132  usart_v1.o(i.USART1_IRQHandler)
    USART_ClearFlag                          0x08001cad   Thumb Code     4  stm32f0xx_usart.o(i.USART_ClearFlag)
    USART_Cmd                                0x08001cb1   Thumb Code    24  stm32f0xx_usart.o(i.USART_Cmd)
    USART_Config                             0x08001cc9   Thumb Code   166  usart_v1.o(i.USART_Config)
    USART_DMACmd                             0x08001d79   Thumb Code    20  stm32f0xx_usart.o(i.USART_DMACmd)
    USART_GetFlagStatus                      0x08001d8d   Thumb Code    20  stm32f0xx_usart.o(i.USART_GetFlagStatus)
    USART_GetITStatus                        0x08001da1   Thumb Code    78  stm32f0xx_usart.o(i.USART_GetITStatus)
    USART_ITConfig                           0x08001def   Thumb Code    66  stm32f0xx_usart.o(i.USART_ITConfig)
    USART_Init                               0x08001e31   Thumb Code   226  stm32f0xx_usart.o(i.USART_Init)
    USART_ReceiveData                        0x08001f29   Thumb Code    10  stm32f0xx_usart.o(i.USART_ReceiveData)
    USART_SendData                           0x08001f33   Thumb Code     8  stm32f0xx_usart.o(i.USART_SendData)
    Unset_start_AR                           0x08001f3b   Thumb Code     2  test_fun.o(i.Unset_start_AR)
    __0printf                                0x080022f5   Thumb Code    24  printfa.o(i.__0printf)
    __1printf                                0x080022f5   Thumb Code     0  printfa.o(i.__0printf)
    __2printf                                0x080022f5   Thumb Code     0  printfa.o(i.__0printf)
    __c89printf                              0x080022f5   Thumb Code     0  printfa.o(i.__0printf)
    printf                                   0x080022f5   Thumb Code     0  printfa.o(i.__0printf)
    __ARM_clz                                0x08002315   Thumb Code    46  depilogue.o(i.__ARM_clz)
    __ARM_common_switch8                     0x08002343   Thumb Code    28  usmart.o(i.__ARM_common_switch8)
    __scatterload_copy                       0x0800235f   Thumb Code    14  handlers.o(i.__scatterload_copy)
    __scatterload_null                       0x0800236d   Thumb Code     2  handlers.o(i.__scatterload_null)
    __scatterload_zeroinit                   0x0800236f   Thumb Code    14  handlers.o(i.__scatterload_zeroinit)
    _dwt_aonarrayupload                      0x0800237d   Thumb Code    24  deca_device.o(i._dwt_aonarrayupload)
    _dwt_configlde                           0x08002395   Thumb Code    42  deca_device.o(i._dwt_configlde)
    _dwt_disablesequencing                   0x080023d1   Thumb Code    20  deca_device.o(i._dwt_disablesequencing)
    _dwt_enableclocks                        0x080023e5   Thumb Code   236  deca_device.o(i._dwt_enableclocks)
    _dwt_loaducodefromrom                    0x080024d1   Thumb Code    34  deca_device.o(i._dwt_loaducodefromrom)
    _dwt_otpread                             0x080024f3   Thumb Code    48  deca_device.o(i._dwt_otpread)
    cacu_crc                                 0x08002db5   Thumb Code    46  main.o(i.cacu_crc)
    deca_sleep                               0x08002ded   Thumb Code    12  deca_sleep.o(i.deca_sleep)
    decamutexoff                             0x08002df9   Thumb Code     8  deca_mutex.o(i.decamutexoff)
    decamutexon                              0x08002e01   Thumb Code    10  deca_mutex.o(i.decamutexon)
    delay_init                               0x08002e0d   Thumb Code    72  delay.o(i.delay_init)
    dw1000IRQ_init                           0x08002e61   Thumb Code   104  exti_v1.o(i.dw1000IRQ_init)
    dwt_configure                            0x08002ec9   Thumb Code   516  deca_device.o(i.dwt_configure)
    dwt_enableautoack                        0x08003105   Thumb Code    42  deca_device.o(i.dwt_enableautoack)
    dwt_enableframefilter                    0x08003135   Thumb Code    62  deca_device.o(i.dwt_enableframefilter)
    dwt_forcetrxoff                          0x0800317d   Thumb Code    76  deca_device.o(i.dwt_forcetrxoff)
    dwt_initialise                           0x080031d1   Thumb Code   244  deca_device.o(i.dwt_initialise)
    dwt_isr                                  0x080032d1   Thumb Code   358  deca_device.o(i.dwt_isr)
    dwt_read16bitoffsetreg                   0x08003441   Thumb Code    38  deca_device.o(i.dwt_read16bitoffsetreg)
    dwt_read32bitoffsetreg                   0x08003467   Thumb Code    42  deca_device.o(i.dwt_read32bitoffsetreg)
    dwt_read8bitoffsetreg                    0x08003491   Thumb Code    24  deca_device.o(i.dwt_read8bitoffsetreg)
    dwt_readdevid                            0x080034a9   Thumb Code    12  deca_device.o(i.dwt_readdevid)
    dwt_readfromdevice                       0x080034b5   Thumb Code    96  deca_device.o(i.dwt_readfromdevice)
    dwt_readrxdata                           0x08003515   Thumb Code    22  deca_device.o(i.dwt_readrxdata)
    dwt_readrxtimestamp                      0x0800352b   Thumb Code    18  deca_device.o(i.dwt_readrxtimestamp)
    dwt_readsystimestamphi32                 0x0800353d   Thumb Code    12  deca_device.o(i.dwt_readsystimestamphi32)
    dwt_readtxtimestamp                      0x08003549   Thumb Code    18  deca_device.o(i.dwt_readtxtimestamp)
    dwt_rxenable                             0x0800355b   Thumb Code   102  deca_device.o(i.dwt_rxenable)
    dwt_rxreset                              0x080035c1   Thumb Code    24  deca_device.o(i.dwt_rxreset)
    dwt_setaddress16                         0x080035d9   Thumb Code    16  deca_device.o(i.dwt_setaddress16)
    dwt_setcallbacks                         0x080035e9   Thumb Code    14  deca_device.o(i.dwt_setcallbacks)
    dwt_setdelayedtrxtime                    0x080035fd   Thumb Code    16  deca_device.o(i.dwt_setdelayedtrxtime)
    dwt_seteui                               0x0800360d   Thumb Code    18  deca_device.o(i.dwt_seteui)
    dwt_setinterrupt                         0x0800361f   Thumb Code    58  deca_device.o(i.dwt_setinterrupt)
    dwt_setleds                              0x08003659   Thumb Code   164  deca_device.o(i.dwt_setleds)
    dwt_setpanid                             0x080036fd   Thumb Code    16  deca_device.o(i.dwt_setpanid)
    dwt_setrxantennadelay                    0x0800370d   Thumb Code    16  deca_device.o(i.dwt_setrxantennadelay)
    dwt_setrxtimeout                         0x08003721   Thumb Code    90  deca_device.o(i.dwt_setrxtimeout)
    dwt_settxantennadelay                    0x08003781   Thumb Code    16  deca_device.o(i.dwt_settxantennadelay)
    dwt_setxtaltrim                          0x08003791   Thumb Code    26  deca_device.o(i.dwt_setxtaltrim)
    dwt_softreset                            0x080037ad   Thumb Code    64  deca_device.o(i.dwt_softreset)
    dwt_starttx                              0x080037f1   Thumb Code   122  deca_device.o(i.dwt_starttx)
    dwt_syncrxbufptrs                        0x08003871   Thumb Code    38  deca_device.o(i.dwt_syncrxbufptrs)
    dwt_write16bitoffsetreg                  0x08003897   Thumb Code    30  deca_device.o(i.dwt_write16bitoffsetreg)
    dwt_write32bitoffsetreg                  0x080038b5   Thumb Code    38  deca_device.o(i.dwt_write32bitoffsetreg)
    dwt_write8bitoffsetreg                   0x080038db   Thumb Code    20  deca_device.o(i.dwt_write8bitoffsetreg)
    dwt_writetodevice                        0x080038ef   Thumb Code   100  deca_device.o(i.dwt_writetodevice)
    dwt_writetxdata                          0x08003953   Thumb Code    40  deca_device.o(i.dwt_writetxdata)
    dwt_writetxfctrl                         0x0800397d   Thumb Code    36  deca_device.o(i.dwt_writetxfctrl)
    final_msg_get_ts                         0x080039a5   Thumb Code    30  deca_callback.o(i.final_msg_get_ts)
    final_msg_set_ts                         0x080039c3   Thumb Code    28  deca_callback.o(i.final_msg_set_ts)
    fputc                                    0x080039e1   Thumb Code    46  usart_v1.o(i.fputc)
    getIDs                                   0x08003a15   Thumb Code    36  test_fun.o(i.getIDs)
    getSYSstatus                             0x08003a41   Thumb Code    24  test_fun.o(i.getSYSstatus)
    get_rx_timestamp_u64                     0x08003a61   Thumb Code    46  deca_callback.o(i.get_rx_timestamp_u64)
    get_tx_timestamp_u64                     0x08003a8f   Thumb Code    46  deca_callback.o(i.get_tx_timestamp_u64)
    getloctime                               0x08003abd   Thumb Code    14  test_fun.o(i.getloctime)
    going                                    0x08003ad9   Thumb Code     8  test_fun.o(i.going)
    main                                     0x08003ae5   Thumb Code   336  main.o(i.main)
    nrf24l01_init                            0x08003cbd   Thumb Code   108  exti_v1.o(i.nrf24l01_init)
    port_set_deca_isr                        0x08003d2d   Thumb Code     6  exti_v1.o(i.port_set_deca_isr)
    read_test                                0x08003d39   Thumb Code    20  test_fun.o(i.read_test)
    readfromspi                              0x08003d55   Thumb Code   132  deca_spi.o(i.readfromspi)
    reset_DW1000                             0x08003de1   Thumb Code    80  main.o(i.reset_DW1000)
    rx_err_cb                                0x08003e35   Thumb Code    12  deca_callback.o(i.rx_err_cb)
    rx_ok_cb                                 0x08003e41   Thumb Code   250  deca_callback.o(i.rx_ok_cb)
    rx_to_cb                                 0x08003f59   Thumb Code     8  deca_callback.o(i.rx_to_cb)
    send_to_PC                               0x08003f65   Thumb Code   316  main.o(i.send_to_PC)
    set_spi_high                             0x080040c1   Thumb Code    74  spi_v1.o(i.set_spi_high)
    spi_init                                 0x08004111   Thumb Code   196  spi_v1.o(i.spi_init)
    start_DMA                                0x080041dd   Thumb Code    50  main.o(i.start_DMA)
    testfun1                                 0x08004221   Thumb Code    54  test_fun.o(i.testfun1)
    testfun2                                 0x08004285   Thumb Code    54  test_fun.o(i.testfun2)
    tx_conf_cb                               0x080042e9   Thumb Code     8  deca_callback.o(i.tx_conf_cb)
    unlockflash                              0x080042f5   Thumb Code    12  test_fun.o(i.unlockflash)
    usmart_cmd_rec                           0x08004321   Thumb Code   176  usmart.o(i.usmart_cmd_rec)
    usmart_exe                               0x080043d5   Thumb Code   672  usmart.o(i.usmart_exe)
    usmart_get_aparm                         0x080046d1   Thumb Code   214  usmart_str.o(i.usmart_get_aparm)
    usmart_get_cmdname                       0x080047a7   Thumb Code    54  usmart_str.o(i.usmart_get_cmdname)
    usmart_get_fname                         0x080047dd   Thumb Code   462  usmart_str.o(i.usmart_get_fname)
    usmart_get_fparam                        0x080049b5   Thumb Code   266  usmart_str.o(i.usmart_get_fparam)
    usmart_get_parmpos                       0x08004ac5   Thumb Code    26  usmart_str.o(i.usmart_get_parmpos)
    usmart_get_runtime                       0x08004ae5   Thumb Code    46  usmart.o(i.usmart_get_runtime)
    usmart_init                              0x08004b21   Thumb Code    30  usmart.o(i.usmart_init)
    usmart_pow                               0x08004b45   Thumb Code    26  usmart_str.o(i.usmart_pow)
    usmart_reset_runtime                     0x08004b61   Thumb Code    34  usmart.o(i.usmart_reset_runtime)
    usmart_scan                              0x08004b91   Thumb Code   126  usmart.o(i.usmart_scan)
    usmart_search_nextc                      0x08004c55   Thumb Code    22  usmart_str.o(i.usmart_search_nextc)
    usmart_str2num                           0x08004c6b   Thumb Code   208  usmart_str.o(i.usmart_str2num)
    usmart_strcmp                            0x08004d3b   Thumb Code    36  usmart_str.o(i.usmart_strcmp)
    usmart_strcopy                           0x08004d5f   Thumb Code    24  usmart_str.o(i.usmart_strcopy)
    usmart_strlen                            0x08004d77   Thumb Code    26  usmart_str.o(i.usmart_strlen)
    usmart_sys_cmd_exe                       0x08004d91   Thumb Code  1566  usmart.o(i.usmart_sys_cmd_exe)
    writetospi                               0x08005485   Thumb Code   128  deca_spi.o(i.writetospi)
    chan_idx                                 0x08005538   Data           8  deca_params_init.o(.constdata)
    tx_config                                0x08005540   Data          24  deca_params_init.o(.constdata)
    fs_pll_cfg                               0x08005558   Data          24  deca_params_init.o(.constdata)
    fs_pll_tune                              0x08005570   Data           6  deca_params_init.o(.constdata)
    rx_config                                0x08005576   Data           2  deca_params_init.o(.constdata)
    agc_config                               0x08005578   Data           8  deca_params_init.o(.constdata)
    dwnsSFDlen                               0x08005580   Data           3  deca_params_init.o(.constdata)
    sftsh                                    0x08005584   Data          12  deca_params_init.o(.constdata)
    dtune1                                   0x08005590   Data           4  deca_params_init.o(.constdata)
    digital_bb_config                        0x08005594   Data          32  deca_params_init.o(.constdata)
    lde_replicaCoeff                         0x080055b4   Data          50  deca_params_init.o(.constdata)
    Region$$Table$$Base                      0x08005768   Number         0  anon$$obj.o(Region$$Table)
    Region$$Table$$Limit                     0x08005788   Number         0  anon$$obj.o(Region$$Table)
    USART_RX_STA                             0x20000000   Data           2  usart_v1.o(.data)
    port_deca_isr                            0x20000004   Data           4  exti_v1.o(.data)
    NrfQcnt                                  0x20000008   Data           1  exti_v1.o(.data)
    NrfQfront                                0x20000009   Data           1  exti_v1.o(.data)
    NrfQrear                                 0x2000000a   Data           1  exti_v1.o(.data)
    tx_timestamp                             0x20000010   Data           8  deca_callback.o(.data)
    rx_timestamp                             0x20000018   Data           8  deca_callback.o(.data)
    rear                                     0x20000020   Data           1  deca_callback.o(.data)
    front                                    0x20000021   Data           1  deca_callback.o(.data)
    Qcnt                                     0x20000022   Data           1  deca_callback.o(.data)
    isframe_sent                             0x20000023   Data           1  deca_callback.o(.data)
    istxframe_acked                          0x20000024   Data           1  deca_callback.o(.data)
    isreceive_To                             0x20000025   Data           1  deca_callback.o(.data)
    isframe_rec                              0x20000026   Data           1  deca_callback.o(.data)
    isack_sent                               0x20000027   Data           1  deca_callback.o(.data)
    TOARanging                               0x20000028   Data           1  deca_callback.o(.data)
    nrfsta                                   0x20000029   Data           1  rf24l01.o(.data)
    TransCop                                 0x2000002a   Data           1  rf24l01.o(.data)
    dw_txframe                               0x2000002b   Data         128  deca_user_api.o(.data)
    DMA_transing                             0x200000c4   Data           1  main.o(.data)
    frame_seq_nb                             0x200000c5   Data           1  main.o(.data)
    ACKframe                                 0x200000c6   Data           5  main.o(.data)
    TBsyctime                                0x200000cc   Data           2  main.o(.data)
    idxreco                                  0x200000d0   Data           4  main.o(.data)
    TAG_datacnt                              0x200000d4   Data           2  main.o(.data)
    crc                                      0x200000d6   Data           1  main.o(.data)
    msec                                     0x200000d8   Data           4  delay.o(.data)
    time_record                              0x200000dc   Data           4  test_fun.o(.data)
    timestack_cnt                            0x200000e0   Data           2  test_fun.o(.data)
    triggle                                  0x200000e2   Data           1  test_fun.o(.data)
    SystemCoreClock                          0x200000f8   Data           4  system_stm32f0xx.o(.data)
    AHBPrescTable                            0x200000fc   Data          16  system_stm32f0xx.o(.data)
    sys_cmd_tab                              0x2000010c   Data          28  usmart.o(.data)
    usmart_nametab                           0x20000128   Data         104  usmart_config.o(.data)
    usmart_dev                               0x20000190   Data         244  usmart_config.o(.data)
    __stdout                                 0x20000284   Data           4  stdout.o(.data)
    USART_RX_BUF                             0x20000288   Data         128  usart_v1.o(.bss)
    NrfQue                                   0x20000308   Data        1600  exti_v1.o(.bss)
    Que                                      0x20000948   Data        1440  deca_callback.o(.bss)
    nrf_Tx_Buffer                            0x20000ee8   Data          33  main.o(.bss)
    nrf_Rx_Buffer                            0x20000f09   Data          33  main.o(.bss)
    rx_buffer                                0x20000f2a   Data         127  main.o(.bss)
    dw_payloadbuff                           0x20000fa9   Data         127  main.o(.bss)
    HEAD                                     0x20001028   Data          12  main.o(.bss)
    AC_DATA                                  0x20001038   Data          64  main.o(.bss)
    TG_DATA                                  0x20001078   Data         400  main.o(.bss)
    time_stack                               0x20001208   Data          40  test_fun.o(.bss)
    __initial_sp                             0x20001668   Data           0  startup_stm32f072.o(STACK)



==============================================================================

Memory Map of the image

  Image Entry point : 0x080000c1

  Load Region LR_IROM1 (Base: 0x08000000, Size: 0x00005a10, Max: 0x00020000, ABSOLUTE, COMPRESSED[0x0000584c])

    Execution Region ER_IROM1 (Base: 0x08000000, Size: 0x00005788, Max: 0x00020000, ABSOLUTE)

    Base Addr    Size         Type   Attr      Idx    E Section Name        Object

    0x08000000   0x000000c0   Data   RO         3038    RESET               startup_stm32f072.o
    0x080000c0   0x00000000   Code   RO         3817  * .ARM.Collect$$$$00000000  mc_p.l(entry.o)
    0x080000c0   0x00000004   Code   RO         4097    .ARM.Collect$$$$00000001  mc_p.l(entry2.o)
    0x080000c4   0x00000004   Code   RO         4100    .ARM.Collect$$$$00000004  mc_p.l(entry5.o)
    0x080000c8   0x00000000   Code   RO         4102    .ARM.Collect$$$$00000008  mc_p.l(entry7b.o)
    0x080000c8   0x00000000   Code   RO         4104    .ARM.Collect$$$$0000000A  mc_p.l(entry8b.o)
    0x080000c8   0x00000008   Code   RO         4105    .ARM.Collect$$$$0000000B  mc_p.l(entry9a.o)
    0x080000d0   0x00000000   Code   RO         4107    .ARM.Collect$$$$0000000D  mc_p.l(entry10a.o)
    0x080000d0   0x00000000   Code   RO         4109    .ARM.Collect$$$$0000000F  mc_p.l(entry11a.o)
    0x080000d0   0x00000004   Code   RO         4098    .ARM.Collect$$$$00002712  mc_p.l(entry2.o)
    0x080000d4   0x00000058   Code   RO         3039    .text               startup_stm32f072.o
    0x0800012c   0x0000002c   Code   RO         3820    .text               mc_p.l(uidiv.o)
    0x08000158   0x00000028   Code   RO         3822    .text               mc_p.l(idiv.o)
    0x08000180   0x00000024   Code   RO         3824    .text               mc_p.l(memcpya.o)
    0x080001a4   0x00000024   Code   RO         3826    .text               mc_p.l(memseta.o)
    0x080001c8   0x000000d0   Code   RO         4091    .text               mf_p.l(dmul.o)
    0x08000298   0x000000f0   Code   RO         4093    .text               mf_p.l(ddiv.o)
    0x08000388   0x0000001c   Code   RO         4095    .text               mf_p.l(dfltui.o)
    0x080003a4   0x00000060   Code   RO         4112    .text               mc_p.l(uldiv.o)
    0x08000404   0x00000000   Code   RO         4114    .text               mc_p.l(iusefp.o)
    0x08000404   0x000000be   Code   RO         4115    .text               mf_p.l(depilogue.o)
    0x080004c2   0x00000002   PAD
    0x080004c4   0x00000164   Code   RO         4119    .text               mf_p.l(dadd.o)
    0x08000628   0x00000040   Code   RO         4121    .text               mf_p.l(dfixul.o)
    0x08000668   0x00000028   Code   RO         4123    .text               mf_p.l(cdrcmple.o)
    0x08000690   0x00000024   Code   RO         4125    .text               mc_p.l(init.o)
    0x080006b4   0x00000020   Code   RO         4127    .text               mc_p.l(llshl.o)
    0x080006d4   0x00000022   Code   RO         4129    .text               mc_p.l(llushr.o)
    0x080006f6   0x00000026   Code   RO         4131    .text               mc_p.l(llsshr.o)
    0x0800071c   0x00000056   Code   RO         4141    .text               mc_p.l(__dczerorl2.o)
    0x08000772   0x00000002   PAD
    0x08000774   0x000000bc   Code   RO          564    i.AssignTimeWindow  main.o
    0x08000830   0x00000010   Code   RO         2834    i.CRC_CalcCRC8bits  stm32f0xx_crc.o
    0x08000840   0x00000024   Code   RO         2835    i.CRC_DeInit        stm32f0xx_crc.o
    0x08000864   0x0000000c   Code   RO         2836    i.CRC_GetCRC        stm32f0xx_crc.o
    0x08000870   0x00000020   Code   RO         2838    i.CRC_PolynomialSizeSelect  stm32f0xx_crc.o
    0x08000890   0x00000014   Code   RO         2839    i.CRC_ResetDR       stm32f0xx_crc.o
    0x080008a4   0x0000000c   Code   RO         2843    i.CRC_SetInitRegister  stm32f0xx_crc.o
    0x080008b0   0x0000000c   Code   RO         2844    i.CRC_SetPolynomial  stm32f0xx_crc.o
    0x080008bc   0x00000022   Code   RO          565    i.CRC_init          main.o
    0x080008de   0x00000002   PAD
    0x080008e0   0x00000030   Code   RO          566    i.DMA1_Channel2_3_IRQHandler  main.o
    0x08000910   0x00000020   Code   RO         2745    i.DMA_ClearFlag     stm32f0xx_dma.o
    0x08000930   0x0000001c   Code   RO         2747    i.DMA_Cmd           stm32f0xx_dma.o
    0x0800094c   0x00000034   Code   RO         2750    i.DMA_GetFlagStatus  stm32f0xx_dma.o
    0x08000980   0x00000014   Code   RO         2752    i.DMA_ITConfig      stm32f0xx_dma.o
    0x08000994   0x00000040   Code   RO         2753    i.DMA_Init          stm32f0xx_dma.o
    0x080009d4   0x00000034   Code   RO         2754    i.DMA_RemapConfig   stm32f0xx_dma.o
    0x08000a08   0x00000078   Code   RO          567    i.DMA_init          main.o
    0x08000a80   0x00000030   Code   RO          758    i.DMA_test          test_fun.o
    0x08000ab0   0x0000025c   Code   RO          568    i.DS_TwoWayRanging  main.o
    0x08000d0c   0x0000004c   Code   RO          713    i.Delay_ms          delay.o
    0x08000d58   0x000000c4   Code   RO          175    i.EXTI4_15_IRQHandler  exti_v1.o
    0x08000e1c   0x0000000c   Code   RO          874    i.EXTI_ClearITPendingBit  stm32f0xx_exti.o
    0x08000e28   0x0000001c   Code   RO          878    i.EXTI_GetITStatus  stm32f0xx_exti.o
    0x08000e44   0x00000088   Code   RO          879    i.EXTI_Init         stm32f0xx_exti.o
    0x08000ecc   0x00000030   Code   RO          759    i.GET_Time2Tpoint   test_fun.o
    0x08000efc   0x00000090   Code   RO          936    i.GPIO_Init         stm32f0xx_gpio.o
    0x08000f8c   0x00000044   Code   RO          937    i.GPIO_PinAFConfig  stm32f0xx_gpio.o
    0x08000fd0   0x00000014   Code   RO          940    i.GPIO_ReadInputDataBit  stm32f0xx_gpio.o
    0x08000fe4   0x00000004   Code   RO          943    i.GPIO_ResetBits    stm32f0xx_gpio.o
    0x08000fe8   0x00000004   Code   RO          944    i.GPIO_SetBits      stm32f0xx_gpio.o
    0x08000fec   0x00000004   Code   RO         2929    i.HardFault_Handler  stm32f0xx_it.o
    0x08000ff0   0x00000064   Code   RO          406    i.LED_Init          led.o
    0x08001054   0x00000002   Code   RO         2930    i.NMI_Handler       stm32f0xx_it.o
    0x08001056   0x00000002   PAD
    0x08001058   0x00000060   Code   RO          429    i.NRF24L01_Check    rf24l01.o
    0x080010b8   0x0000003c   Code   RO          431    i.NRF24L01_Read_Buf  rf24l01.o
    0x080010f4   0x0000002a   Code   RO          432    i.NRF24L01_Read_Reg  rf24l01.o
    0x0800111e   0x0000003e   Code   RO          433    i.NRF24L01_RxPacket  rf24l01.o
    0x0800115c   0x0000003c   Code   RO          436    i.NRF24L01_Write_Buf  rf24l01.o
    0x08001198   0x0000002c   Code   RO          437    i.NRF24L01_Write_Reg  rf24l01.o
    0x080011c4   0x00000070   Code   RO         1027    i.NVIC_Init         stm32f0xx_misc.o
    0x08001234   0x00000078   Code   RO          714    i.NVIC_SetPriority  delay.o
    0x080012ac   0x00000002   Code   RO         2931    i.PendSV_Handler    stm32f0xx_it.o
    0x080012ae   0x00000002   PAD
    0x080012b0   0x00000024   Code   RO          760    i.Prt_anchnum       test_fun.o
    0x080012d4   0x00000020   Code   RO         1060    i.RCC_AHBPeriphClockCmd  stm32f0xx_rcc.o
    0x080012f4   0x00000020   Code   RO         1062    i.RCC_APB1PeriphClockCmd  stm32f0xx_rcc.o
    0x08001314   0x00000020   Code   RO         1064    i.RCC_APB2PeriphClockCmd  stm32f0xx_rcc.o
    0x08001334   0x00000248   Code   RO         1074    i.RCC_GetClocksFreq  stm32f0xx_rcc.o
    0x0800157c   0x00000010   Code   RO          761    i.SET_Tpoint        test_fun.o
    0x0800158c   0x0000001c   Code   RO         1327    i.SPI_Cmd           stm32f0xx_spi.o
    0x080015a8   0x00000014   Code   RO         1336    i.SPI_I2S_GetFlagStatus  stm32f0xx_spi.o
    0x080015bc   0x00000058   Code   RO         1341    i.SPI_Init          stm32f0xx_spi.o
    0x08001614   0x00000128   Code   RO          438    i.SPI_RF_Init       rf24l01.o
    0x0800173c   0x00000034   Code   RO          439    i.SPI_RF_SendByte   rf24l01.o
    0x08001770   0x0000000c   Code   RO         1345    i.SPI_ReceiveData8  stm32f0xx_spi.o
    0x0800177c   0x00000014   Code   RO         1346    i.SPI_RxFIFOThresholdConfig  stm32f0xx_spi.o
    0x08001790   0x0000000a   Code   RO         1348    i.SPI_SendData8     stm32f0xx_spi.o
    0x0800179a   0x00000002   Code   RO         2932    i.SVC_Handler       stm32f0xx_it.o
    0x0800179c   0x00000040   Code   RO         1525    i.SYSCFG_EXTILineConfig  stm32f0xx_syscfg.o
    0x080017dc   0x00000080   Code   RO         2980    i.SetSysClock       system_stm32f0xx.o
    0x0800185c   0x00000002   Code   RO          762    i.Set_start_AR      test_fun.o
    0x0800185e   0x00000002   PAD
    0x08001860   0x00000024   Code   RO         1029    i.SysTick_CLKSourceConfig  stm32f0xx_misc.o
    0x08001884   0x00000010   Code   RO         2933    i.SysTick_Handler   stm32f0xx_it.o
    0x08001894   0x0000007c   Code   RO         2982    i.SystemInit        system_stm32f0xx.o
    0x08001910   0x00000098   Code   RO          763    i.System_GetClocks  test_fun.o
    0x080019a8   0x00000038   Code   RO         3045    i.TIM14_IRQHandler  usmart.o
    0x080019e0   0x0000008c   Code   RO          570    i.TIM7_IRQHandler   main.o
    0x08001a6c   0x00000006   Code   RO         1605    i.TIM_ClearFlag     stm32f0xx_tim.o
    0x08001a72   0x00000006   Code   RO         1606    i.TIM_ClearITPendingBit  stm32f0xx_tim.o
    0x08001a78   0x0000001c   Code   RO         1611    i.TIM_Cmd           stm32f0xx_tim.o
    0x08001a94   0x00000006   Code   RO         1630    i.TIM_GetCounter    stm32f0xx_tim.o
    0x08001a9a   0x00000014   Code   RO         1631    i.TIM_GetFlagStatus  stm32f0xx_tim.o
    0x08001aae   0x00000026   Code   RO         1632    i.TIM_GetITStatus   stm32f0xx_tim.o
    0x08001ad4   0x00000014   Code   RO         1636    i.TIM_ITConfig      stm32f0xx_tim.o
    0x08001ae8   0x00000004   Code   RO         1672    i.TIM_SetAutoreload  stm32f0xx_tim.o
    0x08001aec   0x00000004   Code   RO         1678    i.TIM_SetCounter    stm32f0xx_tim.o
    0x08001af0   0x0000007c   Code   RO         1684    i.TIM_TimeBaseInit  stm32f0xx_tim.o
    0x08001b6c   0x00000060   Code   RO          572    i.TOAdata_process   main.o
    0x08001bcc   0x0000004c   Code   RO         3046    i.Timer2_Init       usmart.o
    0x08001c18   0x00000094   Code   RO            3    i.USART1_IRQHandler  usart_v1.o
    0x08001cac   0x00000004   Code   RO         2166    i.USART_ClearFlag   stm32f0xx_usart.o
    0x08001cb0   0x00000018   Code   RO         2170    i.USART_Cmd         stm32f0xx_usart.o
    0x08001cc8   0x000000b0   Code   RO            4    i.USART_Config      usart_v1.o
    0x08001d78   0x00000014   Code   RO         2173    i.USART_DMACmd      stm32f0xx_usart.o
    0x08001d8c   0x00000014   Code   RO         2178    i.USART_GetFlagStatus  stm32f0xx_usart.o
    0x08001da0   0x0000004e   Code   RO         2179    i.USART_GetITStatus  stm32f0xx_usart.o
    0x08001dee   0x00000042   Code   RO         2181    i.USART_ITConfig    stm32f0xx_usart.o
    0x08001e30   0x000000f8   Code   RO         2182    i.USART_Init        stm32f0xx_usart.o
    0x08001f28   0x0000000a   Code   RO         2194    i.USART_ReceiveData  stm32f0xx_usart.o
    0x08001f32   0x00000008   Code   RO         2199    i.USART_SendData    stm32f0xx_usart.o
    0x08001f3a   0x00000002   Code   RO          764    i.Unset_start_AR    test_fun.o
    0x08001f3c   0x000003b8   Code   RO          573    i.WirelessSyncDataProcess_MA  main.o
    0x080022f4   0x00000020   Code   RO         4063    i.__0printf         mc_p.l(printfa.o)
    0x08002314   0x0000002e   Code   RO         4117    i.__ARM_clz         mf_p.l(depilogue.o)
    0x08002342   0x0000001c   Code   RO         3124    i.__ARM_common_switch8  usmart.o
    0x0800235e   0x0000000e   Code   RO         4135    i.__scatterload_copy  mc_p.l(handlers.o)
    0x0800236c   0x00000002   Code   RO         4136    i.__scatterload_null  mc_p.l(handlers.o)
    0x0800236e   0x0000000e   Code   RO         4137    i.__scatterload_zeroinit  mc_p.l(handlers.o)
    0x0800237c   0x00000018   Code   RO         3241    i._dwt_aonarrayupload  deca_device.o
    0x08002394   0x0000003c   Code   RO         3243    i._dwt_configlde    deca_device.o
    0x080023d0   0x00000014   Code   RO         3244    i._dwt_disablesequencing  deca_device.o
    0x080023e4   0x000000ec   Code   RO         3245    i._dwt_enableclocks  deca_device.o
    0x080024d0   0x00000022   Code   RO         3246    i._dwt_loaducodefromrom  deca_device.o
    0x080024f2   0x00000030   Code   RO         3248    i._dwt_otpread      deca_device.o
    0x08002522   0x00000002   PAD
    0x08002524   0x00000158   Code   RO         4070    i._fp_digits        mc_p.l(printfa.o)
    0x0800267c   0x000006ec   Code   RO         4071    i._printf_core      mc_p.l(printfa.o)
    0x08002d68   0x00000020   Code   RO         4072    i._printf_post_padding  mc_p.l(printfa.o)
    0x08002d88   0x0000002c   Code   RO         4073    i._printf_pre_padding  mc_p.l(printfa.o)
    0x08002db4   0x00000038   Code   RO          575    i.cacu_crc          main.o
    0x08002dec   0x0000000c   Code   RO          240    i.deca_sleep        deca_sleep.o
    0x08002df8   0x00000008   Code   RO          274    i.decamutexoff      deca_mutex.o
    0x08002e00   0x0000000a   Code   RO          275    i.decamutexon       deca_mutex.o
    0x08002e0a   0x00000002   PAD
    0x08002e0c   0x00000054   Code   RO          715    i.delay_init        delay.o
    0x08002e60   0x00000068   Code   RO          176    i.dw1000IRQ_init    exti_v1.o
    0x08002ec8   0x0000023c   Code   RO         3255    i.dwt_configure     deca_device.o
    0x08003104   0x00000030   Code   RO         3259    i.dwt_enableautoack  deca_device.o
    0x08003134   0x00000048   Code   RO         3260    i.dwt_enableframefilter  deca_device.o
    0x0800317c   0x00000054   Code   RO         3263    i.dwt_forcetrxoff   deca_device.o
    0x080031d0   0x00000100   Code   RO         3268    i.dwt_initialise    deca_device.o
    0x080032d0   0x00000170   Code   RO         3269    i.dwt_isr           deca_device.o
    0x08003440   0x00000026   Code   RO         3275    i.dwt_read16bitoffsetreg  deca_device.o
    0x08003466   0x0000002a   Code   RO         3276    i.dwt_read32bitoffsetreg  deca_device.o
    0x08003490   0x00000018   Code   RO         3277    i.dwt_read8bitoffsetreg  deca_device.o
    0x080034a8   0x0000000c   Code   RO         3279    i.dwt_readdevid     deca_device.o
    0x080034b4   0x00000060   Code   RO         3282    i.dwt_readfromdevice  deca_device.o
    0x08003514   0x00000016   Code   RO         3283    i.dwt_readrxdata    deca_device.o
    0x0800352a   0x00000012   Code   RO         3284    i.dwt_readrxtimestamp  deca_device.o
    0x0800353c   0x0000000c   Code   RO         3288    i.dwt_readsystimestamphi32  deca_device.o
    0x08003548   0x00000012   Code   RO         3290    i.dwt_readtxtimestamp  deca_device.o
    0x0800355a   0x00000066   Code   RO         3295    i.dwt_rxenable      deca_device.o
    0x080035c0   0x00000018   Code   RO         3296    i.dwt_rxreset       deca_device.o
    0x080035d8   0x00000010   Code   RO         3297    i.dwt_setaddress16  deca_device.o
    0x080035e8   0x00000014   Code   RO         3298    i.dwt_setcallbacks  deca_device.o
    0x080035fc   0x00000010   Code   RO         3300    i.dwt_setdelayedtrxtime  deca_device.o
    0x0800360c   0x00000012   Code   RO         3301    i.dwt_seteui        deca_device.o
    0x0800361e   0x0000003a   Code   RO         3305    i.dwt_setinterrupt  deca_device.o
    0x08003658   0x000000a4   Code   RO         3306    i.dwt_setleds       deca_device.o
    0x080036fc   0x00000010   Code   RO         3309    i.dwt_setpanid      deca_device.o
    0x0800370c   0x00000014   Code   RO         3312    i.dwt_setrxantennadelay  deca_device.o
    0x08003720   0x00000060   Code   RO         3313    i.dwt_setrxtimeout  deca_device.o
    0x08003780   0x00000010   Code   RO         3317    i.dwt_settxantennadelay  deca_device.o
    0x08003790   0x0000001a   Code   RO         3318    i.dwt_setxtaltrim   deca_device.o
    0x080037aa   0x00000002   PAD
    0x080037ac   0x00000044   Code   RO         3319    i.dwt_softreset     deca_device.o
    0x080037f0   0x00000080   Code   RO         3321    i.dwt_starttx       deca_device.o
    0x08003870   0x00000026   Code   RO         3322    i.dwt_syncrxbufptrs  deca_device.o
    0x08003896   0x0000001e   Code   RO         3323    i.dwt_write16bitoffsetreg  deca_device.o
    0x080038b4   0x00000026   Code   RO         3324    i.dwt_write32bitoffsetreg  deca_device.o
    0x080038da   0x00000014   Code   RO         3325    i.dwt_write8bitoffsetreg  deca_device.o
    0x080038ee   0x00000064   Code   RO         3326    i.dwt_writetodevice  deca_device.o
    0x08003952   0x00000028   Code   RO         3327    i.dwt_writetxdata   deca_device.o
    0x0800397a   0x00000002   PAD
    0x0800397c   0x00000028   Code   RO         3328    i.dwt_writetxfctrl  deca_device.o
    0x080039a4   0x0000001e   Code   RO          329    i.final_msg_get_ts  deca_callback.o
    0x080039c2   0x0000001c   Code   RO          330    i.final_msg_set_ts  deca_callback.o
    0x080039de   0x00000002   PAD
    0x080039e0   0x00000034   Code   RO            5    i.fputc             usart_v1.o
    0x08003a14   0x0000002c   Code   RO          765    i.getIDs            test_fun.o
    0x08003a40   0x00000020   Code   RO          766    i.getSYSstatus      test_fun.o
    0x08003a60   0x0000002e   Code   RO          331    i.get_rx_timestamp_u64  deca_callback.o
    0x08003a8e   0x0000002e   Code   RO          332    i.get_tx_timestamp_u64  deca_callback.o
    0x08003abc   0x0000001c   Code   RO          767    i.getloctime        test_fun.o
    0x08003ad8   0x0000000c   Code   RO          768    i.going             test_fun.o
    0x08003ae4   0x000001d8   Code   RO          577    i.main              main.o
    0x08003cbc   0x00000070   Code   RO          177    i.nrf24l01_init     exti_v1.o
    0x08003d2c   0x0000000c   Code   RO          178    i.port_set_deca_isr  exti_v1.o
    0x08003d38   0x0000001c   Code   RO          769    i.read_test         test_fun.o
    0x08003d54   0x0000008c   Code   RO          300    i.readfromspi       deca_spi.o
    0x08003de0   0x00000054   Code   RO          578    i.reset_DW1000      main.o
    0x08003e34   0x0000000c   Code   RO          333    i.rx_err_cb         deca_callback.o
    0x08003e40   0x00000118   Code   RO          334    i.rx_ok_cb          deca_callback.o
    0x08003f58   0x0000000c   Code   RO          335    i.rx_to_cb          deca_callback.o
    0x08003f64   0x0000015c   Code   RO          579    i.send_to_PC        main.o
    0x080040c0   0x00000050   Code   RO          146    i.set_spi_high      spi_v1.o
    0x08004110   0x000000cc   Code   RO          147    i.spi_init          spi_v1.o
    0x080041dc   0x00000044   Code   RO          580    i.start_DMA         main.o
    0x08004220   0x00000064   Code   RO          770    i.testfun1          test_fun.o
    0x08004284   0x00000064   Code   RO          771    i.testfun2          test_fun.o
    0x080042e8   0x0000000c   Code   RO          336    i.tx_conf_cb        deca_callback.o
    0x080042f4   0x0000002c   Code   RO          772    i.unlockflash       test_fun.o
    0x08004320   0x000000b4   Code   RO         3048    i.usmart_cmd_rec    usmart.o
    0x080043d4   0x000002fc   Code   RO         3049    i.usmart_exe        usmart.o
    0x080046d0   0x000000d6   Code   RO         3163    i.usmart_get_aparm  usmart_str.o
    0x080047a6   0x00000036   Code   RO         3164    i.usmart_get_cmdname  usmart_str.o
    0x080047dc   0x000001d8   Code   RO         3165    i.usmart_get_fname  usmart_str.o
    0x080049b4   0x00000110   Code   RO         3166    i.usmart_get_fparam  usmart_str.o
    0x08004ac4   0x00000020   Code   RO         3167    i.usmart_get_parmpos  usmart_str.o
    0x08004ae4   0x0000003c   Code   RO         3050    i.usmart_get_runtime  usmart.o
    0x08004b20   0x00000024   Code   RO         3051    i.usmart_init       usmart.o
    0x08004b44   0x0000001a   Code   RO         3168    i.usmart_pow        usmart_str.o
    0x08004b5e   0x00000002   PAD
    0x08004b60   0x00000030   Code   RO         3052    i.usmart_reset_runtime  usmart.o
    0x08004b90   0x000000c4   Code   RO         3053    i.usmart_scan       usmart.o
    0x08004c54   0x00000016   Code   RO         3169    i.usmart_search_nextc  usmart_str.o
    0x08004c6a   0x000000d0   Code   RO         3170    i.usmart_str2num    usmart_str.o
    0x08004d3a   0x00000024   Code   RO         3171    i.usmart_strcmp     usmart_str.o
    0x08004d5e   0x00000018   Code   RO         3172    i.usmart_strcopy    usmart_str.o
    0x08004d76   0x0000001a   Code   RO         3173    i.usmart_strlen     usmart_str.o
    0x08004d90   0x000006f4   Code   RO         3054    i.usmart_sys_cmd_exe  usmart.o
    0x08005484   0x00000088   Code   RO          301    i.writetospi        deca_spi.o
    0x0800550c   0x0000002a   Data   RO          582    .constdata          main.o
    0x08005536   0x00000002   PAD
    0x08005538   0x000000ae   Data   RO         3796    .constdata          deca_params_init.o
    0x080055e6   0x00000002   PAD
    0x080055e8   0x00000028   Data   RO         3056    .conststring        usmart.o
    0x08005610   0x00000157   Data   RO         3138    .conststring        usmart_config.o
    0x08005767   0x00000001   PAD
    0x08005768   0x00000020   Data   RO         4133    Region$$Table       anon$$obj.o


    Execution Region RW_IRAM1 (Base: 0x20000000, Size: 0x00001668, Max: 0x00004000, ABSOLUTE, COMPRESSED[0x000000c4])

    Base Addr    Size         Type   Attr      Idx    E Section Name        Object

    0x20000000   0x00000002   Data   RW            8    .data               usart_v1.o
    0x20000002   0x00000002   PAD
    0x20000004   0x00000007   Data   RW          180    .data               exti_v1.o
    0x2000000b   0x00000005   PAD
    0x20000010   0x00000019   Data   RW          338    .data               deca_callback.o
    0x20000029   0x00000002   Data   RW          441    .data               rf24l01.o
    0x2000002b   0x00000080   Data   RW          519    .data               deca_user_api.o
    0x200000ab   0x00000001   PAD
    0x200000ac   0x0000002b   Data   RW          583    .data               main.o
    0x200000d7   0x00000001   PAD
    0x200000d8   0x00000004   Data   RW          716    .data               delay.o
    0x200000dc   0x0000000c   Data   RW          774    .data               test_fun.o
    0x200000e8   0x00000010   Data   RW         1100    .data               stm32f0xx_rcc.o
    0x200000f8   0x00000014   Data   RW         2983    .data               system_stm32f0xx.o
    0x2000010c   0x0000001c   Data   RW         3057    .data               usmart.o
    0x20000128   0x0000015c   Data   RW         3139    .data               usmart_config.o
    0x20000284   0x00000004   Data   RW         4111    .data               mc_p.l(stdout.o)
    0x20000288   0x00000080   Zero   RW            7    .bss                usart_v1.o
    0x20000308   0x00000640   Zero   RW          179    .bss                exti_v1.o
    0x20000948   0x000005a0   Zero   RW          337    .bss                deca_callback.o
    0x20000ee8   0x00000320   Zero   RW          581    .bss                main.o
    0x20001208   0x00000028   Zero   RW          773    .bss                test_fun.o
    0x20001230   0x00000038   Zero   RW         3329    .bss                deca_device.o
    0x20001268   0x00000400   Zero   RW         3036    STACK               startup_stm32f072.o


==============================================================================

Image component sizes


      Code (inc. data)   RO Data    RW Data    ZI Data      Debug   Object Name

       466         38          0         25       1440       5972   deca_callback.o
      3198        168          0          0         56      28884   deca_device.o
        18          0          0          0          0        897   deca_mutex.o
         0          0        174          0          0       4796   deca_params_init.o
        12          0          0          0          0       5134   deca_sleep.o
       276         16          0          0          0       2023   deca_spi.o
         0          0          0        128          0       1093   deca_user_api.o
       280         26          0          4          0       7543   delay.o
       424         44          0          7       1600       6501   exti_v1.o
       100         10          0          0          0        483   led.o
      3210        422         42         43        800      10765   main.o
       712         24          0          2          0       5439   rf24l01.o
       284         14          0          0          0       1118   spi_v1.o
        88         38        192          0       1024        592   startup_stm32f072.o
       140         44          0          0          0       3060   stm32f0xx_crc.o
       248         36          0          0          0       4602   stm32f0xx_dma.o
       176         16          0          0          0       1800   stm32f0xx_exti.o
       240          0          0          0          0       3047   stm32f0xx_gpio.o
        26          4          0          0          0       1927   stm32f0xx_it.o
       148         10          0          0          0       1258   stm32f0xx_misc.o
       680         42          0         16          0       3242   stm32f0xx_rcc.o
       178         20          0          0          0       3496   stm32f0xx_spi.o
        64          4          0          0          0        568   stm32f0xx_syscfg.o
       256         38          0          0          0       5536   stm32f0xx_tim.o
       478         22          0          0          0       5790   stm32f0xx_usart.o
       252         24          0         20          0       1389   system_stm32f0xx.o
       692        284          0         12         40       7075   test_fun.o
       376         32          0          2        128     252455   usart_v1.o
      3224       1350         40         28          0       6274   usmart.o
         0          0        343        348          0       1508   usmart_config.o
      1386         22          0          0          0       7969   usmart_str.o

    ----------------------------------------------------------------------
     17652       2748        828        644       5088     392236   Object Totals
         0          0         32          0          0          0   (incl. Generated)
        20          0          5          9          0          0   (incl. Padding)

    ----------------------------------------------------------------------

      Code (inc. data)   RO Data    RW Data    ZI Data      Debug   Library Member Name

        86          0          0          0          0          0   __dczerorl2.o
         0          0          0          0          0          0   entry.o
         0          0          0          0          0          0   entry10a.o
         0          0          0          0          0          0   entry11a.o
         8          4          0          0          0          0   entry2.o
         4          0          0          0          0          0   entry5.o
         0          0          0          0          0          0   entry7b.o
         0          0          0          0          0          0   entry8b.o
         8          4          0          0          0          0   entry9a.o
        30          0          0          0          0          0   handlers.o
        40          0          0          0          0         72   idiv.o
        36          8          0          0          0         68   init.o
         0          0          0          0          0          0   iusefp.o
        32          0          0          0          0         68   llshl.o
        38          0          0          0          0         68   llsshr.o
        34          0          0          0          0         68   llushr.o
        36          0          0          0          0         60   memcpya.o
        36          0          0          0          0        100   memseta.o
      2224         98          0          0          0        412   printfa.o
         0          0          0          4          0          0   stdout.o
        44          0          0          0          0         72   uidiv.o
        96          0          0          0          0         84   uldiv.o
        40          2          0          0          0         68   cdrcmple.o
       356          4          0          0          0        140   dadd.o
       240          6          0          0          0         84   ddiv.o
       236          0          0          0          0        216   depilogue.o
        64         10          0          0          0         68   dfixul.o
        28          4          0          0          0         68   dfltui.o
       208          6          0          0          0         88   dmul.o

    ----------------------------------------------------------------------
      3928        146          0          4          0       1804   Library Totals
         4          0          0          0          0          0   (incl. Padding)

    ----------------------------------------------------------------------

      Code (inc. data)   RO Data    RW Data    ZI Data      Debug   Library Name

      2752        114          0          4          0       1072   mc_p.l
      1172         32          0          0          0        732   mf_p.l

    ----------------------------------------------------------------------
      3928        146          0          4          0       1804   Library Totals

    ----------------------------------------------------------------------

==============================================================================


      Code (inc. data)   RO Data    RW Data    ZI Data      Debug   

     21580       2894        828        648       5088     385368   Grand Totals
     21580       2894        828        196       5088     385368   ELF Image Totals (compressed)
     21580       2894        828        196          0          0   ROM Totals

==============================================================================

    Total RO  Size (Code + RO Data)                22408 (  21.88kB)
    Total RW  Size (RW Data + ZI Data)              5736 (   5.60kB)
    Total ROM Size (Code + RO Data + RW Data)      22604 (  22.07kB)

==============================================================================

