Component: ARM Compiler 5.05 update 1 (build 106) Tool: armlink [4d0efa]

==============================================================================

Section Cross References

    stm32f0xx_hal_tim.o(i.HAL_TIM_Base_DeInit) refers to stm32f0xx_hal_msp.o(i.HAL_TIM_Base_MspDeInit) for HAL_TIM_Base_MspDeInit
    stm32f0xx_hal_tim.o(i.HAL_TIM_Base_Init) refers to stm32f0xx_hal_msp.o(i.HAL_TIM_Base_MspInit) for HAL_TIM_Base_MspInit
    stm32f0xx_hal_tim.o(i.HAL_TIM_Base_Init) refers to stm32f0xx_hal_tim.o(i.TIM_Base_SetConfig) for TIM_Base_SetConfig
    stm32f0xx_hal_tim.o(i.HAL_TIM_Base_Start_DMA) refers to stm32f0xx_hal_dma.o(i.HAL_DMA_Start_IT) for HAL_DMA_Start_IT
    stm32f0xx_hal_tim.o(i.HAL_TIM_Base_Start_DMA) refers to stm32f0xx_hal_tim.o(i.TIM_DMAPeriodElapsedCplt) for TIM_DMAPeriodElapsedCplt
    stm32f0xx_hal_tim.o(i.HAL_TIM_Base_Start_DMA) refers to stm32f0xx_hal_tim.o(i.TIM_DMAError) for TIM_DMAError
    stm32f0xx_hal_tim.o(i.HAL_TIM_ConfigClockSource) refers to stm32f0xx_hal_tim.o(i.TIM_ETR_SetConfig) for TIM_ETR_SetConfig
    stm32f0xx_hal_tim.o(i.HAL_TIM_ConfigClockSource) refers to stm32f0xx_hal_tim.o(i.TIM_TI1_ConfigInputStage) for TIM_TI1_ConfigInputStage
    stm32f0xx_hal_tim.o(i.HAL_TIM_ConfigClockSource) refers to stm32f0xx_hal_tim.o(i.TIM_ITRx_SetConfig) for TIM_ITRx_SetConfig
    stm32f0xx_hal_tim.o(i.HAL_TIM_ConfigClockSource) refers to stm32f0xx_hal_tim.o(i.TIM_TI2_ConfigInputStage) for TIM_TI2_ConfigInputStage
    stm32f0xx_hal_tim.o(i.HAL_TIM_ConfigOCrefClear) refers to stm32f0xx_hal_tim.o(i.TIM_ETR_SetConfig) for TIM_ETR_SetConfig
    stm32f0xx_hal_tim.o(i.HAL_TIM_DMABurst_ReadStart) refers to stm32f0xx_hal_dma.o(i.HAL_DMA_Start_IT) for HAL_DMA_Start_IT
    stm32f0xx_hal_tim.o(i.HAL_TIM_DMABurst_ReadStart) refers to stm32f0xx_hal_tim.o(i.TIM_DMAPeriodElapsedCplt) for TIM_DMAPeriodElapsedCplt
    stm32f0xx_hal_tim.o(i.HAL_TIM_DMABurst_ReadStart) refers to stm32f0xx_hal_tim.o(i.TIM_DMAError) for TIM_DMAError
    stm32f0xx_hal_tim.o(i.HAL_TIM_DMABurst_ReadStart) refers to stm32f0xx_hal_tim.o(i.TIM_DMACaptureCplt) for TIM_DMACaptureCplt
    stm32f0xx_hal_tim.o(i.HAL_TIM_DMABurst_ReadStart) refers to stm32f0xx_hal_tim_ex.o(i.TIMEx_DMACommutationCplt) for TIMEx_DMACommutationCplt
    stm32f0xx_hal_tim.o(i.HAL_TIM_DMABurst_ReadStart) refers to stm32f0xx_hal_tim.o(i.TIM_DMATriggerCplt) for TIM_DMATriggerCplt
    stm32f0xx_hal_tim.o(i.HAL_TIM_DMABurst_ReadStop) refers to stm32f0xx_hal_dma.o(i.HAL_DMA_Abort) for HAL_DMA_Abort
    stm32f0xx_hal_tim.o(i.HAL_TIM_DMABurst_WriteStart) refers to stm32f0xx_hal_dma.o(i.HAL_DMA_Start_IT) for HAL_DMA_Start_IT
    stm32f0xx_hal_tim.o(i.HAL_TIM_DMABurst_WriteStart) refers to stm32f0xx_hal_tim.o(i.TIM_DMAPeriodElapsedCplt) for TIM_DMAPeriodElapsedCplt
    stm32f0xx_hal_tim.o(i.HAL_TIM_DMABurst_WriteStart) refers to stm32f0xx_hal_tim.o(i.TIM_DMAError) for TIM_DMAError
    stm32f0xx_hal_tim.o(i.HAL_TIM_DMABurst_WriteStart) refers to stm32f0xx_hal_tim.o(i.TIM_DMADelayPulseCplt) for TIM_DMADelayPulseCplt
    stm32f0xx_hal_tim.o(i.HAL_TIM_DMABurst_WriteStart) refers to stm32f0xx_hal_tim_ex.o(i.TIMEx_DMACommutationCplt) for TIMEx_DMACommutationCplt
    stm32f0xx_hal_tim.o(i.HAL_TIM_DMABurst_WriteStart) refers to stm32f0xx_hal_tim.o(i.TIM_DMATriggerCplt) for TIM_DMATriggerCplt
    stm32f0xx_hal_tim.o(i.HAL_TIM_DMABurst_WriteStop) refers to stm32f0xx_hal_dma.o(i.HAL_DMA_Abort) for HAL_DMA_Abort
    stm32f0xx_hal_tim.o(i.HAL_TIM_Encoder_DeInit) refers to stm32f0xx_hal_tim.o(i.HAL_TIM_Encoder_MspDeInit) for HAL_TIM_Encoder_MspDeInit
    stm32f0xx_hal_tim.o(i.HAL_TIM_Encoder_Init) refers to stm32f0xx_hal_tim.o(i.HAL_TIM_Encoder_MspInit) for HAL_TIM_Encoder_MspInit
    stm32f0xx_hal_tim.o(i.HAL_TIM_Encoder_Init) refers to stm32f0xx_hal_tim.o(i.TIM_Base_SetConfig) for TIM_Base_SetConfig
    stm32f0xx_hal_tim.o(i.HAL_TIM_Encoder_Start) refers to stm32f0xx_hal_tim.o(i.TIM_CCxChannelCmd) for TIM_CCxChannelCmd
    stm32f0xx_hal_tim.o(i.HAL_TIM_Encoder_Start_DMA) refers to stm32f0xx_hal_dma.o(i.HAL_DMA_Start_IT) for HAL_DMA_Start_IT
    stm32f0xx_hal_tim.o(i.HAL_TIM_Encoder_Start_DMA) refers to stm32f0xx_hal_tim.o(i.TIM_CCxChannelCmd) for TIM_CCxChannelCmd
    stm32f0xx_hal_tim.o(i.HAL_TIM_Encoder_Start_DMA) refers to stm32f0xx_hal_tim.o(i.TIM_DMACaptureCplt) for TIM_DMACaptureCplt
    stm32f0xx_hal_tim.o(i.HAL_TIM_Encoder_Start_DMA) refers to stm32f0xx_hal_tim.o(i.TIM_DMAError) for TIM_DMAError
    stm32f0xx_hal_tim.o(i.HAL_TIM_Encoder_Start_IT) refers to stm32f0xx_hal_tim.o(i.TIM_CCxChannelCmd) for TIM_CCxChannelCmd
    stm32f0xx_hal_tim.o(i.HAL_TIM_Encoder_Stop) refers to stm32f0xx_hal_tim.o(i.TIM_CCxChannelCmd) for TIM_CCxChannelCmd
    stm32f0xx_hal_tim.o(i.HAL_TIM_Encoder_Stop_DMA) refers to stm32f0xx_hal_tim.o(i.TIM_CCxChannelCmd) for TIM_CCxChannelCmd
    stm32f0xx_hal_tim.o(i.HAL_TIM_Encoder_Stop_IT) refers to stm32f0xx_hal_tim.o(i.TIM_CCxChannelCmd) for TIM_CCxChannelCmd
[...]
    ..\Src\stm32f0xx_it.c                    0x00000000   Number         0  stm32f0xx_it.o ABSOLUTE
    ..\\Drivers\\Hardware\\I2C\\I2C.c        0x00000000   Number         0  i2c.o ABSOLUTE
    ..\\Drivers\\Hardware\\MPL\\driver\\eMPL\\inv_mpu.c 0x00000000   Number         0  inv_mpu.o ABSOLUTE
    ..\\Drivers\\Hardware\\MPL\\driver\\eMPL\\inv_mpu_dmp_motion_driver.c 0x00000000   Number         0  inv_mpu_dmp_motion_driver.o ABSOLUTE
    ..\\Drivers\\Hardware\\MPL\\mpu9250.c    0x00000000   Number         0  mpu9250.o ABSOLUTE
    ..\\Drivers\\Hardware\\NRF24l01\\rf24l01.c 0x00000000   Number         0  rf24l01.o ABSOLUTE
    ..\\Drivers\\Hardware\\Platform_deca\\deca_callback.c 0x00000000   Number         0  deca_callback.o ABSOLUTE
    ..\\Drivers\\Hardware\\Platform_deca\\deca_mutex.c 0x00000000   Number         0  deca_mutex.o ABSOLUTE
    ..\\Drivers\\Hardware\\Platform_deca\\deca_sleep.c 0x00000000   Number         0  deca_sleep.o ABSOLUTE
    ..\\Drivers\\Hardware\\Platform_deca\\deca_spi.c 0x00000000   Number         0  deca_spi.o ABSOLUTE
    ..\\Drivers\\Hardware\\Platform_deca\\dw1000.c 0x00000000   Number         0  dw1000.o ABSOLUTE
    ..\\Drivers\\Hardware\\USAMRT\\usmart.c  0x00000000   Number         0  usmart.o ABSOLUTE
    ..\\Drivers\\Hardware\\USAMRT\\usmart_config.c 0x00000000   Number         0  usmart_config.o ABSOLUTE
    ..\\Drivers\\Hardware\\USAMRT\\usmart_str.c 0x00000000   Number         0  usmart_str.o ABSOLUTE
    ..\\Src\\Testing.c                       0x00000000   Number         0  testing.o ABSOLUTE
    ..\\Src\\delay.c                         0x00000000   Number         0  delay.o ABSOLUTE
    cdcmple.s                                0x00000000   Number         0  cdcmple.o ABSOLUTE
    cdrcmple.s                               0x00000000   Number         0  cdrcmple.o ABSOLUTE
    cfcmple.s                                0x00000000   Number         0  cfcmple.o ABSOLUTE
    cfrcmple.s                               0x00000000   Number         0  cfrcmple.o ABSOLUTE
    dc.s                                     0x00000000   Number         0  dc.o ABSOLUTE
    handlers.s                               0x00000000   Number         0  handlers.o ABSOLUTE
    init.s                                   0x00000000   Number         0  init.o ABSOLUTE
    startup_stm32f072xb.s                    0x00000000   Number         0  startup_stm32f072xb.o ABSOLUTE
    RESET                                    0x08000000   Section      192  startup_stm32f072xb.o(RESET)
    .ARM.Collect$$$$00000000                 0x080000c0   Section        0  entry.o(.ARM.Collect$$$$00000000)
    .ARM.Collect$$$$00000001                 0x080000c0   Section        4  entry2.o(.ARM.Collect$$$$00000001)
    .ARM.Collect$$$$00000004                 0x080000c4   Section        4  entry5.o(.ARM.Collect$$$$00000004)
    .ARM.Collect$$$$00000008                 0x080000c8   Section        0  entry7b.o(.ARM.Collect$$$$00000008)
    .ARM.Collect$$$$0000000A                 0x080000c8   Section        0  entry8b.o(.ARM.Collect$$$$0000000A)
    .ARM.Collect$$$$0000000B                 0x080000c8   Section        8  entry9a.o(.ARM.Collect$$$$0000000B)
    .ARM.Collect$$$$0000000D                 0x080000d0   Section        0  entry10a.o(.ARM.Collect$$$$0000000D)
    .ARM.Collect$$$$0000000F                 0x080000d0   Section        0  entry11a.o(.ARM.Collect$$$$0000000F)
    .ARM.Collect$$$$00002712                 0x080000d0   Section        4  entry2.o(.ARM.Collect$$$$00002712)
    __lit__00000000                          0x080000d0   Data           4  entry2.o(.ARM.Collect$$$$00002712)
    .text                                    0x080000d4   Section       28  startup_stm32f072xb.o(.text)
    .text                                    0x080000f0   Section        0  uidiv.o(.text)
    .text                                    0x0800011c   Section        0  llushr.o(.text)
    .text                                    0x0800013e   Section        0  memcpya.o(.text)
    .text                                    0x08000162   Section        0  memseta.o(.text)
    .text                                    0x08000188   Section       40  cdrcmple.o(.text)
    .text                                    0x080001b0   Section        0  uldiv.o(.text)
    .text                                    0x08000210   Section        0  llshl.o(.text)
    .text                                    0x08000230   Section        0  depilogue.o(.text)
    .text                                    0x08000230   Section        0  iusefp.o(.text)
    .text                                    0x080002f0   Section        0  dadd.o(.text)
    .text                                    0x08000454   Section        0  dmul.o(.text)
    .text                                    0x08000524   Section        0  ddiv.o(.text)
    .text                                    0x08000614   Section        0  dfixul.o(.text)
    .text                                    0x08000654   Section       36  init.o(.text)
    .text                                    0x08000678   Section        0  llsshr.o(.text)
    .text                                    0x0800069e   Section        0  __dczerorl2.o(.text)
    i.Delay_ms                               0x080006f4   Section        0  delay.o(i.Delay_ms)
    i.Delay_us                               0x08000750   Section        0  delay.o(i.Delay_us)
    i.EXTI0_1_IRQHandler                     0x080007a8   Section        0  stm32f0xx_it.o(i.EXTI0_1_IRQHandler)
    i.EXTI0_1_IRQHandler_Config              0x08000800   Section        0  main.o(i.EXTI0_1_IRQHandler_Config)
    EXTI0_1_IRQHandler_Config                0x08000801   Thumb Code    76  main.o(i.EXTI0_1_IRQHandler_Config)
    i.EXTI2_3_IRQHandler                     0x08000858   Section        0  stm32f0xx_it.o(i.EXTI2_3_IRQHandler)
    i.EXTI2_3_IRQHandler_Config              0x080008b0   Section        0  main.o(i.EXTI2_3_IRQHandler_Config)
    EXTI2_3_IRQHandler_Config                0x080008b1   Thumb Code    78  main.o(i.EXTI2_3_IRQHandler_Config)
    i.Error_Handler                          0x08000908   Section        0  main.o(i.Error_Handler)
    i.HAL_Delay                              0x0800090c   Section        0  delay.o(i.HAL_Delay)
    i.HAL_GPIO_Init                          0x08000918   Section        0  stm32f0xx_hal_gpio.o(i.HAL_GPIO_Init)
    i.HAL_GPIO_ReadPin                       0x08000b14   Section        0  stm32f0xx_hal_gpio.o(i.HAL_GPIO_ReadPin)
    i.HAL_GPIO_WritePin                      0x08000b26   Section        0  stm32f0xx_hal_gpio.o(i.HAL_GPIO_WritePin)
    i.HAL_GetTick                            0x08000b34   Section        0  stm32f0xx_hal.o(i.HAL_GetTick)
    i.HAL_IncTick                            0x08000b40   Section        0  stm32f0xx_hal.o(i.HAL_IncTick)
    i.HAL_Init                               0x08000b50   Section        0  stm32f0xx_hal.o(i.HAL_Init)
    i.HAL_InitTick                           0x08000b70   Section        0  stm32f0xx_hal.o(i.HAL_InitTick)
    i.HAL_MspInit                            0x08000b98   Section        0  stm32f0xx_hal_msp.o(i.HAL_MspInit)
    i.HAL_NVIC_EnableIRQ                     0x08000bdc   Section        0  stm32f0xx_hal_cortex.o(i.HAL_NVIC_EnableIRQ)
    i.HAL_NVIC_SetPriority                   0x08000bf4   Section        0  stm32f0xx_hal_cortex.o(i.HAL_NVIC_SetPriority)
    i.HAL_RCCEx_PeriphCLKConfig              0x08000c08   Section        0  stm32f0xx_hal_rcc_ex.o(i.HAL_RCCEx_PeriphCLKConfig)
    i.HAL_RCC_ClockConfig                    0x08000dac   Section        0  stm32f0xx_hal_rcc.o(i.HAL_RCC_ClockConfig)
    i.HAL_RCC_GetHCLKFreq                    0x08000f7c   Section        0  stm32f0xx_hal_rcc.o(i.HAL_RCC_GetHCLKFreq)
    i.HAL_RCC_GetPCLK1Freq                   0x08000f88   Section        0  stm32f0xx_hal_rcc.o(i.HAL_RCC_GetPCLK1Freq)
    i.HAL_RCC_GetSysClockFreq                0x08000fac   Section        0  stm32f0xx_hal_rcc.o(i.HAL_RCC_GetSysClockFreq)
    i.HAL_RCC_OscConfig                      0x0800109c   Section        0  stm32f0xx_hal_rcc.o(i.HAL_RCC_OscConfig)
    i.HAL_SPIEx_FlushRxFifo                  0x0800169c   Section        0  stm32f0xx_hal_spi_ex.o(i.HAL_SPIEx_FlushRxFifo)
    i.HAL_SPI_Init                           0x080016cc   Section        0  stm32f0xx_hal_spi.o(i.HAL_SPI_Init)
    i.HAL_SPI_MspInit                        0x080017bc   Section        0  stm32f0xx_hal_msp.o(i.HAL_SPI_MspInit)
    i.HAL_SPI_Receive                        0x08001860   Section        0  stm32f0xx_hal_spi.o(i.HAL_SPI_Receive)
    i.HAL_SPI_Transmit                       0x08001b20   Section        0  stm32f0xx_hal_spi.o(i.HAL_SPI_Transmit)
    i.HAL_SPI_TransmitReceive                0x08001cec   Section        0  stm32f0xx_hal_spi.o(i.HAL_SPI_TransmitReceive)
    i.HAL_SYSTICK_CLKSourceConfig            0x08002070   Section        0  stm32f0xx_hal_cortex.o(i.HAL_SYSTICK_CLKSourceConfig)
    i.HAL_SYSTICK_Callback                   0x08002094   Section        0  stm32f0xx_hal_cortex.o(i.HAL_SYSTICK_Callback)
    i.HAL_SYSTICK_Config                     0x08002098   Section        0  stm32f0xx_hal_cortex.o(i.HAL_SYSTICK_Config)
    i.HAL_SYSTICK_IRQHandler                 0x080020d0   Section        0  stm32f0xx_hal_cortex.o(i.HAL_SYSTICK_IRQHandler)
    i.HAL_TIMEx_BreakCallback                0x080020d8   Section        0  stm32f0xx_hal_tim_ex.o(i.HAL_TIMEx_BreakCallback)
    i.HAL_TIMEx_CommutationCallback          0x080020da   Section        0  stm32f0xx_hal_tim_ex.o(i.HAL_TIMEx_CommutationCallback)
    i.HAL_TIM_Base_Init                      0x080020dc   Section        0  stm32f0xx_hal_tim.o(i.HAL_TIM_Base_Init)
    i.HAL_TIM_Base_MspInit                   0x08002114   Section        0  stm32f0xx_hal_msp.o(i.HAL_TIM_Base_MspInit)
    i.HAL_TIM_IC_CaptureCallback             0x08002160   Section        0  stm32f0xx_hal_tim.o(i.HAL_TIM_IC_CaptureCallback)
    i.HAL_TIM_IRQHandler                     0x08002162   Section        0  stm32f0xx_hal_tim.o(i.HAL_TIM_IRQHandler)
    i.HAL_TIM_OC_DelayElapsedCallback        0x0800232a   Section        0  stm32f0xx_hal_tim.o(i.HAL_TIM_OC_DelayElapsedCallback)
    i.HAL_TIM_PWM_PulseFinishedCallback      0x0800232c   Section        0  stm32f0xx_hal_tim.o(i.HAL_TIM_PWM_PulseFinishedCallback)
    i.HAL_TIM_PeriodElapsedCallback          0x08002330   Section        0  stm32f0xx_it.o(i.HAL_TIM_PeriodElapsedCallback)
    i.HAL_TIM_TriggerCallback                0x08002490   Section        0  stm32f0xx_hal_tim.o(i.HAL_TIM_TriggerCallback)
    i.HAL_UARTEx_WakeupCallback              0x08002492   Section        0  stm32f0xx_hal_uart_ex.o(i.HAL_UARTEx_WakeupCallback)
    i.HAL_UART_ErrorCallback                 0x08002494   Section        0  stm32f0xx_hal_uart.o(i.HAL_UART_ErrorCallback)
    i.HAL_UART_IRQHandler                    0x08002496   Section        0  stm32f0xx_hal_uart.o(i.HAL_UART_IRQHandler)
    i.HAL_UART_Init                          0x080025d0   Section        0  stm32f0xx_hal_uart.o(i.HAL_UART_Init)
    i.HAL_UART_MspInit                       0x08002654   Section        0  stm32f0xx_hal_msp.o(i.HAL_UART_MspInit)
    i.HAL_UART_Receive_IT                    0x080026c0   Section        0  stm32f0xx_hal_uart.o(i.HAL_UART_Receive_IT)
    i.HAL_UART_RxCpltCallback                0x080027b8   Section        0  stm32f0xx_it.o(i.HAL_UART_RxCpltCallback)
    i.HAL_UART_Transmit                      0x08002818   Section        0  stm32f0xx_hal_uart.o(i.HAL_UART_Transmit)
    i.HAL_UART_TxCpltCallback                0x080028fa   Section        0  stm32f0xx_hal_uart.o(i.HAL_UART_TxCpltCallback)
    i.HardFault_Handler                      0x080028fc   Section        0  stm32f0xx_it.o(i.HardFault_Handler)
    i.MX_GPIO_Init                           0x08002900   Section        0  main.o(i.MX_GPIO_Init)
    MX_GPIO_Init                             0x08002901   Thumb Code   456  main.o(i.MX_GPIO_Init)
    i.MX_SPI1_Init                           0x08002ae0   Section        0  main.o(i.MX_SPI1_Init)
    MX_SPI1_Init                             0x08002ae1   Thumb Code    74  main.o(i.MX_SPI1_Init)
    i.MX_SPI2_Init                           0x08002b34   Section        0  main.o(i.MX_SPI2_Init)
    MX_SPI2_Init                             0x08002b35   Thumb Code    74  main.o(i.MX_SPI2_Init)
    i.MX_TIM14_Init                          0x08002b88   Section        0  main.o(i.MX_TIM14_Init)
    MX_TIM14_Init                            0x08002b89   Thumb Code    40  main.o(i.MX_TIM14_Init)
    i.MX_USART1_UART_Init                    0x08002bc0   Section        0  main.o(i.MX_USART1_UART_Init)
    MX_USART1_UART_Init                      0x08002bc1   Thumb Code    58  main.o(i.MX_USART1_UART_Init)
    i.NMI_Handler                            0x08002c04   Section        0  stm32f0xx_it.o(i.NMI_Handler)
    i.NRF24L01_RX_Mode                       0x08002c08   Section        0  rf24l01.o(i.NRF24L01_RX_Mode)
    i.NRF24L01_Read_Buf                      0x08002c7c   Section        0  rf24l01.o(i.NRF24L01_Read_Buf)
    i.NRF24L01_Read_Reg                      0x08002cbc   Section        0  rf24l01.o(i.NRF24L01_Read_Reg)
    i.NRF24L01_RxPacket                      0x08002cec   Section        0  rf24l01.o(i.NRF24L01_RxPacket)
    i.NRF24L01_TX_Mode                       0x08002d24   Section        0  rf24l01.o(i.NRF24L01_TX_Mode)
    i.NRF24L01_Write_Buf                     0x08002da4   Section        0  rf24l01.o(i.NRF24L01_Write_Buf)
    i.NRF24L01_Write_Reg                     0x08002de4   Section        0  rf24l01.o(i.NRF24L01_Write_Reg)
    i.NRF_Test                               0x08002e14   Section        0  testing.o(i.NRF_Test)
    i.NVIC_SetPriority                       0x08002ea0   Section        0  stm32f0xx_hal_cortex.o(i.NVIC_SetPriority)
    NVIC_SetPriority                         0x08002ea1   Thumb Code   110  stm32f0xx_hal_cortex.o(i.NVIC_SetPriority)
    i.PendSV_Handler                         0x08002f18   Section        0  stm32f0xx_it.o(i.PendSV_Handler)
    i.Read_status                            0x08002f1c   Section        0  testing.o(i.Read_status)
    i.SPI_EndRxTransaction                   0x08002f3c   Section        0  stm32f0xx_hal_spi.o(i.SPI_EndRxTransaction)
    SPI_EndRxTransaction                     0x08002f3d   Thumb Code   136  stm32f0xx_hal_spi.o(i.SPI_EndRxTransaction)
    i.SPI_EndRxTxTransaction                 0x08002fc4   Section        0  stm32f0xx_hal_spi.o(i.SPI_EndRxTxTransaction)
    SPI_EndRxTxTransaction                   0x08002fc5   Thumb Code    68  stm32f0xx_hal_spi.o(i.SPI_EndRxTxTransaction)
    i.SPI_RF_SendByte                        0x08003008   Section        0  rf24l01.o(i.SPI_RF_SendByte)
    i.SPI_WaitFifoStateUntilTimeout          0x08003038   Section        0  stm32f0xx_hal_spi.o(i.SPI_WaitFifoStateUntilTimeout)
    SPI_WaitFifoStateUntilTimeout            0x08003039   Thumb Code   188  stm32f0xx_hal_spi.o(i.SPI_WaitFifoStateUntilTimeout)
    i.SPI_WaitFlagStateUntilTimeout          0x080030f8   Section        0  stm32f0xx_hal_spi.o(i.SPI_WaitFlagStateUntilTimeout)
    SPI_WaitFlagStateUntilTimeout            0x080030f9   Thumb Code   166  stm32f0xx_hal_spi.o(i.SPI_WaitFlagStateUntilTimeout)
    i.SVC_Handler                            0x080031a4   Section        0  stm32f0xx_it.o(i.SVC_Handler)
    i.Start_dwrx                             0x080031a6   Section        0  testing.o(i.Start_dwrx)
    i.SysTick_Handler                        0x080031b0   Section        0  stm32f0xx_it.o(i.SysTick_Handler)
    i.SystemClock_Config                     0x080031bc   Section        0  main.o(i.SystemClock_Config)
    i.SystemInit                             0x08003248   Section        0  system_stm32f0xx.o(i.SystemInit)
    i.TIM14_IRQHandler                       0x080032c0   Section        0  stm32f0xx_it.o(i.TIM14_IRQHandler)
    i.TIM_Base_SetConfig                     0x080032d0   Section        0  stm32f0xx_hal_tim.o(i.TIM_Base_SetConfig)
    i.UART_AdvFeatureConfig                  0x08003374   Section        0  stm32f0xx_hal_uart.o(i.UART_AdvFeatureConfig)
    i.UART_CheckIdleState                    0x08003464   Section        0  stm32f0xx_hal_uart.o(i.UART_CheckIdleState)
    i.UART_EndTransmit_IT                    0x080034e0   Section        0  stm32f0xx_hal_uart.o(i.UART_EndTransmit_IT)
    i.UART_Receive_IT                        0x08003500   Section        0  stm32f0xx_hal_uart.o(i.UART_Receive_IT)
    i.UART_SetConfig                         0x0800359c   Section        0  stm32f0xx_hal_uart.o(i.UART_SetConfig)
    i.UART_Transmit_IT                       0x080037d0   Section        0  stm32f0xx_hal_uart.o(i.UART_Transmit_IT)
    i.UART_WaitOnFlagUntilTimeout            0x08003842   Section        0  stm32f0xx_hal_uart.o(i.UART_WaitOnFlagUntilTimeout)
    i.USART1_IRQHandler                      0x08003948   Section        0  stm32f0xx_it.o(i.USART1_IRQHandler)
    i.__0printf                              0x0800397c   Section        0  printfa.o(i.__0printf)
    i.__ARM_clz                              0x0800399c   Section        0  depilogue.o(i.__ARM_clz)
    i.__ARM_common_switch8                   0x080039ca   Section        0  stm32f0xx_hal_tim.o(i.__ARM_common_switch8)
    i.__scatterload_copy                     0x080039e6   Section       14  handlers.o(i.__scatterload_copy)
    i.__scatterload_null                     0x080039f4   Section        2  handlers.o(i.__scatterload_null)
    i.__scatterload_zeroinit                 0x080039f6   Section       14  handlers.o(i.__scatterload_zeroinit)
    i._dwt_aonarrayupload                    0x08003a04   Section        0  deca_device.o(i._dwt_aonarrayupload)
    i._dwt_configlde                         0x08003a1c   Section        0  deca_device.o(i._dwt_configlde)
    i._dwt_disablesequencing                 0x08003a58   Section        0  deca_device.o(i._dwt_disablesequencing)
    i._dwt_enableclocks                      0x08003a6c   Section        0  deca_device.o(i._dwt_enableclocks)
    i._dwt_loaducodefromrom                  0x08003b58   Section        0  deca_device.o(i._dwt_loaducodefromrom)
    i._dwt_otpread                           0x08003b7a   Section        0  deca_device.o(i._dwt_otpread)
    i._fp_digits                             0x08003bac   Section        0  printfa.o(i._fp_digits)
    _fp_digits                               0x08003bad   Thumb Code   316  printfa.o(i._fp_digits)
    i._printf_core                           0x08003d04   Section        0  printfa.o(i._printf_core)
    _printf_core                             0x08003d05   Thumb Code  1754  printfa.o(i._printf_core)
    i._printf_post_padding                   0x080043f0   Section        0  printfa.o(i._printf_post_padding)
    _printf_post_padding                     0x080043f1   Thumb Code    32  printfa.o(i._printf_post_padding)
    i._printf_pre_padding                    0x08004410   Section        0  printfa.o(i._printf_pre_padding)
    _printf_pre_padding                      0x08004411   Thumb Code    44  printfa.o(i._printf_pre_padding)
    i.deca_sleep                             0x0800443c   Section        0  deca_sleep.o(i.deca_sleep)
    i.decamutexoff                           0x08004448   Section        0  deca_mutex.o(i.decamutexoff)
    i.decamutexon                            0x08004450   Section        0  deca_mutex.o(i.decamutexon)
    i.delay_init                             0x08004458   Section        0  delay.o(i.delay_init)
    i.dwt_configure                          0x080044a0   Section        0  deca_device.o(i.dwt_configure)
    i.dwt_configuresleep                     0x080046dc   Section        0  deca_device.o(i.dwt_configuresleep)
    i.dwt_enableautoack                      0x08004704   Section        0  deca_device.o(i.dwt_enableautoack)
    i.dwt_entersleep                         0x08004734   Section        0  deca_device.o(i.dwt_entersleep)
    i.dwt_forcetrxoff                        0x0800473c   Section        0  deca_device.o(i.dwt_forcetrxoff)
    i.dwt_initialise                         0x08004790   Section        0  deca_device.o(i.dwt_initialise)
    i.dwt_isr                                0x08004890   Section        0  deca_device.o(i.dwt_isr)
    i.dwt_read16bitoffsetreg                 0x08004a00   Section        0  deca_device.o(i.dwt_read16bitoffsetreg)
    i.dwt_read32bitoffsetreg                 0x08004a26   Section        0  deca_device.o(i.dwt_read32bitoffsetreg)
    i.dwt_read8bitoffsetreg                  0x08004a50   Section        0  deca_device.o(i.dwt_read8bitoffsetreg)
    i.dwt_readdevid                          0x08004a68   Section        0  deca_device.o(i.dwt_readdevid)
    i.dwt_readfromdevice                     0x08004a74   Section        0  deca_device.o(i.dwt_readfromdevice)
    i.dwt_readrxdata                         0x08004ac4   Section        0  deca_device.o(i.dwt_readrxdata)
    i.dwt_readrxtimestamp                    0x08004ada   Section        0  deca_device.o(i.dwt_readrxtimestamp)
    i.dwt_rxenable                           0x08004aec   Section        0  deca_device.o(i.dwt_rxenable)
    i.dwt_rxreset                            0x08004b52   Section        0  deca_device.o(i.dwt_rxreset)
    i.dwt_setaddress16                       0x08004b6a   Section        0  deca_device.o(i.dwt_setaddress16)
    i.dwt_setcallbacks                       0x08004b7c   Section        0  deca_device.o(i.dwt_setcallbacks)
    i.dwt_seteui                             0x08004b90   Section        0  deca_device.o(i.dwt_seteui)
    i.dwt_setinterrupt                       0x08004ba2   Section        0  deca_device.o(i.dwt_setinterrupt)
    i.dwt_setpanid                           0x08004bdc   Section        0  deca_device.o(i.dwt_setpanid)
    i.dwt_setrxaftertxdelay                  0x08004bec   Section        0  deca_device.o(i.dwt_setrxaftertxdelay)
    i.dwt_setrxantennadelay                  0x08004c10   Section        0  deca_device.o(i.dwt_setrxantennadelay)
    i.dwt_setrxtimeout                       0x08004c24   Section        0  deca_device.o(i.dwt_setrxtimeout)
    i.dwt_settxantennadelay                  0x08004c84   Section        0  deca_device.o(i.dwt_settxantennadelay)
    i.dwt_setxtaltrim                        0x08004c94   Section        0  deca_device.o(i.dwt_setxtaltrim)
    i.dwt_softreset                          0x08004cb0   Section        0  deca_device.o(i.dwt_softreset)
    i.dwt_syncrxbufptrs                      0x08004cf4   Section        0  deca_device.o(i.dwt_syncrxbufptrs)
    i.dwt_write16bitoffsetreg                0x08004d1a   Section        0  deca_device.o(i.dwt_write16bitoffsetreg)
    i.dwt_write32bitoffsetreg                0x08004d38   Section        0  deca_device.o(i.dwt_write32bitoffsetreg)
    i.dwt_write8bitoffsetreg                 0x08004d5e   Section        0  deca_device.o(i.dwt_write8bitoffsetreg)
    i.dwt_writetodevice                      0x08004d72   Section        0  deca_device.o(i.dwt_writetodevice)
    i.fputc                                  0x08004dd8   Section        0  stm32f0xx_hal_msp.o(i.fputc)
    i.get_rx_timestamp_u64                   0x08004df8   Section        0  deca_callback.o(i.get_rx_timestamp_u64)
    i.going                                  0x08004e28   Section        0  testing.o(i.going)
    i.main                                   0x08004e34   Section        0  main.o(i.main)
    i.port_set_deca_isr                      0x08005084   Section        0  dw1000.o(i.port_set_deca_isr)
    i.read_addr                              0x08005090   Section        0  usmart.o(i.read_addr)
    i.readfromspi                            0x08005098   Section        0  deca_spi.o(i.readfromspi)
    i.reset_DW1000                           0x080050f4   Section        0  dw1000.o(i.reset_DW1000)
    i.rx_err_cb                              0x0800513c   Section        0  deca_callback.o(i.rx_err_cb)
    i.rx_ok_cb                               0x08005148   Section        0  deca_callback.o(i.rx_ok_cb)
    i.rx_to_cb                               0x080051ac   Section        0  deca_callback.o(i.rx_to_cb)
    i.tx_conf_cb                             0x080051b8   Section        0  deca_callback.o(i.tx_conf_cb)
    i.unlockflash                            0x080051c4   Section        0  testing.o(i.unlockflash)
    i.usmart_cmd_rec                         0x080051f0   Section        0  usmart.o(i.usmart_cmd_rec)
    i.usmart_exe                             0x080052a4   Section        0  usmart.o(i.usmart_exe)
    i.usmart_get_aparm                       0x080055a0   Section        0  usmart_str.o(i.usmart_get_aparm)
    i.usmart_get_cmdname                     0x08005676   Section        0  usmart_str.o(i.usmart_get_cmdname)
    i.usmart_get_fname                       0x080056ac   Section        0  usmart_str.o(i.usmart_get_fname)
    i.usmart_get_fparam                      0x08005884   Section        0  usmart_str.o(i.usmart_get_fparam)
    i.usmart_get_parmpos                     0x08005994   Section        0  usmart_str.o(i.usmart_get_parmpos)
    i.usmart_get_runtime                     0x080059b4   Section        0  usmart.o(i.usmart_get_runtime)
    i.usmart_init                            0x080059ec   Section        0  usmart.o(i.usmart_init)
    i.usmart_pow                             0x080059f8   Section        0  usmart_str.o(i.usmart_pow)
    i.usmart_reset_runtime                   0x08005a14   Section        0  usmart.o(i.usmart_reset_runtime)
    i.usmart_scan                            0x08005a3c   Section        0  usmart.o(i.usmart_scan)
    i.usmart_search_nextc                    0x08005b08   Section        0  usmart_str.o(i.usmart_search_nextc)
    i.usmart_str2num                         0x08005b1e   Section        0  usmart_str.o(i.usmart_str2num)
    i.usmart_strcmp                          0x08005bee   Section        0  usmart_str.o(i.usmart_strcmp)
    i.usmart_strcopy                         0x08005c12   Section        0  usmart_str.o(i.usmart_strcopy)
    i.usmart_strlen                          0x08005c2a   Section        0  usmart_str.o(i.usmart_strlen)
    i.usmart_sys_cmd_exe                     0x08005c44   Section        0  usmart.o(i.usmart_sys_cmd_exe)
    i.write_addr                             0x08006338   Section        0  usmart.o(i.write_addr)
    i.writetospi                             0x0800633c   Section        0  deca_spi.o(i.writetospi)
    .constdata                               0x080063ac   Section       24  system_stm32f0xx.o(.constdata)
    .constdata                               0x080063c4   Section      174  deca_params_init.o(.constdata)
    .constdata                               0x08006472   Section       10  rf24l01.o(.constdata)
    .conststring                             0x0800647c   Section       40  usmart.o(.conststring)
    .conststring                             0x080064a4   Section      216  usmart_config.o(.conststring)
    .data                                    0x20000000   Section        4  stm32f0xx_hal.o(.data)
    .data                                    0x20000004   Section        4  system_stm32f0xx.o(.data)
    .data                                    0x20000008   Section      171  main.o(.data)
    status_reg                               0x20000008   Data           4  main.o(.data)
    config                                   0x2000000c   Data          12  main.o(.data)
    pan_id                                   0x20000018   Data           2  main.o(.data)
    eui                                      0x2000001a   Data           8  main.o(.data)
    short_addr                               0x20000022   Data           2  main.o(.data)
    frame_seq_nb                             0x20000062   Data           1  main.o(.data)
    tx_poll_mes                              0x20000063   Data          12  main.o(.data)
    rx_resp_msg                              0x2000006f   Data          15  main.o(.data)
    tx_final_msg                             0x2000007e   Data          24  main.o(.data)
    .data                                    0x200000b4   Section        4  delay.o(.data)
    fac_us                                   0x200000b4   Data           1  delay.o(.data)
    fac_ms                                   0x200000b6   Data           2  delay.o(.data)
    .data                                    0x200000b8   Section       21  deca_callback.o(.data)
    .data                                    0x200000d0   Section        4  dw1000.o(.data)
    .data                                    0x200000d4   Section        2  rf24l01.o(.data)
    .data                                    0x200000d8   Section       28  usmart.o(.data)
    .data                                    0x200000f4   Section      300  usmart_config.o(.data)
    .data                                    0x20000220   Section        4  stdout.o(.data)
    .bss                                     0x20000224   Section      733  main.o(.bss)
    .bss                                     0x20000504   Section       35  deca_callback.o(.bss)
    .bss                                     0x20000528   Section       56  deca_device.o(.bss)
    dw1000local                              0x20000528   Data          56  deca_device.o(.bss)
    STACK                                    0x20000560   Section     1024  startup_stm32f072xb.o(STACK)

    Global Symbols

    Symbol Name                              Value     Ov Type        Size  Object(Section)

    BuildAttributes$$THM_ISAv3M$S$PE$A:L22$X:L11$S22$IEEE1$IW$USESV6$~STKCKD$USESV7$~SHL$OTIME$ROPI$EBA8$MICROLIB$REQ8$PRES8$EABIv2 0x00000000   Number         0  anon$$obj.o ABSOLUTE
    __ARM_use_no_argv                        0x00000000   Number         0  main.o ABSOLUTE
    _printf_a                                0x00000000   Number         0  stubs.o ABSOLUTE
    _printf_c                                0x00000000   Number         0  stubs.o ABSOLUTE
    _printf_charcount                        0x00000000   Number         0  stubs.o ABSOLUTE
    _printf_d                                0x00000000   Number         0  stubs.o ABSOLUTE
    _printf_e                                0x00000000   Number         0  stubs.o ABSOLUTE
    _printf_f                                0x00000000   Number         0  stubs.o ABSOLUTE
    _printf_flags                            0x00000000   Number         0  stubs.o ABSOLUTE
    _printf_fp_dec                           0x00000000   Number         0  stubs.o ABSOLUTE
    _printf_fp_hex                           0x00000000   Number         0  stubs.o ABSOLUTE
    _printf_g                                0x00000000   Number         0  stubs.o ABSOLUTE
    _printf_i                                0x00000000   Number         0  stubs.o ABSOLUTE
    _printf_int_dec                          0x00000000   Number         0  stubs.o ABSOLUTE
    _printf_l                                0x00000000   Number         0  stubs.o ABSOLUTE
    _printf_lc                               0x00000000   Number         0  stubs.o ABSOLUTE
    _printf_ll                               0x00000000   Number         0  stubs.o ABSOLUTE
    _printf_lld                              0x00000000   Number         0  stubs.o ABSOLUTE
    _printf_lli                              0x00000000   Number         0  stubs.o ABSOLUTE
    _printf_llo                              0x00000000   Number         0  stubs.o ABSOLUTE
    _printf_llu                              0x00000000   Number         0  stubs.o ABSOLUTE
    _printf_llx                              0x00000000   Number         0  stubs.o ABSOLUTE
    _printf_longlong_dec                     0x00000000   Number         0  stubs.o ABSOLUTE
    _printf_longlong_hex                     0x00000000   Number         0  stubs.o ABSOLUTE
    _printf_longlong_oct                     0x00000000   Number         0  stubs.o ABSOLUTE
    _printf_ls                               0x00000000   Number         0  stubs.o ABSOLUTE
    _printf_mbtowc                           0x00000000   Number         0  stubs.o ABSOLUTE
    _printf_n                                0x00000000   Number         0  stubs.o ABSOLUTE
    _printf_o                                0x00000000   Number         0  stubs.o ABSOLUTE
    _printf_p                                0x00000000   Number         0  stubs.o ABSOLUTE
    _printf_percent                          0x00000000   Number         0  stubs.o ABSOLUTE
    _printf_pre_padding                      0x00000000   Number         0  stubs.o ABSOLUTE
    _printf_return_value                     0x00000000   Number         0  stubs.o ABSOLUTE
    _printf_s                                0x00000000   Number         0  stubs.o ABSOLUTE
    _printf_sizespec                         0x00000000   Number         0  stubs.o ABSOLUTE
    _printf_str                              0x00000000   Number         0  stubs.o ABSOLUTE
    _printf_truncate_signed                  0x00000000   Number         0  stubs.o ABSOLUTE
    _printf_truncate_unsigned                0x00000000   Number         0  stubs.o ABSOLUTE
    _printf_u                                0x00000000   Number         0  stubs.o ABSOLUTE
    _printf_wc                               0x00000000   Number         0  stubs.o ABSOLUTE
    _printf_wctomb                           0x00000000   Number         0  stubs.o ABSOLUTE
    _printf_widthprec                        0x00000000   Number         0  stubs.o ABSOLUTE
    _printf_x                                0x00000000   Number         0  stubs.o ABSOLUTE
    __cpp_initialize__aeabi_                  - Undefined Weak Reference
    __cxa_finalize                            - Undefined Weak Reference
    _clock_init                               - Undefined Weak Reference
    _microlib_exit                            - Undefined Weak Reference
    __Vectors_Size                           0x000000c0   Number         0  startup_stm32f072xb.o ABSOLUTE
    __Vectors                                0x08000000   Data           4  startup_stm32f072xb.o(RESET)
    __Vectors_End                            0x080000c0   Data           0  startup_stm32f072xb.o(RESET)
    __main                                   0x080000c1   Thumb Code     0  entry.o(.ARM.Collect$$$$00000000)
    _main_stk                                0x080000c1   Thumb Code     0  entry2.o(.ARM.Collect$$$$00000001)
    _main_scatterload                        0x080000c5   Thumb Code     0  entry5.o(.ARM.Collect$$$$00000004)
    __main_after_scatterload                 0x080000c9   Thumb Code     0  entry5.o(.ARM.Collect$$$$00000004)
    _main_clock                              0x080000c9   Thumb Code     0  entry7b.o(.ARM.Collect$$$$00000008)
    _main_cpp_init                           0x080000c9   Thumb Code     0  entry8b.o(.ARM.Collect$$$$0000000A)
    _main_init                               0x080000c9   Thumb Code     0  entry9a.o(.ARM.Collect$$$$0000000B)
    __rt_final_cpp                           0x080000d1   Thumb Code     0  entry10a.o(.ARM.Collect$$$$0000000D)
    __rt_final_exit                          0x080000d1   Thumb Code     0  entry11a.o(.ARM.Collect$$$$0000000F)
    Reset_Handler                            0x080000d5   Thumb Code     8  startup_stm32f072xb.o(.text)
    ADC1_COMP_IRQHandler                     0x080000e7   Thumb Code     0  startup_stm32f072xb.o(.text)
    CEC_CAN_IRQHandler                       0x080000e7   Thumb Code     0  startup_stm32f072xb.o(.text)
    DMA1_Channel1_IRQHandler                 0x080000e7   Thumb Code     0  startup_stm32f072xb.o(.text)
    DMA1_Channel2_3_IRQHandler               0x080000e7   Thumb Code     0  startup_stm32f072xb.o(.text)
    DMA1_Channel4_5_6_7_IRQHandler           0x080000e7   Thumb Code     0  startup_stm32f072xb.o(.text)
    EXTI4_15_IRQHandler                      0x080000e7   Thumb Code     0  startup_stm32f072xb.o(.text)
    FLASH_IRQHandler                         0x080000e7   Thumb Code     0  startup_stm32f072xb.o(.text)
    I2C1_IRQHandler                          0x080000e7   Thumb Code     0  startup_stm32f072xb.o(.text)
    I2C2_IRQHandler                          0x080000e7   Thumb Code     0  startup_stm32f072xb.o(.text)
    PVD_VDDIO2_IRQHandler                    0x080000e7   Thumb Code     0  startup_stm32f072xb.o(.text)
    RCC_CRS_IRQHandler                       0x080000e7   Thumb Code     0  startup_stm32f072xb.o(.text)
    RTC_IRQHandler                           0x080000e7   Thumb Code     0  startup_stm32f072xb.o(.text)
    SPI1_IRQHandler                          0x080000e7   Thumb Code     0  startup_stm32f072xb.o(.text)
    SPI2_IRQHandler                          0x080000e7   Thumb Code     0  startup_stm32f072xb.o(.text)
    TIM15_IRQHandler                         0x080000e7   Thumb Code     0  startup_stm32f072xb.o(.text)
    TIM16_IRQHandler                         0x080000e7   Thumb Code     0  startup_stm32f072xb.o(.text)
    TIM17_IRQHandler                         0x080000e7   Thumb Code     0  startup_stm32f072xb.o(.text)
    TIM1_BRK_UP_TRG_COM_IRQHandler           0x080000e7   Thumb Code     0  startup_stm32f072xb.o(.text)
    TIM1_CC_IRQHandler                       0x080000e7   Thumb Code     0  startup_stm32f072xb.o(.text)
    TIM2_IRQHandler                          0x080000e7   Thumb Code     0  startup_stm32f072xb.o(.text)
    TIM3_IRQHandler                          0x080000e7   Thumb Code     0  startup_stm32f072xb.o(.text)
    TIM6_DAC_IRQHandler                      0x080000e7   Thumb Code     0  startup_stm32f072xb.o(.text)
    TIM7_IRQHandler                          0x080000e7   Thumb Code     0  startup_stm32f072xb.o(.text)
    TSC_IRQHandler                           0x080000e7   Thumb Code     0  startup_stm32f072xb.o(.text)
    USART2_IRQHandler                        0x080000e7   Thumb Code     0  startup_stm32f072xb.o(.text)
    USART3_4_IRQHandler                      0x080000e7   Thumb Code     0  startup_stm32f072xb.o(.text)
    USB_IRQHandler                           0x080000e7   Thumb Code     0  startup_stm32f072xb.o(.text)
    WWDG_IRQHandler                          0x080000e7   Thumb Code     0  startup_stm32f072xb.o(.text)
    __aeabi_uidiv                            0x080000f1   Thumb Code     0  uidiv.o(.text)
    __aeabi_uidivmod                         0x080000f1   Thumb Code    44  uidiv.o(.text)
    __aeabi_llsr                             0x0800011d   Thumb Code    34  llushr.o(.text)
    _ll_ushift_r                             0x0800011d   Thumb Code     0  llushr.o(.text)
    __aeabi_memcpy                           0x0800013f   Thumb Code    36  memcpya.o(.text)
    __aeabi_memcpy4                          0x0800013f   Thumb Code     0  memcpya.o(.text)
    __aeabi_memcpy8                          0x0800013f   Thumb Code     0  memcpya.o(.text)
    __aeabi_memset                           0x08000163   Thumb Code    14  memseta.o(.text)
    __aeabi_memset4                          0x08000163   Thumb Code     0  memseta.o(.text)
    __aeabi_memset8                          0x08000163   Thumb Code     0  memseta.o(.text)
    __aeabi_memclr                           0x08000171   Thumb Code     4  memseta.o(.text)
    __aeabi_memclr4                          0x08000171   Thumb Code     0  memseta.o(.text)
    __aeabi_memclr8                          0x08000171   Thumb Code     0  memseta.o(.text)
    _memset$wrapper                          0x08000175   Thumb Code    18  memseta.o(.text)
    __aeabi_cdrcmple                         0x08000189   Thumb Code    38  cdrcmple.o(.text)
    __aeabi_uldivmod                         0x080001b1   Thumb Code    96  uldiv.o(.text)
    __aeabi_llsl                             0x08000211   Thumb Code    32  llshl.o(.text)
    _ll_shift_l                              0x08000211   Thumb Code     0  llshl.o(.text)
    __I$use$fp                               0x08000231   Thumb Code     0  iusefp.o(.text)
    _double_round                            0x08000231   Thumb Code    26  depilogue.o(.text)
    _double_epilogue                         0x0800024b   Thumb Code   164  depilogue.o(.text)
    __aeabi_dadd                             0x080002f1   Thumb Code   328  dadd.o(.text)
    __aeabi_dsub                             0x08000439   Thumb Code    12  dadd.o(.text)
    __aeabi_drsub                            0x08000445   Thumb Code    12  dadd.o(.text)
    __aeabi_dmul                             0x08000455   Thumb Code   202  dmul.o(.text)
    __aeabi_ddiv                             0x08000525   Thumb Code   234  ddiv.o(.text)
    __aeabi_d2ulz                            0x08000615   Thumb Code    54  dfixul.o(.text)
    __scatterload                            0x08000655   Thumb Code    28  init.o(.text)
    __scatterload_rt2                        0x08000655   Thumb Code     0  init.o(.text)
    __aeabi_lasr                             0x08000679   Thumb Code    38  llsshr.o(.text)
    _ll_sshift_r                             0x08000679   Thumb Code     0  llsshr.o(.text)
    __decompress                             0x0800069f   Thumb Code     0  __dczerorl2.o(.text)
    __decompress1                            0x0800069f   Thumb Code    86  __dczerorl2.o(.text)
    Delay_ms                                 0x080006f5   Thumb Code    82  delay.o(i.Delay_ms)
    Delay_us                                 0x08000751   Thumb Code    80  delay.o(i.Delay_us)
    EXTI0_1_IRQHandler                       0x080007a9   Thumb Code    66  stm32f0xx_it.o(i.EXTI0_1_IRQHandler)
    EXTI2_3_IRQHandler                       0x08000859   Thumb Code    70  stm32f0xx_it.o(i.EXTI2_3_IRQHandler)
    Error_Handler                            0x08000909   Thumb Code     4  main.o(i.Error_Handler)
    HAL_Delay                                0x0800090d   Thumb Code    12  delay.o(i.HAL_Delay)
    HAL_GPIO_Init                            0x08000919   Thumb Code   480  stm32f0xx_hal_gpio.o(i.HAL_GPIO_Init)
    HAL_GPIO_ReadPin                         0x08000b15   Thumb Code    18  stm32f0xx_hal_gpio.o(i.HAL_GPIO_ReadPin)
    HAL_GPIO_WritePin                        0x08000b27   Thumb Code    12  stm32f0xx_hal_gpio.o(i.HAL_GPIO_WritePin)
    HAL_GetTick                              0x08000b35   Thumb Code     6  stm32f0xx_hal.o(i.HAL_GetTick)
    HAL_IncTick                              0x08000b41   Thumb Code    12  stm32f0xx_hal.o(i.HAL_IncTick)
    HAL_Init                                 0x08000b51   Thumb Code    28  stm32f0xx_hal.o(i.HAL_Init)
    HAL_InitTick                             0x08000b71   Thumb Code    38  stm32f0xx_hal.o(i.HAL_InitTick)
    HAL_MspInit                              0x08000b99   Thumb Code    62  stm32f0xx_hal_msp.o(i.HAL_MspInit)
    HAL_NVIC_EnableIRQ                       0x08000bdd   Thumb Code    18  stm32f0xx_hal_cortex.o(i.HAL_NVIC_EnableIRQ)
    HAL_NVIC_SetPriority                     0x08000bf5   Thumb Code    18  stm32f0xx_hal_cortex.o(i.HAL_NVIC_SetPriority)
    HAL_RCCEx_PeriphCLKConfig                0x08000c09   Thumb Code   406  stm32f0xx_hal_rcc_ex.o(i.HAL_RCCEx_PeriphCLKConfig)
    HAL_RCC_ClockConfig                      0x08000dad   Thumb Code   444  stm32f0xx_hal_rcc.o(i.HAL_RCC_ClockConfig)
    HAL_RCC_GetHCLKFreq                      0x08000f7d   Thumb Code     6  stm32f0xx_hal_rcc.o(i.HAL_RCC_GetHCLKFreq)
    HAL_RCC_GetPCLK1Freq                     0x08000f89   Thumb Code    26  stm32f0xx_hal_rcc.o(i.HAL_RCC_GetPCLK1Freq)
    HAL_RCC_GetSysClockFreq                  0x08000fad   Thumb Code   194  stm32f0xx_hal_rcc.o(i.HAL_RCC_GetSysClockFreq)
    HAL_RCC_OscConfig                        0x0800109d   Thumb Code  1532  stm32f0xx_hal_rcc.o(i.HAL_RCC_OscConfig)
    HAL_SPIEx_FlushRxFifo                    0x0800169d   Thumb Code    46  stm32f0xx_hal_spi_ex.o(i.HAL_SPIEx_FlushRxFifo)
    HAL_SPI_Init                             0x080016cd   Thumb Code   234  stm32f0xx_hal_spi.o(i.HAL_SPI_Init)
    HAL_SPI_MspInit                          0x080017bd   Thumb Code   146  stm32f0xx_hal_msp.o(i.HAL_SPI_MspInit)
    HAL_SPI_Receive                          0x08001861   Thumb Code   694  stm32f0xx_hal_spi.o(i.HAL_SPI_Receive)
    HAL_SPI_Transmit                         0x08001b21   Thumb Code   454  stm32f0xx_hal_spi.o(i.HAL_SPI_Transmit)
    HAL_SPI_TransmitReceive                  0x08001ced   Thumb Code   892  stm32f0xx_hal_spi.o(i.HAL_SPI_TransmitReceive)
    HAL_SYSTICK_CLKSourceConfig              0x08002071   Thumb Code    32  stm32f0xx_hal_cortex.o(i.HAL_SYSTICK_CLKSourceConfig)
    HAL_SYSTICK_Callback                     0x08002095   Thumb Code     2  stm32f0xx_hal_cortex.o(i.HAL_SYSTICK_Callback)
    HAL_SYSTICK_Config                       0x08002099   Thumb Code    46  stm32f0xx_hal_cortex.o(i.HAL_SYSTICK_Config)
    HAL_SYSTICK_IRQHandler                   0x080020d1   Thumb Code     8  stm32f0xx_hal_cortex.o(i.HAL_SYSTICK_IRQHandler)
    HAL_TIMEx_BreakCallback                  0x080020d9   Thumb Code     2  stm32f0xx_hal_tim_ex.o(i.HAL_TIMEx_BreakCallback)
    HAL_TIMEx_CommutationCallback            0x080020db   Thumb Code     2  stm32f0xx_hal_tim_ex.o(i.HAL_TIMEx_CommutationCallback)
    HAL_TIM_Base_Init                        0x080020dd   Thumb Code    56  stm32f0xx_hal_tim.o(i.HAL_TIM_Base_Init)
    HAL_TIM_Base_MspInit                     0x08002115   Thumb Code    68  stm32f0xx_hal_msp.o(i.HAL_TIM_Base_MspInit)
    HAL_TIM_IC_CaptureCallback               0x08002161   Thumb Code     2  stm32f0xx_hal_tim.o(i.HAL_TIM_IC_CaptureCallback)
    HAL_TIM_IRQHandler                       0x08002163   Thumb Code   456  stm32f0xx_hal_tim.o(i.HAL_TIM_IRQHandler)
    HAL_TIM_OC_DelayElapsedCallback          0x0800232b   Thumb Code     2  stm32f0xx_hal_tim.o(i.HAL_TIM_OC_DelayElapsedCallback)
    HAL_TIM_PWM_PulseFinishedCallback        0x0800232d   Thumb Code     2  stm32f0xx_hal_tim.o(i.HAL_TIM_PWM_PulseFinishedCallback)
    HAL_TIM_PeriodElapsedCallback            0x08002331   Thumb Code   296  stm32f0xx_it.o(i.HAL_TIM_PeriodElapsedCallback)
    HAL_TIM_TriggerCallback                  0x08002491   Thumb Code     2  stm32f0xx_hal_tim.o(i.HAL_TIM_TriggerCallback)
    HAL_UARTEx_WakeupCallback                0x08002493   Thumb Code     2  stm32f0xx_hal_uart_ex.o(i.HAL_UARTEx_WakeupCallback)
    HAL_UART_ErrorCallback                   0x08002495   Thumb Code     2  stm32f0xx_hal_uart.o(i.HAL_UART_ErrorCallback)
    HAL_UART_IRQHandler                      0x08002497   Thumb Code   314  stm32f0xx_hal_uart.o(i.HAL_UART_IRQHandler)
    HAL_UART_Init                            0x080025d1   Thumb Code   130  stm32f0xx_hal_uart.o(i.HAL_UART_Init)
    HAL_UART_MspInit                         0x08002655   Thumb Code    98  stm32f0xx_hal_msp.o(i.HAL_UART_MspInit)
    HAL_UART_Receive_IT                      0x080026c1   Thumb Code   244  stm32f0xx_hal_uart.o(i.HAL_UART_Receive_IT)
    HAL_UART_RxCpltCallback                  0x080027b9   Thumb Code    56  stm32f0xx_it.o(i.HAL_UART_RxCpltCallback)
    HAL_UART_Transmit                        0x08002819   Thumb Code   226  stm32f0xx_hal_uart.o(i.HAL_UART_Transmit)
    HAL_UART_TxCpltCallback                  0x080028fb   Thumb Code     2  stm32f0xx_hal_uart.o(i.HAL_UART_TxCpltCallback)
    HardFault_Handler                        0x080028fd   Thumb Code     4  stm32f0xx_it.o(i.HardFault_Handler)
    NMI_Handler                              0x08002c05   Thumb Code     2  stm32f0xx_it.o(i.NMI_Handler)
    NRF24L01_RX_Mode                         0x08002c09   Thumb Code   106  rf24l01.o(i.NRF24L01_RX_Mode)
    NRF24L01_Read_Buf                        0x08002c7d   Thumb Code    64  rf24l01.o(i.NRF24L01_Read_Buf)
    NRF24L01_Read_Reg                        0x08002cbd   Thumb Code    48  rf24l01.o(i.NRF24L01_Read_Reg)
    NRF24L01_RxPacket                        0x08002ced   Thumb Code    54  rf24l01.o(i.NRF24L01_RxPacket)
    NRF24L01_TX_Mode                         0x08002d25   Thumb Code   116  rf24l01.o(i.NRF24L01_TX_Mode)
    NRF24L01_Write_Buf                       0x08002da5   Thumb Code    64  rf24l01.o(i.NRF24L01_Write_Buf)
    NRF24L01_Write_Reg                       0x08002de5   Thumb Code    48  rf24l01.o(i.NRF24L01_Write_Reg)
    NRF_Test                                 0x08002e15   Thumb Code   116  testing.o(i.NRF_Test)
    PendSV_Handler                           0x08002f19   Thumb Code     2  stm32f0xx_it.o(i.PendSV_Handler)
    Read_status                              0x08002f1d   Thumb Code    22  testing.o(i.Read_status)
    SPI_RF_SendByte                          0x08003009   Thumb Code    42  rf24l01.o(i.SPI_RF_SendByte)
    SVC_Handler                              0x080031a5   Thumb Code     2  stm32f0xx_it.o(i.SVC_Handler)
    Start_dwrx                               0x080031a7   Thumb Code    10  testing.o(i.Start_dwrx)
    SysTick_Handler                          0x080031b1   Thumb Code    12  stm32f0xx_it.o(i.SysTick_Handler)
    SystemClock_Config                       0x080031bd   Thumb Code   138  main.o(i.SystemClock_Config)
    SystemInit                               0x08003249   Thumb Code   102  system_stm32f0xx.o(i.SystemInit)
    TIM14_IRQHandler                         0x080032c1   Thumb Code    10  stm32f0xx_it.o(i.TIM14_IRQHandler)
    TIM_Base_SetConfig                       0x080032d1   Thumb Code   140  stm32f0xx_hal_tim.o(i.TIM_Base_SetConfig)
    UART_AdvFeatureConfig                    0x08003375   Thumb Code   240  stm32f0xx_hal_uart.o(i.UART_AdvFeatureConfig)
    UART_CheckIdleState                      0x08003465   Thumb Code   116  stm32f0xx_hal_uart.o(i.UART_CheckIdleState)
    UART_EndTransmit_IT                      0x080034e1   Thumb Code    32  stm32f0xx_hal_uart.o(i.UART_EndTransmit_IT)
    UART_Receive_IT                          0x08003501   Thumb Code   156  stm32f0xx_hal_uart.o(i.UART_Receive_IT)
    UART_SetConfig                           0x0800359d   Thumb Code   528  stm32f0xx_hal_uart.o(i.UART_SetConfig)
    UART_Transmit_IT                         0x080037d1   Thumb Code   114  stm32f0xx_hal_uart.o(i.UART_Transmit_IT)
    UART_WaitOnFlagUntilTimeout              0x08003843   Thumb Code   262  stm32f0xx_hal_uart.o(i.UART_WaitOnFlagUntilTimeout)
    USART1_IRQHandler                        0x08003949   Thumb Code    40  stm32f0xx_it.o(i.USART1_IRQHandler)
    __0printf                                0x0800397d   Thumb Code    24  printfa.o(i.__0printf)
    __1printf                                0x0800397d   Thumb Code     0  printfa.o(i.__0printf)
    __2printf                                0x0800397d   Thumb Code     0  printfa.o(i.__0printf)
    __c89printf                              0x0800397d   Thumb Code     0  printfa.o(i.__0printf)
    printf                                   0x0800397d   Thumb Code     0  printfa.o(i.__0printf)
    __ARM_clz                                0x0800399d   Thumb Code    46  depilogue.o(i.__ARM_clz)
    __ARM_common_switch8                     0x080039cb   Thumb Code    28  stm32f0xx_hal_tim.o(i.__ARM_common_switch8)
    __scatterload_copy                       0x080039e7   Thumb Code    14  handlers.o(i.__scatterload_copy)
    __scatterload_null                       0x080039f5   Thumb Code     2  handlers.o(i.__scatterload_null)
    __scatterload_zeroinit                   0x080039f7   Thumb Code    14  handlers.o(i.__scatterload_zeroinit)
    _dwt_aonarrayupload                      0x08003a05   Thumb Code    24  deca_device.o(i._dwt_aonarrayupload)
    _dwt_configlde                           0x08003a1d   Thumb Code    42  deca_device.o(i._dwt_configlde)
    _dwt_disablesequencing                   0x08003a59   Thumb Code    20  deca_device.o(i._dwt_disablesequencing)
    _dwt_enableclocks                        0x08003a6d   Thumb Code   236  deca_device.o(i._dwt_enableclocks)
    _dwt_loaducodefromrom                    0x08003b59   Thumb Code    34  deca_device.o(i._dwt_loaducodefromrom)
    _dwt_otpread                             0x08003b7b   Thumb Code    48  deca_device.o(i._dwt_otpread)
    deca_sleep                               0x0800443d   Thumb Code    12  deca_sleep.o(i.deca_sleep)
    decamutexoff                             0x08004449   Thumb Code     8  deca_mutex.o(i.decamutexoff)
    decamutexon                              0x08004451   Thumb Code     6  deca_mutex.o(i.decamutexon)
    delay_init                               0x08004459   Thumb Code    52  delay.o(i.delay_init)
    dwt_configure                            0x080044a1   Thumb Code   516  deca_device.o(i.dwt_configure)
    dwt_configuresleep                       0x080046dd   Thumb Code    34  deca_device.o(i.dwt_configuresleep)
    dwt_enableautoack                        0x08004705   Thumb Code    42  deca_device.o(i.dwt_enableautoack)
    dwt_entersleep                           0x08004735   Thumb Code     8  deca_device.o(i.dwt_entersleep)
    dwt_forcetrxoff                          0x0800473d   Thumb Code    76  deca_device.o(i.dwt_forcetrxoff)
    dwt_initialise                           0x08004791   Thumb Code   244  deca_device.o(i.dwt_initialise)
    dwt_isr                                  0x08004891   Thumb Code   358  deca_device.o(i.dwt_isr)
    dwt_read16bitoffsetreg                   0x08004a01   Thumb Code    38  deca_device.o(i.dwt_read16bitoffsetreg)
    dwt_read32bitoffsetreg                   0x08004a27   Thumb Code    42  deca_device.o(i.dwt_read32bitoffsetreg)
    dwt_read8bitoffsetreg                    0x08004a51   Thumb Code    24  deca_device.o(i.dwt_read8bitoffsetreg)
    dwt_readdevid                            0x08004a69   Thumb Code    12  deca_device.o(i.dwt_readdevid)
    dwt_readfromdevice                       0x08004a75   Thumb Code    80  deca_device.o(i.dwt_readfromdevice)
    dwt_readrxdata                           0x08004ac5   Thumb Code    22  deca_device.o(i.dwt_readrxdata)
    dwt_readrxtimestamp                      0x08004adb   Thumb Code    18  deca_device.o(i.dwt_readrxtimestamp)
    dwt_rxenable                             0x08004aed   Thumb Code   102  deca_device.o(i.dwt_rxenable)
    dwt_rxreset                              0x08004b53   Thumb Code    24  deca_device.o(i.dwt_rxreset)
    dwt_setaddress16                         0x08004b6b   Thumb Code    16  deca_device.o(i.dwt_setaddress16)
    dwt_setcallbacks                         0x08004b7d   Thumb Code    14  deca_device.o(i.dwt_setcallbacks)
    dwt_seteui                               0x08004b91   Thumb Code    18  deca_device.o(i.dwt_seteui)
    dwt_setinterrupt                         0x08004ba3   Thumb Code    58  deca_device.o(i.dwt_setinterrupt)
    dwt_setpanid                             0x08004bdd   Thumb Code    16  deca_device.o(i.dwt_setpanid)
    dwt_setrxaftertxdelay                    0x08004bed   Thumb Code    36  deca_device.o(i.dwt_setrxaftertxdelay)
    dwt_setrxantennadelay                    0x08004c11   Thumb Code    16  deca_device.o(i.dwt_setrxantennadelay)
    dwt_setrxtimeout                         0x08004c25   Thumb Code    90  deca_device.o(i.dwt_setrxtimeout)
    dwt_settxantennadelay                    0x08004c85   Thumb Code    16  deca_device.o(i.dwt_settxantennadelay)
    dwt_setxtaltrim                          0x08004c95   Thumb Code    26  deca_device.o(i.dwt_setxtaltrim)
    dwt_softreset                            0x08004cb1   Thumb Code    64  deca_device.o(i.dwt_softreset)
    dwt_syncrxbufptrs                        0x08004cf5   Thumb Code    38  deca_device.o(i.dwt_syncrxbufptrs)
    dwt_write16bitoffsetreg                  0x08004d1b   Thumb Code    30  deca_device.o(i.dwt_write16bitoffsetreg)
    dwt_write32bitoffsetreg                  0x08004d39   Thumb Code    38  deca_device.o(i.dwt_write32bitoffsetreg)
    dwt_write8bitoffsetreg                   0x08004d5f   Thumb Code    20  deca_device.o(i.dwt_write8bitoffsetreg)
    dwt_writetodevice                        0x08004d73   Thumb Code   100  deca_device.o(i.dwt_writetodevice)
    fputc                                    0x08004dd9   Thumb Code    26  stm32f0xx_hal_msp.o(i.fputc)
    get_rx_timestamp_u64                     0x08004df9   Thumb Code    46  deca_callback.o(i.get_rx_timestamp_u64)
    going                                    0x08004e29   Thumb Code     8  testing.o(i.going)
    main                                     0x08004e35   Thumb Code   404  main.o(i.main)
    port_set_deca_isr                        0x08005085   Thumb Code     6  dw1000.o(i.port_set_deca_isr)
    read_addr                                0x08005091   Thumb Code     6  usmart.o(i.read_addr)
    readfromspi                              0x08005099   Thumb Code    82  deca_spi.o(i.readfromspi)
    reset_DW1000                             0x080050f5   Thumb Code    66  dw1000.o(i.reset_DW1000)
    rx_err_cb                                0x0800513d   Thumb Code    12  deca_callback.o(i.rx_err_cb)
    rx_ok_cb                                 0x08005149   Thumb Code    88  deca_callback.o(i.rx_ok_cb)
    rx_to_cb                                 0x080051ad   Thumb Code     8  deca_callback.o(i.rx_to_cb)
    tx_conf_cb                               0x080051b9   Thumb Code     8  deca_callback.o(i.tx_conf_cb)
    unlockflash                              0x080051c5   Thumb Code    12  testing.o(i.unlockflash)
    usmart_cmd_rec                           0x080051f1   Thumb Code   176  usmart.o(i.usmart_cmd_rec)
    usmart_exe                               0x080052a5   Thumb Code   672  usmart.o(i.usmart_exe)
    usmart_get_aparm                         0x080055a1   Thumb Code   214  usmart_str.o(i.usmart_get_aparm)
    usmart_get_cmdname                       0x08005677   Thumb Code    54  usmart_str.o(i.usmart_get_cmdname)
    usmart_get_fname                         0x080056ad   Thumb Code   462  usmart_str.o(i.usmart_get_fname)
    usmart_get_fparam                        0x08005885   Thumb Code   266  usmart_str.o(i.usmart_get_fparam)
    usmart_get_parmpos                       0x08005995   Thumb Code    26  usmart_str.o(i.usmart_get_parmpos)
    usmart_get_runtime                       0x080059b5   Thumb Code    42  usmart.o(i.usmart_get_runtime)
    usmart_init                              0x080059ed   Thumb Code     8  usmart.o(i.usmart_init)
    usmart_pow                               0x080059f9   Thumb Code    26  usmart_str.o(i.usmart_pow)
    usmart_reset_runtime                     0x08005a15   Thumb Code    28  usmart.o(i.usmart_reset_runtime)
    usmart_scan                              0x08005a3d   Thumb Code   136  usmart.o(i.usmart_scan)
    usmart_search_nextc                      0x08005b09   Thumb Code    22  usmart_str.o(i.usmart_search_nextc)
    usmart_str2num                           0x08005b1f   Thumb Code   208  usmart_str.o(i.usmart_str2num)
    usmart_strcmp                            0x08005bef   Thumb Code    36  usmart_str.o(i.usmart_strcmp)
    usmart_strcopy                           0x08005c13   Thumb Code    24  usmart_str.o(i.usmart_strcopy)
    usmart_strlen                            0x08005c2b   Thumb Code    26  usmart_str.o(i.usmart_strlen)
    usmart_sys_cmd_exe                       0x08005c45   Thumb Code  1566  usmart.o(i.usmart_sys_cmd_exe)
    write_addr                               0x08006339   Thumb Code     4  usmart.o(i.write_addr)
    writetospi                               0x0800633d   Thumb Code   104  deca_spi.o(i.writetospi)
    AHBPrescTable                            0x080063ac   Data          16  system_stm32f0xx.o(.constdata)
    APBPrescTable                            0x080063bc   Data           8  system_stm32f0xx.o(.constdata)
    chan_idx                                 0x080063c4   Data           8  deca_params_init.o(.constdata)
    tx_config                                0x080063cc   Data          24  deca_params_init.o(.constdata)
    fs_pll_cfg                               0x080063e4   Data          24  deca_params_init.o(.constdata)
    fs_pll_tune                              0x080063fc   Data           6  deca_params_init.o(.constdata)
    rx_config                                0x08006402   Data           2  deca_params_init.o(.constdata)
    agc_config                               0x08006404   Data           8  deca_params_init.o(.constdata)
    dwnsSFDlen                               0x0800640c   Data           3  deca_params_init.o(.constdata)
    sftsh                                    0x08006410   Data          12  deca_params_init.o(.constdata)
    dtune1                                   0x0800641c   Data           4  deca_params_init.o(.constdata)
    digital_bb_config                        0x08006420   Data          32  deca_params_init.o(.constdata)
    lde_replicaCoeff                         0x08006440   Data          50  deca_params_init.o(.constdata)
    TX_ADDRESS                               0x08006472   Data           5  rf24l01.o(.constdata)
    RX_ADDRESS                               0x08006477   Data           5  rf24l01.o(.constdata)
    Region$$Table$$Base                      0x0800657c   Number         0  anon$$obj.o(Region$$Table)
    Region$$Table$$Limit                     0x0800659c   Number         0  anon$$obj.o(Region$$Table)
    uwTick                                   0x20000000   Data           4  stm32f0xx_hal.o(.data)
    SystemCoreClock                          0x20000004   Data           4  system_stm32f0xx.o(.data)
    aTxBuffer                                0x20000024   Data           1  main.o(.data)
    aRxBuffer                                0x20000025   Data           1  main.o(.data)
    SenLsta                                  0x20000026   Data           1  main.o(.data)
    SenRsta                                  0x20000027   Data           1  main.o(.data)
    USART_tmp                                0x20000028   Data           1  main.o(.data)
    localtime                                0x2000002c   Data           4  main.o(.data)
    tx_poll_time                             0x20000030   Data          12  main.o(.data)
    tx_poll_msg                              0x2000003c   Data          14  main.o(.data)
    tx_TOAdata                               0x2000004a   Data          24  main.o(.data)
    rxTime                                   0x20000098   Data           8  main.o(.data)
    dw_txseq_num                             0x200000a0   Data           1  main.o(.data)
    USART_STA                                0x200000a2   Data           2  main.o(.data)
    ACtime                                   0x200000a4   Data           4  main.o(.data)
    newdata                                  0x200000a8   Data           1  main.o(.data)
    dwiswake                                 0x200000a9   Data           1  main.o(.data)
    TBsynctime                               0x200000aa   Data           2  main.o(.data)
    tim14_int                                0x200000ac   Data           1  main.o(.data)
    triggle                                  0x200000ad   Data           1  main.o(.data)
    tmp                                      0x200000ae   Data           5  main.o(.data)
    tx_timestamp                             0x200000b8   Data           8  deca_callback.o(.data)
    rx_timestamp                             0x200000c0   Data           8  deca_callback.o(.data)
    isframe_sent                             0x200000c8   Data           1  deca_callback.o(.data)
    istxframe_acked                          0x200000c9   Data           1  deca_callback.o(.data)
    isreceive_To                             0x200000ca   Data           1  deca_callback.o(.data)
    isframe_rec                              0x200000cb   Data           1  deca_callback.o(.data)
    isack_sent                               0x200000cc   Data           1  deca_callback.o(.data)
    port_deca_isr                            0x200000d0   Data           4  dw1000.o(.data)
    nrfsta                                   0x200000d4   Data           1  rf24l01.o(.data)
    TransCop                                 0x200000d5   Data           1  rf24l01.o(.data)
    sys_cmd_tab                              0x200000d8   Data          28  usmart.o(.data)
    usmart_nametab                           0x200000f4   Data          56  usmart_config.o(.data)
    usmart_dev                               0x2000012c   Data         244  usmart_config.o(.data)
    __stdout                                 0x20000220   Data           4  stdout.o(.data)
    hspi1                                    0x20000224   Data         100  main.o(.bss)
    hspi2                                    0x20000288   Data         100  main.o(.bss)
    htim14                                   0x200002ec   Data          60  main.o(.bss)
    huart1                                   0x20000328   Data         112  main.o(.bss)
    Tx_Buffer                                0x20000398   Data          33  main.o(.bss)
    Rx_Buffer                                0x200003b9   Data          33  main.o(.bss)
    nrf_Tx_Buffer                            0x200003da   Data          33  main.o(.bss)
    nrf_Rx_Buffer                            0x200003fb   Data          33  main.o(.bss)
    MPUdatabuff                              0x2000041c   Data         165  main.o(.bss)
    usart_rx_buff                            0x200004c1   Data          64  main.o(.bss)
    rx_buffer                                0x20000504   Data          35  deca_callback.o(.bss)
    __initial_sp                             0x20000960   Data           0  startup_stm32f072xb.o(STACK)



==============================================================================

Memory Map of the image

  Image Entry point : 0x080000c1

  Load Region LR_IROM1 (Base: 0x08000000, Size: 0x000067c0, Max: 0x00020000, ABSOLUTE, COMPRESSED[0x00006640])

    Execution Region ER_IROM1 (Base: 0x08000000, Size: 0x0000659c, Max: 0x00020000, ABSOLUTE)

    Base Addr    Size         Type   Attr      Idx    E Section Name        Object

    0x08000000   0x000000c0   Data   RO         3019    RESET               startup_stm32f072xb.o
    0x080000c0   0x00000000   Code   RO         5140  * .ARM.Collect$$$$00000000  mc_p.l(entry.o)
    0x080000c0   0x00000004   Code   RO         5448    .ARM.Collect$$$$00000001  mc_p.l(entry2.o)
    0x080000c4   0x00000004   Code   RO         5451    .ARM.Collect$$$$00000004  mc_p.l(entry5.o)
    0x080000c8   0x00000000   Code   RO         5453    .ARM.Collect$$$$00000008  mc_p.l(entry7b.o)
    0x080000c8   0x00000000   Code   RO         5455    .ARM.Collect$$$$0000000A  mc_p.l(entry8b.o)
    0x080000c8   0x00000008   Code   RO         5456    .ARM.Collect$$$$0000000B  mc_p.l(entry9a.o)
    0x080000d0   0x00000000   Code   RO         5458    .ARM.Collect$$$$0000000D  mc_p.l(entry10a.o)
    0x080000d0   0x00000000   Code   RO         5460    .ARM.Collect$$$$0000000F  mc_p.l(entry11a.o)
    0x080000d0   0x00000004   Code   RO         5449    .ARM.Collect$$$$00002712  mc_p.l(entry2.o)
    0x080000d4   0x0000001c   Code   RO         3020    .text               startup_stm32f072xb.o
    0x080000f0   0x0000002c   Code   RO         5143    .text               mc_p.l(uidiv.o)
    0x0800011c   0x00000022   Code   RO         5151    .text               mc_p.l(llushr.o)
    0x0800013e   0x00000024   Code   RO         5153    .text               mc_p.l(memcpya.o)
    0x08000162   0x00000024   Code   RO         5155    .text               mc_p.l(memseta.o)
    0x08000186   0x00000002   PAD
    0x08000188   0x00000028   Code   RO         5442    .text               mf_p.l(cdrcmple.o)
    0x080001b0   0x00000060   Code   RO         5463    .text               mc_p.l(uldiv.o)
    0x08000210   0x00000020   Code   RO         5465    .text               mc_p.l(llshl.o)
    0x08000230   0x00000000   Code   RO         5467    .text               mc_p.l(iusefp.o)
    0x08000230   0x000000be   Code   RO         5470    .text               mf_p.l(depilogue.o)
    0x080002ee   0x00000002   PAD
    0x080002f0   0x00000164   Code   RO         5474    .text               mf_p.l(dadd.o)
    0x08000454   0x000000d0   Code   RO         5476    .text               mf_p.l(dmul.o)
    0x08000524   0x000000f0   Code   RO         5478    .text               mf_p.l(ddiv.o)
    0x08000614   0x00000040   Code   RO         5480    .text               mf_p.l(dfixul.o)
    0x08000654   0x00000024   Code   RO         5482    .text               mc_p.l(init.o)
    0x08000678   0x00000026   Code   RO         5484    .text               mc_p.l(llsshr.o)
    0x0800069e   0x00000056   Code   RO         5494    .text               mc_p.l(__dczerorl2.o)
    0x080006f4   0x0000005c   Code   RO         3358    i.Delay_ms          delay.o
    0x08000750   0x00000058   Code   RO         3359    i.Delay_us          delay.o
    0x080007a8   0x00000058   Code   RO         3026    i.EXTI0_1_IRQHandler  stm32f0xx_it.o
    0x08000800   0x00000058   Code   RO         3217    i.EXTI0_1_IRQHandler_Config  main.o
    0x08000858   0x00000058   Code   RO         3027    i.EXTI2_3_IRQHandler  stm32f0xx_it.o
    0x080008b0   0x00000058   Code   RO         3218    i.EXTI2_3_IRQHandler_Config  main.o
    0x08000908   0x00000004   Code   RO         3219    i.Error_Handler     main.o
    0x0800090c   0x0000000c   Code   RO         3360    i.HAL_Delay         delay.o
    0x08000918   0x000001fc   Code   RO         1719    i.HAL_GPIO_Init     stm32f0xx_hal_gpio.o
    0x08000b14   0x00000012   Code   RO         1721    i.HAL_GPIO_ReadPin  stm32f0xx_hal_gpio.o
    0x08000b26   0x0000000c   Code   RO         1723    i.HAL_GPIO_WritePin  stm32f0xx_hal_gpio.o
    0x08000b32   0x00000002   PAD
    0x08000b34   0x0000000c   Code   RO         2032    i.HAL_GetTick       stm32f0xx_hal.o
    0x08000b40   0x00000010   Code   RO         2033    i.HAL_IncTick       stm32f0xx_hal.o
    0x08000b50   0x00000020   Code   RO         2034    i.HAL_Init          stm32f0xx_hal.o
    0x08000b70   0x00000026   Code   RO         2035    i.HAL_InitTick      stm32f0xx_hal.o
    0x08000b96   0x00000002   PAD
    0x08000b98   0x00000044   Code   RO         3154    i.HAL_MspInit       stm32f0xx_hal_msp.o
    0x08000bdc   0x00000018   Code   RO         2574    i.HAL_NVIC_EnableIRQ  stm32f0xx_hal_cortex.o
    0x08000bf4   0x00000012   Code   RO         2578    i.HAL_NVIC_SetPriority  stm32f0xx_hal_cortex.o
    0x08000c06   0x00000002   PAD
    0x08000c08   0x000001a4   Code   RO         1789    i.HAL_RCCEx_PeriphCLKConfig  stm32f0xx_hal_rcc_ex.o
    0x08000dac   0x000001d0   Code   RO         1865    i.HAL_RCC_ClockConfig  stm32f0xx_hal_rcc.o
    0x08000f7c   0x0000000c   Code   RO         1870    i.HAL_RCC_GetHCLKFreq  stm32f0xx_hal_rcc.o
    0x08000f88   0x00000024   Code   RO         1872    i.HAL_RCC_GetPCLK1Freq  stm32f0xx_hal_rcc.o
    0x08000fac   0x000000f0   Code   RO         1873    i.HAL_RCC_GetSysClockFreq  stm32f0xx_hal_rcc.o
    0x0800109c   0x00000600   Code   RO         1876    i.HAL_RCC_OscConfig  stm32f0xx_hal_rcc.o
    0x0800169c   0x0000002e   Code   RO         2966    i.HAL_SPIEx_FlushRxFifo  stm32f0xx_hal_spi_ex.o
    0x080016ca   0x00000002   PAD
    0x080016cc   0x000000f0   Code   RO         2674    i.HAL_SPI_Init      stm32f0xx_hal_spi.o
    0x080017bc   0x000000a4   Code   RO         3156    i.HAL_SPI_MspInit   stm32f0xx_hal_msp.o
    0x08001860   0x000002c0   Code   RO         2677    i.HAL_SPI_Receive   stm32f0xx_hal_spi.o
    0x08001b20   0x000001cc   Code   RO         2682    i.HAL_SPI_Transmit  stm32f0xx_hal_spi.o
    0x08001cec   0x00000384   Code   RO         2683    i.HAL_SPI_TransmitReceive  stm32f0xx_hal_spi.o
    0x08002070   0x00000024   Code   RO         2580    i.HAL_SYSTICK_CLKSourceConfig  stm32f0xx_hal_cortex.o
    0x08002094   0x00000002   Code   RO         2581    i.HAL_SYSTICK_Callback  stm32f0xx_hal_cortex.o
    0x08002096   0x00000002   PAD
    0x08002098   0x00000038   Code   RO         2582    i.HAL_SYSTICK_Config  stm32f0xx_hal_cortex.o
    0x080020d0   0x00000008   Code   RO         2583    i.HAL_SYSTICK_IRQHandler  stm32f0xx_hal_cortex.o
    0x080020d8   0x00000002   Code   RO         2245    i.HAL_TIMEx_BreakCallback  stm32f0xx_hal_tim_ex.o
    0x080020da   0x00000002   Code   RO         2246    i.HAL_TIMEx_CommutationCallback  stm32f0xx_hal_tim_ex.o
    0x080020dc   0x00000038   Code   RO            5    i.HAL_TIM_Base_Init  stm32f0xx_hal_tim.o
    0x08002114   0x0000004c   Code   RO         3158    i.HAL_TIM_Base_MspInit  stm32f0xx_hal_msp.o
    0x08002160   0x00000002   Code   RO           34    i.HAL_TIM_IC_CaptureCallback  stm32f0xx_hal_tim.o
    0x08002162   0x000001c8   Code   RO           47    i.HAL_TIM_IRQHandler  stm32f0xx_hal_tim.o
    0x0800232a   0x00000002   Code   RO           50    i.HAL_TIM_OC_DelayElapsedCallback  stm32f0xx_hal_tim.o
    0x0800232c   0x00000002   Code   RO           77    i.HAL_TIM_PWM_PulseFinishedCallback  stm32f0xx_hal_tim.o
    0x0800232e   0x00000002   PAD
    0x08002330   0x00000160   Code   RO         3028    i.HAL_TIM_PeriodElapsedCallback  stm32f0xx_it.o
    0x08002490   0x00000002   Code   RO           88    i.HAL_TIM_TriggerCallback  stm32f0xx_hal_tim.o
    0x08002492   0x00000002   Code   RO         1963    i.HAL_UARTEx_WakeupCallback  stm32f0xx_hal_uart_ex.o
    0x08002494   0x00000002   Code   RO          986    i.HAL_UART_ErrorCallback  stm32f0xx_hal_uart.o
    0x08002496   0x0000013a   Code   RO          989    i.HAL_UART_IRQHandler  stm32f0xx_hal_uart.o
    0x080025d0   0x00000082   Code   RO          990    i.HAL_UART_Init     stm32f0xx_hal_uart.o
    0x08002652   0x00000002   PAD
    0x08002654   0x0000006c   Code   RO         3160    i.HAL_UART_MspInit  stm32f0xx_hal_msp.o
    0x080026c0   0x000000f8   Code   RO          995    i.HAL_UART_Receive_IT  stm32f0xx_hal_uart.o
    0x080027b8   0x00000060   Code   RO         3029    i.HAL_UART_RxCpltCallback  stm32f0xx_it.o
    0x08002818   0x000000e2   Code   RO          998    i.HAL_UART_Transmit  stm32f0xx_hal_uart.o
    0x080028fa   0x00000002   Code   RO         1001    i.HAL_UART_TxCpltCallback  stm32f0xx_hal_uart.o
    0x080028fc   0x00000004   Code   RO         3030    i.HardFault_Handler  stm32f0xx_it.o
    0x08002900   0x000001e0   Code   RO         3220    i.MX_GPIO_Init      main.o
    0x08002ae0   0x00000054   Code   RO         3221    i.MX_SPI1_Init      main.o
    0x08002b34   0x00000054   Code   RO         3222    i.MX_SPI2_Init      main.o
    0x08002b88   0x00000038   Code   RO         3223    i.MX_TIM14_Init     main.o
    0x08002bc0   0x00000044   Code   RO         3224    i.MX_USART1_UART_Init  main.o
    0x08002c04   0x00000002   Code   RO         3031    i.NMI_Handler       stm32f0xx_it.o
    0x08002c06   0x00000002   PAD
    0x08002c08   0x00000074   Code   RO         4249    i.NRF24L01_RX_Mode  rf24l01.o
    0x08002c7c   0x00000040   Code   RO         4250    i.NRF24L01_Read_Buf  rf24l01.o
    0x08002cbc   0x00000030   Code   RO         4251    i.NRF24L01_Read_Reg  rf24l01.o
    0x08002cec   0x00000036   Code   RO         4252    i.NRF24L01_RxPacket  rf24l01.o
    0x08002d22   0x00000002   PAD
    0x08002d24   0x00000080   Code   RO         4253    i.NRF24L01_TX_Mode  rf24l01.o
    0x08002da4   0x00000040   Code   RO         4255    i.NRF24L01_Write_Buf  rf24l01.o
    0x08002de4   0x00000030   Code   RO         4256    i.NRF24L01_Write_Reg  rf24l01.o
    0x08002e14   0x0000008c   Code   RO         3404    i.NRF_Test          testing.o
    0x08002ea0   0x00000078   Code   RO         2584    i.NVIC_SetPriority  stm32f0xx_hal_cortex.o
    0x08002f18   0x00000002   Code   RO         3032    i.PendSV_Handler    stm32f0xx_it.o
    0x08002f1a   0x00000002   PAD
    0x08002f1c   0x00000020   Code   RO         3405    i.Read_status       testing.o
    0x08002f3c   0x00000088   Code   RO         2708    i.SPI_EndRxTransaction  stm32f0xx_hal_spi.o
    0x08002fc4   0x00000044   Code   RO         2709    i.SPI_EndRxTxTransaction  stm32f0xx_hal_spi.o
    0x08003008   0x00000030   Code   RO         4257    i.SPI_RF_SendByte   rf24l01.o
    0x08003038   0x000000c0   Code   RO         2716    i.SPI_WaitFifoStateUntilTimeout  stm32f0xx_hal_spi.o
    0x080030f8   0x000000ac   Code   RO         2717    i.SPI_WaitFlagStateUntilTimeout  stm32f0xx_hal_spi.o
    0x080031a4   0x00000002   Code   RO         3033    i.SVC_Handler       stm32f0xx_it.o
    0x080031a6   0x0000000a   Code   RO         3406    i.Start_dwrx        testing.o
    0x080031b0   0x0000000c   Code   RO         3034    i.SysTick_Handler   stm32f0xx_it.o
    0x080031bc   0x0000008a   Code   RO         3226    i.SystemClock_Config  main.o
    0x08003246   0x00000002   PAD
    0x08003248   0x00000078   Code   RO         2987    i.SystemInit        system_stm32f0xx.o
    0x080032c0   0x00000010   Code   RO         3035    i.TIM14_IRQHandler  stm32f0xx_it.o
    0x080032d0   0x000000a4   Code   RO           89    i.TIM_Base_SetConfig  stm32f0xx_hal_tim.o
    0x08003374   0x000000f0   Code   RO         1003    i.UART_AdvFeatureConfig  stm32f0xx_hal_uart.o
    0x08003464   0x0000007c   Code   RO         1004    i.UART_CheckIdleState  stm32f0xx_hal_uart.o
    0x080034e0   0x00000020   Code   RO         1010    i.UART_EndTransmit_IT  stm32f0xx_hal_uart.o
    0x08003500   0x0000009c   Code   RO         1011    i.UART_Receive_IT   stm32f0xx_hal_uart.o
    0x0800359c   0x00000234   Code   RO         1012    i.UART_SetConfig    stm32f0xx_hal_uart.o
    0x080037d0   0x00000072   Code   RO         1013    i.UART_Transmit_IT  stm32f0xx_hal_uart.o
    0x08003842   0x00000106   Code   RO         1014    i.UART_WaitOnFlagUntilTimeout  stm32f0xx_hal_uart.o
    0x08003948   0x00000034   Code   RO         3036    i.USART1_IRQHandler  stm32f0xx_it.o
    0x0800397c   0x00000020   Code   RO         5394    i.__0printf         mc_p.l(printfa.o)
    0x0800399c   0x0000002e   Code   RO         5472    i.__ARM_clz         mf_p.l(depilogue.o)
    0x080039ca   0x0000001c   Code   RO          637    i.__ARM_common_switch8  stm32f0xx_hal_tim.o
    0x080039e6   0x0000000e   Code   RO         5488    i.__scatterload_copy  mc_p.l(handlers.o)
    0x080039f4   0x00000002   Code   RO         5489    i.__scatterload_null  mc_p.l(handlers.o)
    0x080039f6   0x0000000e   Code   RO         5490    i.__scatterload_zeroinit  mc_p.l(handlers.o)
    0x08003a04   0x00000018   Code   RO         3688    i._dwt_aonarrayupload  deca_device.o
    0x08003a1c   0x0000003c   Code   RO         3690    i._dwt_configlde    deca_device.o
    0x08003a58   0x00000014   Code   RO         3691    i._dwt_disablesequencing  deca_device.o
    0x08003a6c   0x000000ec   Code   RO         3692    i._dwt_enableclocks  deca_device.o
    0x08003b58   0x00000022   Code   RO         3693    i._dwt_loaducodefromrom  deca_device.o
    0x08003b7a   0x00000030   Code   RO         3695    i._dwt_otpread      deca_device.o
    0x08003baa   0x00000002   PAD
    0x08003bac   0x00000158   Code   RO         5401    i._fp_digits        mc_p.l(printfa.o)
    0x08003d04   0x000006ec   Code   RO         5402    i._printf_core      mc_p.l(printfa.o)
    0x080043f0   0x00000020   Code   RO         5403    i._printf_post_padding  mc_p.l(printfa.o)
    0x08004410   0x0000002c   Code   RO         5404    i._printf_pre_padding  mc_p.l(printfa.o)
    0x0800443c   0x0000000c   Code   RO         3559    i.deca_sleep        deca_sleep.o
    0x08004448   0x00000008   Code   RO         3533    i.decamutexoff      deca_mutex.o
    0x08004450   0x00000006   Code   RO         3534    i.decamutexon       deca_mutex.o
    0x08004456   0x00000002   PAD
    0x08004458   0x00000048   Code   RO         3361    i.delay_init        delay.o
    0x080044a0   0x0000023c   Code   RO         3702    i.dwt_configure     deca_device.o
    0x080046dc   0x00000028   Code   RO         3703    i.dwt_configuresleep  deca_device.o
    0x08004704   0x00000030   Code   RO         3706    i.dwt_enableautoack  deca_device.o
    0x08004734   0x00000008   Code   RO         3708    i.dwt_entersleep    deca_device.o
    0x0800473c   0x00000054   Code   RO         3710    i.dwt_forcetrxoff   deca_device.o
    0x08004790   0x00000100   Code   RO         3715    i.dwt_initialise    deca_device.o
    0x08004890   0x00000170   Code   RO         3716    i.dwt_isr           deca_device.o
    0x08004a00   0x00000026   Code   RO         3722    i.dwt_read16bitoffsetreg  deca_device.o
    0x08004a26   0x0000002a   Code   RO         3723    i.dwt_read32bitoffsetreg  deca_device.o
    0x08004a50   0x00000018   Code   RO         3724    i.dwt_read8bitoffsetreg  deca_device.o
    0x08004a68   0x0000000c   Code   RO         3726    i.dwt_readdevid     deca_device.o
    0x08004a74   0x00000050   Code   RO         3729    i.dwt_readfromdevice  deca_device.o
    0x08004ac4   0x00000016   Code   RO         3730    i.dwt_readrxdata    deca_device.o
    0x08004ada   0x00000012   Code   RO         3731    i.dwt_readrxtimestamp  deca_device.o
    0x08004aec   0x00000066   Code   RO         3742    i.dwt_rxenable      deca_device.o
    0x08004b52   0x00000018   Code   RO         3743    i.dwt_rxreset       deca_device.o
    0x08004b6a   0x00000010   Code   RO         3744    i.dwt_setaddress16  deca_device.o
    0x08004b7a   0x00000002   PAD
    0x08004b7c   0x00000014   Code   RO         3745    i.dwt_setcallbacks  deca_device.o
    0x08004b90   0x00000012   Code   RO         3748    i.dwt_seteui        deca_device.o
    0x08004ba2   0x0000003a   Code   RO         3752    i.dwt_setinterrupt  deca_device.o
    0x08004bdc   0x00000010   Code   RO         3756    i.dwt_setpanid      deca_device.o
    0x08004bec   0x00000024   Code   RO         3758    i.dwt_setrxaftertxdelay  deca_device.o
    0x08004c10   0x00000014   Code   RO         3759    i.dwt_setrxantennadelay  deca_device.o
    0x08004c24   0x00000060   Code   RO         3760    i.dwt_setrxtimeout  deca_device.o
    0x08004c84   0x00000010   Code   RO         3764    i.dwt_settxantennadelay  deca_device.o
    0x08004c94   0x0000001a   Code   RO         3765    i.dwt_setxtaltrim   deca_device.o
    0x08004cae   0x00000002   PAD
    0x08004cb0   0x00000044   Code   RO         3766    i.dwt_softreset     deca_device.o
    0x08004cf4   0x00000026   Code   RO         3769    i.dwt_syncrxbufptrs  deca_device.o
    0x08004d1a   0x0000001e   Code   RO         3770    i.dwt_write16bitoffsetreg  deca_device.o
    0x08004d38   0x00000026   Code   RO         3771    i.dwt_write32bitoffsetreg  deca_device.o
    0x08004d5e   0x00000014   Code   RO         3772    i.dwt_write8bitoffsetreg  deca_device.o
    0x08004d72   0x00000064   Code   RO         3773    i.dwt_writetodevice  deca_device.o
    0x08004dd6   0x00000002   PAD
    0x08004dd8   0x00000020   Code   RO         3161    i.fputc             stm32f0xx_hal_msp.o
    0x08004df8   0x0000002e   Code   RO         3466    i.get_rx_timestamp_u64  deca_callback.o
    0x08004e26   0x00000002   PAD
    0x08004e28   0x0000000c   Code   RO         3407    i.going             testing.o
    0x08004e34   0x00000250   Code   RO         3229    i.main              main.o
    0x08005084   0x0000000c   Code   RO         3630    i.port_set_deca_isr  dw1000.o
    0x08005090   0x00000006   Code   RO         4330    i.read_addr         usmart.o
    0x08005096   0x00000002   PAD
    0x08005098   0x0000005c   Code   RO         3581    i.readfromspi       deca_spi.o
    0x080050f4   0x00000048   Code   RO         3631    i.reset_DW1000      dw1000.o
    0x0800513c   0x0000000c   Code   RO         3468    i.rx_err_cb         deca_callback.o
    0x08005148   0x00000064   Code   RO         3469    i.rx_ok_cb          deca_callback.o
    0x080051ac   0x0000000c   Code   RO         3470    i.rx_to_cb          deca_callback.o
    0x080051b8   0x0000000c   Code   RO         3471    i.tx_conf_cb        deca_callback.o
    0x080051c4   0x0000002c   Code   RO         3408    i.unlockflash       testing.o
    0x080051f0   0x000000b4   Code   RO         4331    i.usmart_cmd_rec    usmart.o
    0x080052a4   0x000002fc   Code   RO         4332    i.usmart_exe        usmart.o
    0x080055a0   0x000000d6   Code   RO         4431    i.usmart_get_aparm  usmart_str.o
    0x08005676   0x00000036   Code   RO         4432    i.usmart_get_cmdname  usmart_str.o
    0x080056ac   0x000001d8   Code   RO         4433    i.usmart_get_fname  usmart_str.o
    0x08005884   0x00000110   Code   RO         4434    i.usmart_get_fparam  usmart_str.o
    0x08005994   0x00000020   Code   RO         4435    i.usmart_get_parmpos  usmart_str.o
    0x080059b4   0x00000038   Code   RO         4333    i.usmart_get_runtime  usmart.o
    0x080059ec   0x0000000c   Code   RO         4334    i.usmart_init       usmart.o
    0x080059f8   0x0000001a   Code   RO         4436    i.usmart_pow        usmart_str.o
    0x08005a12   0x00000002   PAD
    0x08005a14   0x00000028   Code   RO         4335    i.usmart_reset_runtime  usmart.o
    0x08005a3c   0x000000cc   Code   RO         4336    i.usmart_scan       usmart.o
    0x08005b08   0x00000016   Code   RO         4437    i.usmart_search_nextc  usmart_str.o
    0x08005b1e   0x000000d0   Code   RO         4438    i.usmart_str2num    usmart_str.o
    0x08005bee   0x00000024   Code   RO         4439    i.usmart_strcmp     usmart_str.o
    0x08005c12   0x00000018   Code   RO         4440    i.usmart_strcopy    usmart_str.o
    0x08005c2a   0x0000001a   Code   RO         4441    i.usmart_strlen     usmart_str.o
    0x08005c44   0x000006f4   Code   RO         4337    i.usmart_sys_cmd_exe  usmart.o
    0x08006338   0x00000004   Code   RO         4338    i.write_addr        usmart.o
    0x0800633c   0x00000070   Code   RO         3582    i.writetospi        deca_spi.o
    0x080063ac   0x00000018   Data   RO         2988    .constdata          system_stm32f0xx.o
    0x080063c4   0x000000ae   Data   RO         4231    .constdata          deca_params_init.o
    0x08006472   0x0000000a   Data   RO         4258    .constdata          rf24l01.o
    0x0800647c   0x00000028   Data   RO         4339    .conststring        usmart.o
    0x080064a4   0x000000d8   Data   RO         4406    .conststring        usmart_config.o
    0x0800657c   0x00000020   Data   RO         5486    Region$$Table       anon$$obj.o


    Execution Region RW_IRAM1 (Base: 0x20000000, Size: 0x00000960, Max: 0x00004000, ABSOLUTE, COMPRESSED[0x000000a4])

    Base Addr    Size         Type   Attr      Idx    E Section Name        Object

    0x20000000   0x00000004   Data   RW         2040    .data               stm32f0xx_hal.o
    0x20000004   0x00000004   Data   RW         2989    .data               system_stm32f0xx.o
    0x20000008   0x000000ab   Data   RW         3235    .data               main.o
    0x200000b3   0x00000001   PAD
    0x200000b4   0x00000004   Data   RW         3363    .data               delay.o
    0x200000b8   0x00000015   Data   RW         3473    .data               deca_callback.o
    0x200000cd   0x00000003   PAD
    0x200000d0   0x00000004   Data   RW         3633    .data               dw1000.o
    0x200000d4   0x00000002   Data   RW         4259    .data               rf24l01.o
    0x200000d6   0x00000002   PAD
    0x200000d8   0x0000001c   Data   RW         4340    .data               usmart.o
    0x200000f4   0x0000012c   Data   RW         4407    .data               usmart_config.o
    0x20000220   0x00000004   Data   RW         5462    .data               mc_p.l(stdout.o)
    0x20000224   0x000002dd   Zero   RW         3234    .bss                main.o
    0x20000501   0x00000003   PAD
    0x20000504   0x00000023   Zero   RW         3472    .bss                deca_callback.o
    0x20000527   0x00000001   PAD
    0x20000528   0x00000038   Zero   RW         3776    .bss                deca_device.o
    0x20000560   0x00000400   Zero   RW         3017    STACK               startup_stm32f072xb.o


==============================================================================

Image component sizes


      Code (inc. data)   RO Data    RW Data    ZI Data      Debug   Object Name

       182         20          0         21         35       8309   deca_callback.o
      2776        154          0          0         56      23704   deca_device.o
        14          0          0          0          0        953   deca_mutex.o
         0          0        174          0          0       1872   deca_params_init.o
        12          0          0          0          0        517   deca_sleep.o
       204         18          0          0          0       1839   deca_spi.o
       264         38          0          4          0       2211   delay.o
        84         12          0          4          0       1829   dw1000.o
      1682        280          0        171        733       8946   main.o
       570         28         10          2          0       5338   rf24l01.o
        28          8        192          0       1024        576   startup_stm32f072xb.o
        98         14          0          4          0       2935   stm32f0xx_hal.o
       264         30          0          0          0      10347   stm32f0xx_hal_cortex.o
       538         28          0          0          0       2811   stm32f0xx_hal_gpio.o
       448         48          0          0          0       3203   stm32f0xx_hal_msp.o
      2288         98          0          0          0       4933   stm32f0xx_hal_rcc.o
       420         14          0          0          0       1480   stm32f0xx_hal_rcc_ex.o
      2872         40          0          0          0       7914   stm32f0xx_hal_spi.o
        46          0          0          0          0       1064   stm32f0xx_hal_spi_ex.o
       712         24          0          0          0     492535   stm32f0xx_hal_tim.o
         4          0          0          0          0       1458   stm32f0xx_hal_tim_ex.o
      2414         48          0          0          0       9667   stm32f0xx_hal_uart.o
         2          0          0          0          0        892   stm32f0xx_hal_uart_ex.o
       714        154          0          0          0       8858   stm32f0xx_it.o
       120         18         24          4          0       1311   system_stm32f0xx.o
       238         80          0          0          0       5692   testing.o
      3046       1330         40         28          0       6446   usmart.o
         0          0        216        300          0       1624   usmart_config.o
      1386         22          0          0          0       8425   usmart_str.o

    ----------------------------------------------------------------------
     21464       2506        688        544       1852     627689   Object Totals
         0          0         32          0          0          0   (incl. Generated)
        38          0          0          6          4          0   (incl. Padding)

    ----------------------------------------------------------------------

      Code (inc. data)   RO Data    RW Data    ZI Data      Debug   Library Member Name

        86          0          0          0          0          0   __dczerorl2.o
         0          0          0          0          0          0   entry.o
         0          0          0          0          0          0   entry10a.o
         0          0          0          0          0          0   entry11a.o
         8          4          0          0          0          0   entry2.o
         4          0          0          0          0          0   entry5.o
         0          0          0          0          0          0   entry7b.o
         0          0          0          0          0          0   entry8b.o
         8          4          0          0          0          0   entry9a.o
        30          0          0          0          0          0   handlers.o
        36          8          0          0          0         68   init.o
         0          0          0          0          0          0   iusefp.o
        32          0          0          0          0         68   llshl.o
        38          0          0          0          0         68   llsshr.o
        34          0          0          0          0         68   llushr.o
        36          0          0          0          0         60   memcpya.o
        36          0          0          0          0        100   memseta.o
      2224         98          0          0          0        412   printfa.o
         0          0          0          4          0          0   stdout.o
        44          0          0          0          0         72   uidiv.o
        96          0          0          0          0         84   uldiv.o
        40          2          0          0          0         68   cdrcmple.o
       356          4          0          0          0        140   dadd.o
       240          6          0          0          0         84   ddiv.o
       236          0          0          0          0        216   depilogue.o
        64         10          0          0          0         68   dfixul.o
       208          6          0          0          0         88   dmul.o

    ----------------------------------------------------------------------
      3860        142          0          4          0       1664   Library Totals
         4          0          0          0          0          0   (incl. Padding)

    ----------------------------------------------------------------------

      Code (inc. data)   RO Data    RW Data    ZI Data      Debug   Library Name

      2712        114          0          4          0       1000   mc_p.l
      1144         28          0          0          0        664   mf_p.l

    ----------------------------------------------------------------------
      3860        142          0          4          0       1664   Library Totals

    ----------------------------------------------------------------------

==============================================================================


      Code (inc. data)   RO Data    RW Data    ZI Data      Debug   

     25324       2648        688        548       1852     621605   Grand Totals
     25324       2648        688        164       1852     621605   ELF Image Totals (compressed)
     25324       2648        688        164          0          0   ROM Totals

==============================================================================

    Total RO  Size (Code + RO Data)                26012 (  25.40kB)
    Total RW  Size (RW Data + ZI Data)              2400 (   2.34kB)
    Total ROM Size (Code + RO Data + RW Data)      26176 (  25.56kB)

==============================================================================

